Archive member included because of file (symbol)

/Users/owen/gcc-arm-none-eabi-4_8-2014q1/bin/../lib/gcc/arm-none-eabi/4.8.3/../../../../arm-none-eabi/lib/armv6-m/libstdc++_s.a(del_op.o)
                              ./src/OSC/OSCMessage.o (operator delete(void*))
/Users/owen/gcc-arm-none-eabi-4_8-2014q1/bin/../lib/gcc/arm-none-eabi/4.8.3/../../../../arm-none-eabi/lib/armv6-m/libstdc++_s.a(new_op.o)
                              ./src/OSC/OSCMessage.o (operator new(unsigned int))
/Users/owen/gcc-arm-none-eabi-4_8-2014q1/bin/../lib/gcc/arm-none-eabi/4.8.3/../../../../arm-none-eabi/lib/armv6-m/libstdc++_s.a(new_handler.o)
                              /Users/owen/gcc-arm-none-eabi-4_8-2014q1/bin/../lib/gcc/arm-none-eabi/4.8.3/../../../../arm-none-eabi/lib/armv6-m/libstdc++_s.a(new_op.o) (__new_handler)
/Users/owen/gcc-arm-none-eabi-4_8-2014q1/bin/../lib/gcc/arm-none-eabi/4.8.3/armv6-m/libgcc.a(_udivsi3.o)
                              ./system/src/stm32f0-stdperiph/stm32f0xx_rcc.o (__aeabi_uidiv)
/Users/owen/gcc-arm-none-eabi-4_8-2014q1/bin/../lib/gcc/arm-none-eabi/4.8.3/armv6-m/libgcc.a(_dvmd_tls.o)
                              /Users/owen/gcc-arm-none-eabi-4_8-2014q1/bin/../lib/gcc/arm-none-eabi/4.8.3/armv6-m/libgcc.a(_udivsi3.o) (__aeabi_idiv0)
/Users/owen/gcc-arm-none-eabi-4_8-2014q1/bin/../lib/gcc/arm-none-eabi/4.8.3/../../../../arm-none-eabi/lib/armv6-m/libg_s.a(lib_a-errno.o)
                              ./system/src/newlib/_sbrk.o (__errno)
/Users/owen/gcc-arm-none-eabi-4_8-2014q1/bin/../lib/gcc/arm-none-eabi/4.8.3/../../../../arm-none-eabi/lib/armv6-m/libg_s.a(lib_a-impure.o)
                              /Users/owen/gcc-arm-none-eabi-4_8-2014q1/bin/../lib/gcc/arm-none-eabi/4.8.3/../../../../arm-none-eabi/lib/armv6-m/libg_s.a(lib_a-errno.o) (_impure_ptr)
/Users/owen/gcc-arm-none-eabi-4_8-2014q1/bin/../lib/gcc/arm-none-eabi/4.8.3/../../../../arm-none-eabi/lib/armv6-m/libg_s.a(lib_a-malloc.o)
                              ./src/OSC/OSCData.o (malloc)
/Users/owen/gcc-arm-none-eabi-4_8-2014q1/bin/../lib/gcc/arm-none-eabi/4.8.3/../../../../arm-none-eabi/lib/armv6-m/libg_s.a(lib_a-memcpy-stub.o)
                              ./src/OSC/OSCData.o (memcpy)
/Users/owen/gcc-arm-none-eabi-4_8-2014q1/bin/../lib/gcc/arm-none-eabi/4.8.3/../../../../arm-none-eabi/lib/armv6-m/libg_s.a(lib_a-nano-freer.o)
                              /Users/owen/gcc-arm-none-eabi-4_8-2014q1/bin/../lib/gcc/arm-none-eabi/4.8.3/../../../../arm-none-eabi/lib/armv6-m/libg_s.a(lib_a-malloc.o) (_free_r)
/Users/owen/gcc-arm-none-eabi-4_8-2014q1/bin/../lib/gcc/arm-none-eabi/4.8.3/../../../../arm-none-eabi/lib/armv6-m/libg_s.a(lib_a-nano-mallocr.o)
                              /Users/owen/gcc-arm-none-eabi-4_8-2014q1/bin/../lib/gcc/arm-none-eabi/4.8.3/../../../../arm-none-eabi/lib/armv6-m/libg_s.a(lib_a-malloc.o) (_malloc_r)
/Users/owen/gcc-arm-none-eabi-4_8-2014q1/bin/../lib/gcc/arm-none-eabi/4.8.3/../../../../arm-none-eabi/lib/armv6-m/libg_s.a(lib_a-realloc.o)
                              ./src/OSC/OSCMessage.o (realloc)
/Users/owen/gcc-arm-none-eabi-4_8-2014q1/bin/../lib/gcc/arm-none-eabi/4.8.3/../../../../arm-none-eabi/lib/armv6-m/libg_s.a(lib_a-sbrkr.o)
                              /Users/owen/gcc-arm-none-eabi-4_8-2014q1/bin/../lib/gcc/arm-none-eabi/4.8.3/../../../../arm-none-eabi/lib/armv6-m/libg_s.a(lib_a-nano-mallocr.o) (_sbrk_r)
/Users/owen/gcc-arm-none-eabi-4_8-2014q1/bin/../lib/gcc/arm-none-eabi/4.8.3/../../../../arm-none-eabi/lib/armv6-m/libg_s.a(lib_a-strcmp.o)
                              ./src/OSC/OSCMatch.o (strcmp)
/Users/owen/gcc-arm-none-eabi-4_8-2014q1/bin/../lib/gcc/arm-none-eabi/4.8.3/../../../../arm-none-eabi/lib/armv6-m/libg_s.a(lib_a-strcpy.o)
                              ./src/OSC/OSCData.o (strcpy)
/Users/owen/gcc-arm-none-eabi-4_8-2014q1/bin/../lib/gcc/arm-none-eabi/4.8.3/../../../../arm-none-eabi/lib/armv6-m/libg_s.a(lib_a-strlen.o)
                              ./system/src/diag/Trace.o (strlen)
/Users/owen/gcc-arm-none-eabi-4_8-2014q1/bin/../lib/gcc/arm-none-eabi/4.8.3/../../../../arm-none-eabi/lib/armv6-m/libg_s.a(lib_a-strncmp.o)
                              ./src/OSC/OSCMatch.o (strncmp)
/Users/owen/gcc-arm-none-eabi-4_8-2014q1/bin/../lib/gcc/arm-none-eabi/4.8.3/../../../../arm-none-eabi/lib/armv6-m/libg_s.a(lib_a-strncpy.o)
                              ./src/OSC/OSCData.o (strncpy)
/Users/owen/gcc-arm-none-eabi-4_8-2014q1/bin/../lib/gcc/arm-none-eabi/4.8.3/../../../../arm-none-eabi/lib/armv6-m/libg_s.a(lib_a-vsnprintf.o)
                              ./system/src/diag/Trace.o (vsnprintf)
/Users/owen/gcc-arm-none-eabi-4_8-2014q1/bin/../lib/gcc/arm-none-eabi/4.8.3/../../../../arm-none-eabi/lib/armv6-m/libg_s.a(lib_a-nano-reallocr.o)
                              /Users/owen/gcc-arm-none-eabi-4_8-2014q1/bin/../lib/gcc/arm-none-eabi/4.8.3/../../../../arm-none-eabi/lib/armv6-m/libg_s.a(lib_a-realloc.o) (_realloc_r)
[...]
Memory Configuration

Name             Origin             Length             Attributes
RAM              0x0000000020000000 0x0000000000002000 xrw
CCMRAM           0x0000000000000000 0x0000000000000000 xrw
FLASH            0x0000000008000000 0x0000000000010000 xr
FLASHB1          0x0000000000000000 0x0000000000000000 xr
EXTMEMB0         0x0000000000000000 0x0000000000000000 xr
EXTMEMB1         0x0000000000000000 0x0000000000000000 xr
EXTMEMB2         0x0000000000000000 0x0000000000000000 xr
EXTMEMB3         0x0000000000000000 0x0000000000000000 xr
MEMORY_ARRAY     0x0000000000000000 0x0000000000000000 xrw
*default*        0x0000000000000000 0xffffffffffffffff

Linker script and memory map

LOAD ./system/src/stm32f0-stdperiph/stm32f0xx_adc.o
LOAD ./system/src/stm32f0-stdperiph/stm32f0xx_gpio.o
LOAD ./system/src/stm32f0-stdperiph/stm32f0xx_misc.o
LOAD ./system/src/stm32f0-stdperiph/stm32f0xx_rcc.o
LOAD ./system/src/stm32f0-stdperiph/stm32f0xx_usart.o
LOAD ./system/src/newlib/_cxx.o
LOAD ./system/src/newlib/_exit.o
LOAD ./system/src/newlib/_sbrk.o
LOAD ./system/src/newlib/_startup.o
LOAD ./system/src/newlib/_syscalls.o
LOAD ./system/src/newlib/_write.o
LOAD ./system/src/newlib/assert.o
LOAD ./system/src/diag/Trace.o
LOAD ./system/src/diag/trace_impl.o
LOAD ./system/src/cortexm/_initialize_hardware.o
LOAD ./system/src/cortexm/_reset_hardware.o
LOAD ./system/src/cortexm/exception_handlers.o
LOAD ./system/src/cmsis/system_stm32f0xx.o
LOAD ./system/src/cmsis/vectors_stm32f0xx.o
LOAD ./src/OSC/OSCData.o
LOAD ./src/OSC/OSCMatch.o
LOAD ./src/OSC/OSCMessage.o
LOAD ./src/OSC/OSCTiming.o
LOAD ./src/OSC/SLIPEncodedSerial.o
LOAD ./src/BlinkLed.o
LOAD ./src/Timer.o
LOAD ./src/main.o
LOAD ./src/uart.o
LOAD /Users/owen/gcc-arm-none-eabi-4_8-2014q1/bin/../lib/gcc/arm-none-eabi/4.8.3/../../../../arm-none-eabi/lib/armv6-m/libstdc++_s.a
LOAD /Users/owen/gcc-arm-none-eabi-4_8-2014q1/bin/../lib/gcc/arm-none-eabi/4.8.3/../../../../arm-none-eabi/lib/armv6-m/libm.a
START GROUP
LOAD /Users/owen/gcc-arm-none-eabi-4_8-2014q1/bin/../lib/gcc/arm-none-eabi/4.8.3/armv6-m/libgcc.a
LOAD /Users/owen/gcc-arm-none-eabi-4_8-2014q1/bin/../lib/gcc/arm-none-eabi/4.8.3/../../../../arm-none-eabi/lib/armv6-m/libg_s.a
LOAD /Users/owen/gcc-arm-none-eabi-4_8-2014q1/bin/../lib/gcc/arm-none-eabi/4.8.3/../../../../arm-none-eabi/lib/armv6-m/libc_s.a
END GROUP
START GROUP
LOAD /Users/owen/gcc-arm-none-eabi-4_8-2014q1/bin/../lib/gcc/arm-none-eabi/4.8.3/armv6-m/libgcc.a
LOAD /Users/owen/gcc-arm-none-eabi-4_8-2014q1/bin/../lib/gcc/arm-none-eabi/4.8.3/../../../../arm-none-eabi/lib/armv6-m/libc_s.a
END GROUP
                0x0000000020002000                __stack = (ORIGIN (RAM) + 0x2000)
                0x0000000020002000                _estack = __stack
                0x0000000000000400                __Main_Stack_Size = 0x400
                0x0000000000000400                PROVIDE (_Main_Stack_Size, __Main_Stack_Size)
                0x0000000020001c00                __Main_Stack_Limit = (__stack - __Main_Stack_Size)
                0x0000000020001c00                PROVIDE (_Main_Stack_Limit, __Main_Stack_Limit)
                0x0000000000000100                _Minimum_Stack_Size = 0x100
                0x0000000020000174                PROVIDE (_Heap_Begin, _end_noinit)
                0x0000000020001c00                PROVIDE (_Heap_Limit, (__stack - __Main_Stack_Size))

.isr_vector     0x0000000008000000      0x1f4
                0x0000000008000000                . = ALIGN (0x4)
 *(.isr_vector)
 .isr_vector    0x0000000008000000       0xc4 ./system/src/cmsis/vectors_stm32f0xx.o
                0x0000000008000000                g_pfnVectors
 *(.cfmconfig)
 *(.after_vectors .after_vectors.*)
 .after_vectors
                0x00000000080000c4      0x110 ./system/src/newlib/_startup.o
                0x00000000080000c4                _start
 .after_vectors
                0x00000000080001d4       0x1c ./system/src/cortexm/exception_handlers.o
                0x00000000080001d4                Reset_Handler
                0x00000000080001dc                NMI_Handler
                0x00000000080001e0                HardFault_Handler
                0x00000000080001e4                SVC_Handler
                0x00000000080001e8                PendSV_Handler
 .after_vectors
                0x00000000080001f0        0x4 ./system/src/cmsis/vectors_stm32f0xx.o
                0x00000000080001f0                TIM1_BRK_UP_TRG_COM_IRQHandler
                0x00000000080001f0                TSC_IRQHandler
                0x00000000080001f0                ADC1_COMP_IRQHandler
                0x00000000080001f0                PVD_IRQHandler
                0x00000000080001f0                I2C1_IRQHandler
                0x00000000080001f0                RCC_CRS_IRQHandler
                0x00000000080001f0                SPI1_IRQHandler
                0x00000000080001f0                TIM6_DAC_IRQHandler
                0x00000000080001f0                USART3_4_IRQHandler
                0x00000000080001f0                EXTI2_3_IRQHandler
                0x00000000080001f0                ADC1_IRQHandler
                0x00000000080001f0                I2C2_IRQHandler
                0x00000000080001f0                TIM17_IRQHandler
                0x00000000080001f0                CEC_CAN_IRQHandler
                0x00000000080001f0                RTC_IRQHandler
                0x00000000080001f0                PVD_VDDIO2_IRQHandler
                0x00000000080001f0                DMA1_Channel4_5_6_7_IRQHandler
                0x00000000080001f0                TIM16_IRQHandler
                0x00000000080001f0                TIM3_IRQHandler
                0x00000000080001f0                EXTI4_15_IRQHandler
                0x00000000080001f0                RCC_IRQHandler
                0x00000000080001f0                DMA1_Channel1_IRQHandler
                0x00000000080001f0                Default_Handler
                0x00000000080001f0                CEC_IRQHandler
                0x00000000080001f0                TIM14_IRQHandler
                0x00000000080001f0                DMA1_Channel4_5_IRQHandler
                0x00000000080001f0                TIM7_IRQHandler
                0x00000000080001f0                TIM15_IRQHandler
                0x00000000080001f0                EXTI0_1_IRQHandler
                0x00000000080001f0                USB_IRQHandler
                0x00000000080001f0                SPI2_IRQHandler
                0x00000000080001f0                TS_IRQHandler
                0x00000000080001f0                WWDG_IRQHandler
                0x00000000080001f0                TIM2_IRQHandler
                0x00000000080001f0                DMA1_Channel2_3_IRQHandler
                0x00000000080001f0                FLASH_IRQHandler
                0x00000000080001f0                USART1_IRQHandler
                0x00000000080001f0                TIM1_CC_IRQHandler
                0x00000000080001f4                . = ALIGN (0x4)

.inits          0x00000000080001f4        0x4
                0x00000000080001f4                . = ALIGN (0x4)
 *(.init)
 *(.fini)
                0x00000000080001f4                . = ALIGN (0x4)
                0x00000000080001f4                PROVIDE (__preinit_array_start, .)
 *(.preinit_array_sysinit .preinit_array_sysinit.*)
 *(.preinit_array_platform .preinit_array_platform.*)
 *(.preinit_array .preinit_array.*)
                0x00000000080001f4                PROVIDE (__preinit_array_end, .)
                0x00000000080001f4                . = ALIGN (0x4)
                0x00000000080001f4                PROVIDE (__init_array_start, .)
 *(SORT(.init_array.*))
 *(.init_array)
 .init_array    0x00000000080001f4        0x4 ./src/main.o
                0x00000000080001f8                PROVIDE (__init_array_end, .)
                0x00000000080001f8                . = ALIGN (0x4)
                0x00000000080001f8                PROVIDE (__fini_array_start, .)
 *(SORT(.fini_array.*))
 *(.fini_array)
                0x00000000080001f8                PROVIDE (__fini_array_end, .)
                0x00000000080001f8                . = ALIGN (0x4)

.flashtext      0x00000000080001f8        0x0
                0x00000000080001f8                . = ALIGN (0x4)
 *(.flashtext .flashtext.*)
                0x00000000080001f8                . = ALIGN (0x4)

.text           0x00000000080001f8     0x32c5
                0x00000000080001f8                . = ALIGN (0x4)
 *(.text .text.*)
 .text.ADC_Init
                0x00000000080001f8       0xd8 ./system/src/stm32f0-stdperiph/stm32f0xx_adc.o
                0x00000000080001f8                ADC_Init
 .text.ADC_Cmd  0x00000000080002d0       0x40 ./system/src/stm32f0-stdperiph/stm32f0xx_adc.o
                0x00000000080002d0                ADC_Cmd
 .text.ADC_ChannelConfig
                0x0000000008000310       0x50 ./system/src/stm32f0-stdperiph/stm32f0xx_adc.o
                0x0000000008000310                ADC_ChannelConfig
 .text.ADC_GetCalibrationFactor
                0x0000000008000360       0x4c ./system/src/stm32f0-stdperiph/stm32f0xx_adc.o
                0x0000000008000360                ADC_GetCalibrationFactor
 .text.ADC_StartOfConversion
                0x00000000080003ac       0x28 ./system/src/stm32f0-stdperiph/stm32f0xx_adc.o
                0x00000000080003ac                ADC_StartOfConversion
 .text.ADC_GetConversionValue
                0x00000000080003d4       0x24 ./system/src/stm32f0-stdperiph/stm32f0xx_adc.o
                0x00000000080003d4                ADC_GetConversionValue
 .text.ADC_GetFlagStatus
                0x00000000080003f8       0x8c ./system/src/stm32f0-stdperiph/stm32f0xx_adc.o
                0x00000000080003f8                ADC_GetFlagStatus
 .text.GPIO_Init
                0x0000000008000484      0x11c ./system/src/stm32f0-stdperiph/stm32f0xx_gpio.o
                0x0000000008000484                GPIO_Init
 .text.GPIO_SetBits
                0x00000000080005a0       0x60 ./system/src/stm32f0-stdperiph/stm32f0xx_gpio.o
                0x00000000080005a0                GPIO_SetBits
 .text.GPIO_ResetBits
                0x0000000008000600       0x60 ./system/src/stm32f0-stdperiph/stm32f0xx_gpio.o
                0x0000000008000600                GPIO_ResetBits
 .text.GPIO_PinAFConfig
                0x0000000008000660       0x94 ./system/src/stm32f0-stdperiph/stm32f0xx_gpio.o
                0x0000000008000660                GPIO_PinAFConfig
 .text.NVIC_Init
                0x00000000080006f4       0x7c ./system/src/stm32f0-stdperiph/stm32f0xx_misc.o
                0x00000000080006f4                NVIC_Init
 .text.RCC_GetClocksFreq
                0x0000000008000770      0x19c ./system/src/stm32f0-stdperiph/stm32f0xx_rcc.o
                0x0000000008000770                RCC_GetClocksFreq
 .text.RCC_AHBPeriphClockCmd
                0x000000000800090c       0x50 ./system/src/stm32f0-stdperiph/stm32f0xx_rcc.o
                0x000000000800090c                RCC_AHBPeriphClockCmd
 .text.RCC_APB2PeriphClockCmd
                0x000000000800095c       0x50 ./system/src/stm32f0-stdperiph/stm32f0xx_rcc.o
                0x000000000800095c                RCC_APB2PeriphClockCmd
 .text.RCC_APB1PeriphClockCmd
                0x00000000080009ac       0x50 ./system/src/stm32f0-stdperiph/stm32f0xx_rcc.o
                0x00000000080009ac                RCC_APB1PeriphClockCmd
 .text.USART_Init
                0x00000000080009fc      0x1ac ./system/src/stm32f0-stdperiph/stm32f0xx_usart.o
                0x00000000080009fc                USART_Init
 .text.USART_Cmd
                0x0000000008000ba8       0x64 ./system/src/stm32f0-stdperiph/stm32f0xx_usart.o
                0x0000000008000ba8                USART_Cmd
 .text.USART_SendData
                0x0000000008000c0c       0x5c ./system/src/stm32f0-stdperiph/stm32f0xx_usart.o
                0x0000000008000c0c                USART_SendData
 .text.USART_ReceiveData
                0x0000000008000c68       0x44 ./system/src/stm32f0-stdperiph/stm32f0xx_usart.o
                0x0000000008000c68                USART_ReceiveData
 .text.USART_ITConfig
                0x0000000008000cac      0x104 ./system/src/stm32f0-stdperiph/stm32f0xx_usart.o
                0x0000000008000cac                USART_ITConfig
 .text.USART_GetFlagStatus
                0x0000000008000db0       0xe8 ./system/src/stm32f0-stdperiph/stm32f0xx_usart.o
                0x0000000008000db0                USART_GetFlagStatus
 .text.USART_GetITStatus
                0x0000000008000e98      0x114 ./system/src/stm32f0-stdperiph/stm32f0xx_usart.o
                0x0000000008000e98                USART_GetITStatus
 .text._exit    0x0000000008000fac        0x4 ./system/src/newlib/_exit.o
                0x0000000008000fac                _exit
 .text.abort    0x0000000008000fb0       0x14 ./system/src/newlib/_exit.o
                0x0000000008000fb0                abort
 .text._sbrk    0x0000000008000fc4       0x44 ./system/src/newlib/_sbrk.o
                0x0000000008000fc4                _sbrk
 .text.__initialize_args
                0x0000000008001008       0x10 ./system/src/newlib/_syscalls.o
                0x0000000008001008                __initialize_args
 .text.assert_failed
                0x0000000008001018       0x18 ./system/src/newlib/assert.o
                0x0000000008001018                assert_failed
 .text.trace_printf
                0x0000000008001030       0x30 ./system/src/diag/Trace.o
                0x0000000008001030                trace_printf
 .text.trace_puts
                0x0000000008001060       0x20 ./system/src/diag/Trace.o
                0x0000000008001060                trace_puts
 .text._trace_write_semihosting_debug
                0x0000000008001080       0x74 ./system/src/diag/trace_impl.o
 .text.trace_write
                0x00000000080010f4        0x8 ./system/src/diag/trace_impl.o
                0x00000000080010f4                trace_write
 .text.__initialize_hardware
                0x00000000080010fc        0x8 ./system/src/cortexm/_initialize_hardware.o
                0x00000000080010fc                __initialize_hardware
 .text.SetSysClock
                0x0000000008001104       0xb4 ./system/src/cmsis/system_stm32f0xx.o
 .text.SystemInit
                0x00000000080011b8       0x64 ./system/src/cmsis/system_stm32f0xx.o
                0x00000000080011b8                SystemInit
 .text._ZN7OSCDataC2EPKc
                0x000000000800121c       0x34 ./src/OSC/OSCData.o
                0x000000000800121c                OSCData::OSCData(char const*)
                0x000000000800121c                OSCData::OSCData(char const*)
 .text._ZN7OSCDataC2El
                0x0000000008001250       0x10 ./src/OSC/OSCData.o
                0x0000000008001250                OSCData::OSCData(long)
                0x0000000008001250                OSCData::OSCData(long)
 .text._ZN7OSCDataC2Ei
                0x0000000008001260       0x10 ./src/OSC/OSCData.o
                0x0000000008001260                OSCData::OSCData(int)
                0x0000000008001260                OSCData::OSCData(int)
 .text._ZN7OSCDataC2Ef
                0x0000000008001270       0x10 ./src/OSC/OSCData.o
                0x0000000008001270                OSCData::OSCData(float)
                0x0000000008001270                OSCData::OSCData(float)
 .text._ZN7OSCDataC2E9osctime_t
                0x0000000008001280       0x24 ./src/OSC/OSCData.o
                0x0000000008001280                OSCData::OSCData(osctime_t)
                0x0000000008001280                OSCData::OSCData(osctime_t)
 .text._ZN7OSCDataC2Ed
                0x00000000080012a4       0x14 ./src/OSC/OSCData.o
                0x00000000080012a4                OSCData::OSCData(double)
                0x00000000080012a4                OSCData::OSCData(double)
 .text._ZN7OSCDataC2EPhi
                0x00000000080012b8       0x70 ./src/OSC/OSCData.o
                0x00000000080012b8                OSCData::OSCData(unsigned char*, int)
                0x00000000080012b8                OSCData::OSCData(unsigned char*, int)
 .text._ZN7OSCDataD2Ev
                0x0000000008001328       0x28 ./src/OSC/OSCData.o
                0x0000000008001328                OSCData::~OSCData()
                0x0000000008001328                OSCData::~OSCData()
 .text._ZN7OSCDataC2Ec
                0x0000000008001350        0xc ./src/OSC/OSCData.o
                0x0000000008001350                OSCData::OSCData(char)
                0x0000000008001350                OSCData::OSCData(char)
 .text._ZN7OSCData6getIntEv
                0x000000000800135c       0x10 ./src/OSC/OSCData.o
                0x000000000800135c                OSCData::getInt()
 .text.osc_match_bracket
                0x000000000800136c       0x58 ./src/OSC/OSCMatch.o
 .text.osc_match_curly_brace
                0x00000000080013c4       0x50 ./src/OSC/OSCMatch.o
 .text.osc_match_single_char
                0x0000000008001414       0x68 ./src/OSC/OSCMatch.o
 .text.osc_match_star_r
                0x000000000800147c       0x7c ./src/OSC/OSCMatch.o
 .text.osc_match_star
                0x00000000080014f8      0x118 ./src/OSC/OSCMatch.o
 .text.osc_match
                0x0000000008001610      0x108 ./src/OSC/OSCMatch.o
                0x0000000008001610                osc_match
 .text._ZN10OSCMessage10getOSCDataEi
                0x0000000008001718       0x18 ./src/OSC/OSCMessage.o
                0x0000000008001718                OSCMessage::getOSCData(int)
 .text._ZN10OSCMessage9fullMatchEPKci
                0x0000000008001730       0x1c ./src/OSC/OSCMessage.o
                0x0000000008001730                OSCMessage::fullMatch(char const*, int)
 .text._ZN10OSCMessage8dispatchEPKcPFvRS_Ei
                0x000000000800174c       0x1c ./src/OSC/OSCMessage.o
                0x000000000800174c                OSCMessage::dispatch(char const*, void (*)(OSCMessage&), int)
 .text._ZN10OSCMessage10setAddressEPKc
                0x0000000008001768       0x30 ./src/OSC/OSCMessage.o
                0x0000000008001768                OSCMessage::setAddress(char const*)
 .text._ZN10OSCMessage8hasErrorEv
                0x0000000008001798       0x2c ./src/OSC/OSCMessage.o
                0x0000000008001798                OSCMessage::hasError()
 .text._ZN10OSCMessage6getIntEi
                0x00000000080017c4       0x20 ./src/OSC/OSCMessage.o
                0x00000000080017c4                OSCMessage::getInt(int)
 .text._ZN10OSCMessage7getTypeEi
                0x00000000080017e4       0x1c ./src/OSC/OSCMessage.o
                0x00000000080017e4                OSCMessage::getType(int)
 .text._ZN10OSCMessage8testTypeEic
                0x0000000008001800       0x28 ./src/OSC/OSCMessage.o
                0x0000000008001800                OSCMessage::testType(int, char)
 .text._ZN10OSCMessage5isIntEi
                0x0000000008001828        0xc ./src/OSC/OSCMessage.o
                0x0000000008001828                OSCMessage::isInt(int)
 .text._ZN10OSCMessage4sendER17SLIPEncodedSerial
                0x0000000008001834      0x18c ./src/OSC/OSCMessage.o
                0x0000000008001834                OSCMessage::send(SLIPEncodedSerial&)
 .text._ZN10OSCMessage10decodeTypeEh
                0x00000000080019c0       0x44 ./src/OSC/OSCMessage.o
                0x00000000080019c0                OSCMessage::decodeType(unsigned char)
 .text._ZN10OSCMessage19addToIncomingBufferEh
                0x0000000008001a04       0x44 ./src/OSC/OSCMessage.o
                0x0000000008001a04                OSCMessage::addToIncomingBuffer(unsigned char)
 .text._ZN10OSCMessage19clearIncomingBufferEv
                0x0000000008001a48       0x28 ./src/OSC/OSCMessage.o
                0x0000000008001a48                OSCMessage::clearIncomingBuffer()
 .text._ZN10OSCMessage12setupMessageEv
                0x0000000008001a70       0x1c ./src/OSC/OSCMessage.o
                0x0000000008001a70                OSCMessage::setupMessage()
 .text._ZN10OSCMessageC2EPKc
                0x0000000008001a8c       0x18 ./src/OSC/OSCMessage.o
                0x0000000008001a8c                OSCMessage::OSCMessage(char const*)
                0x0000000008001a8c                OSCMessage::OSCMessage(char const*)
 .text._ZN10OSCMessageC2Ev
                0x0000000008001aa4       0x10 ./src/OSC/OSCMessage.o
                0x0000000008001aa4                OSCMessage::OSCMessage()
                0x0000000008001aa4                OSCMessage::OSCMessage()
 .text._ZN10OSCMessage5emptyEv
                0x0000000008001ab4       0x40 ./src/OSC/OSCMessage.o
                0x0000000008001ab4                OSCMessage::empty()
 .text._ZN10OSCMessageD2Ev
                0x0000000008001af4       0x1c ./src/OSC/OSCMessage.o
                0x0000000008001af4                OSCMessage::~OSCMessage()
                0x0000000008001af4                OSCMessage::~OSCMessage()
 .text._ZN10OSCMessage13decodeAddressEv
                0x0000000008001b10       0x18 ./src/OSC/OSCMessage.o
                0x0000000008001b10                OSCMessage::decodeAddress()
 .text._ZN10OSCMessage10decodeDataEh
                0x0000000008001b28      0x4e0 ./src/OSC/OSCMessage.o
                0x0000000008001b28                OSCMessage::decodeData(unsigned char)
 .text._ZN10OSCMessage6decodeEh
                0x0000000008002008       0xb8 ./src/OSC/OSCMessage.o
                0x0000000008002008                OSCMessage::decode(unsigned char)
 .text._ZN10OSCMessage4fillEh
                0x00000000080020c0        0x8 ./src/OSC/OSCMessage.o
                0x00000000080020c0                OSCMessage::fill(unsigned char)
 .text._ZN17SLIPEncodedSerialC2Ev
                0x00000000080020c8        0x8 ./src/OSC/SLIPEncodedSerial.o
                0x00000000080020c8                SLIPEncodedSerial::SLIPEncodedSerial()
                0x00000000080020c8                SLIPEncodedSerial::SLIPEncodedSerial()
 .text._ZN17SLIPEncodedSerial11endofPacketEv
                0x00000000080020d0       0x38 ./src/OSC/SLIPEncodedSerial.o
                0x00000000080020d0                SLIPEncodedSerial::endofPacket()
 .text._ZN17SLIPEncodedSerial9availableEv
                0x0000000008002108       0x70 ./src/OSC/SLIPEncodedSerial.o
                0x0000000008002108                SLIPEncodedSerial::available()
 .text._ZN17SLIPEncodedSerial4readEv
                0x0000000008002178       0x4c ./src/OSC/SLIPEncodedSerial.o
                0x0000000008002178                SLIPEncodedSerial::read()
 .text._ZN17SLIPEncodedSerial5writeEh
                0x00000000080021c4       0x30 ./src/OSC/SLIPEncodedSerial.o
                0x00000000080021c4                SLIPEncodedSerial::write(unsigned char)
 .text._ZN17SLIPEncodedSerial5writeEPKhi
                0x00000000080021f4       0x1c ./src/OSC/SLIPEncodedSerial.o
                0x00000000080021f4                SLIPEncodedSerial::write(unsigned char const*, int)
 .text._ZN17SLIPEncodedSerial11beginPacketEv
                0x0000000008002210        0xc ./src/OSC/SLIPEncodedSerial.o
                0x0000000008002210                SLIPEncodedSerial::beginPacket()
 .text._ZN17SLIPEncodedSerial9endPacketEv
                0x000000000800221c        0xc ./src/OSC/SLIPEncodedSerial.o
                0x000000000800221c                SLIPEncodedSerial::endPacket()
 .text.blink_led_init
                0x0000000008002228       0x80 ./src/BlinkLed.o
                0x0000000008002228                blink_led_init
 .text.timer_start
                0x00000000080022a8       0x44 ./src/Timer.o
                0x00000000080022a8                timer_start
 .text.timer_sleep
                0x00000000080022ec       0x14 ./src/Timer.o
                0x00000000080022ec                timer_sleep
 .text.timer_tick
                0x0000000008002300       0x18 ./src/Timer.o
                0x0000000008002300                timer_tick
 .text.SysTick_Handler
                0x0000000008002318        0x8 ./src/Timer.o
                0x0000000008002318                SysTick_Handler
 .text._Z5resetR10OSCMessage
                0x0000000008002320       0x14 ./src/main.o
                0x0000000008002320                reset(OSCMessage&)
 .text._Z8renumberR10OSCMessage
                0x0000000008002334       0x14 ./src/main.o
                0x0000000008002334                renumber(OSCMessage&)
 .text._Z10ledControlR10OSCMessage
                0x0000000008002348      0x14c ./src/main.o
                0x0000000008002348                ledControl(OSCMessage&)
 .text._Z41__static_initialization_and_destruction_0ii
                0x0000000008002494       0x1c ./src/main.o
 .text.main     0x00000000080024b0      0x264 ./src/main.o
                0x00000000080024b0                main
 .text._GLOBAL__sub_I_SLIPSerial
                0x0000000008002714       0x10 ./src/main.o
 .text.uart2_init
                0x0000000008002724       0x94 ./src/uart.o
                0x0000000008002724                uart2_init
 .text.uart2_send
                0x00000000080027b8       0x20 ./src/uart.o
                0x00000000080027b8                uart2_send
 .text.uart2_available
                0x00000000080027d8       0x24 ./src/uart.o
                0x00000000080027d8                uart2_available
 .text.uart2_peek
                0x00000000080027fc       0x24 ./src/uart.o
                0x00000000080027fc                uart2_peek
 .text.uart2_read
                0x0000000008002820       0x30 ./src/uart.o
                0x0000000008002820                uart2_read
 .text.USART2_IRQHandler
                0x0000000008002850       0x38 ./src/uart.o
                0x0000000008002850                USART2_IRQHandler
 .text._ZdlPv   0x0000000008002888        0xc /Users/owen/gcc-arm-none-eabi-4_8-2014q1/bin/../lib/gcc/arm-none-eabi/4.8.3/../../../../arm-none-eabi/lib/armv6-m/libstdc++_s.a(del_op.o)
                0x0000000008002888                operator delete(void*)
 .text._Znwj    0x0000000008002894       0x28 /Users/owen/gcc-arm-none-eabi-4_8-2014q1/bin/../lib/gcc/arm-none-eabi/4.8.3/../../../../arm-none-eabi/lib/armv6-m/libstdc++_s.a(new_op.o)
                0x0000000008002894                operator new(unsigned int)
 .text          0x00000000080028bc       0x9c /Users/owen/gcc-arm-none-eabi-4_8-2014q1/bin/../lib/gcc/arm-none-eabi/4.8.3/armv6-m/libgcc.a(_udivsi3.o)
                0x00000000080028bc                __udivsi3
                0x00000000080028bc                __aeabi_uidiv
                0x0000000008002944                __aeabi_uidivmod
 .text          0x0000000008002958        0x4 /Users/owen/gcc-arm-none-eabi-4_8-2014q1/bin/../lib/gcc/arm-none-eabi/4.8.3/armv6-m/libgcc.a(_dvmd_tls.o)
                0x0000000008002958                __aeabi_ldiv0
                0x0000000008002958                __aeabi_idiv0
 .text.__errno  0x000000000800295c        0xc /Users/owen/gcc-arm-none-eabi-4_8-2014q1/bin/../lib/gcc/arm-none-eabi/4.8.3/../../../../arm-none-eabi/lib/armv6-m/libg_s.a(lib_a-errno.o)
                0x000000000800295c                __errno
 .text.malloc   0x0000000008002968       0x14 /Users/owen/gcc-arm-none-eabi-4_8-2014q1/bin/../lib/gcc/arm-none-eabi/4.8.3/../../../../arm-none-eabi/lib/armv6-m/libg_s.a(lib_a-malloc.o)
                0x0000000008002968                malloc
 .text.free     0x000000000800297c       0x14 /Users/owen/gcc-arm-none-eabi-4_8-2014q1/bin/../lib/gcc/arm-none-eabi/4.8.3/../../../../arm-none-eabi/lib/armv6-m/libg_s.a(lib_a-malloc.o)
                0x000000000800297c                free
 .text.memcpy   0x0000000008002990       0x12 /Users/owen/gcc-arm-none-eabi-4_8-2014q1/bin/../lib/gcc/arm-none-eabi/4.8.3/../../../../arm-none-eabi/lib/armv6-m/libg_s.a(lib_a-memcpy-stub.o)
                0x0000000008002990                memcpy
 *fill*         0x00000000080029a2        0x2 
 .text._free_r  0x00000000080029a4       0x90 /Users/owen/gcc-arm-none-eabi-4_8-2014q1/bin/../lib/gcc/arm-none-eabi/4.8.3/../../../../arm-none-eabi/lib/armv6-m/libg_s.a(lib_a-nano-freer.o)
                0x00000000080029a4                _free_r
 .text._malloc_r
                0x0000000008002a34       0xa8 /Users/owen/gcc-arm-none-eabi-4_8-2014q1/bin/../lib/gcc/arm-none-eabi/4.8.3/../../../../arm-none-eabi/lib/armv6-m/libg_s.a(lib_a-nano-mallocr.o)
                0x0000000008002a34                _malloc_r
 .text.realloc  0x0000000008002adc       0x18 /Users/owen/gcc-arm-none-eabi-4_8-2014q1/bin/../lib/gcc/arm-none-eabi/4.8.3/../../../../arm-none-eabi/lib/armv6-m/libg_s.a(lib_a-realloc.o)
                0x0000000008002adc                realloc
 .text._sbrk_r  0x0000000008002af4       0x24 /Users/owen/gcc-arm-none-eabi-4_8-2014q1/bin/../lib/gcc/arm-none-eabi/4.8.3/../../../../arm-none-eabi/lib/armv6-m/libg_s.a(lib_a-sbrkr.o)
                0x0000000008002af4                _sbrk_r
 .text          0x0000000008002b18       0x14 /Users/owen/gcc-arm-none-eabi-4_8-2014q1/bin/../lib/gcc/arm-none-eabi/4.8.3/../../../../arm-none-eabi/lib/armv6-m/libg_s.a(lib_a-strcmp.o)
                0x0000000008002b18                strcmp
 .text.strcpy   0x0000000008002b2c       0x10 /Users/owen/gcc-arm-none-eabi-4_8-2014q1/bin/../lib/gcc/arm-none-eabi/4.8.3/../../../../arm-none-eabi/lib/armv6-m/libg_s.a(lib_a-strcpy.o)
                0x0000000008002b2c                strcpy
 .text.strlen   0x0000000008002b3c        0xe /Users/owen/gcc-arm-none-eabi-4_8-2014q1/bin/../lib/gcc/arm-none-eabi/4.8.3/../../../../arm-none-eabi/lib/armv6-m/libg_s.a(lib_a-strlen.o)
                0x0000000008002b3c                strlen
 .text.strncmp  0x0000000008002b4a       0x2c /Users/owen/gcc-arm-none-eabi-4_8-2014q1/bin/../lib/gcc/arm-none-eabi/4.8.3/../../../../arm-none-eabi/lib/armv6-m/libg_s.a(lib_a-strncmp.o)
                0x0000000008002b4a                strncmp
 .text._vsnprintf_r
                0x0000000008002b76       0x54 /Users/owen/gcc-arm-none-eabi-4_8-2014q1/bin/../lib/gcc/arm-none-eabi/4.8.3/../../../../arm-none-eabi/lib/armv6-m/libg_s.a(lib_a-vsnprintf.o)
                0x0000000008002b76                _vsnprintf_r
                0x0000000008002b76                _vsniprintf_r
 *fill*         0x0000000008002bca        0x2 
 .text.vsnprintf
                0x0000000008002bcc       0x20 /Users/owen/gcc-arm-none-eabi-4_8-2014q1/bin/../lib/gcc/arm-none-eabi/4.8.3/../../../../arm-none-eabi/lib/armv6-m/libg_s.a(lib_a-vsnprintf.o)
                0x0000000008002bcc                vsnprintf
                0x0000000008002bcc                vsniprintf
 .text._realloc_r
                0x0000000008002bec       0x4c /Users/owen/gcc-arm-none-eabi-4_8-2014q1/bin/../lib/gcc/arm-none-eabi/4.8.3/../../../../arm-none-eabi/lib/armv6-m/libg_s.a(lib_a-nano-reallocr.o)
                0x0000000008002bec                _realloc_r
 .text.__ssputs_r
                0x0000000008002c38       0xc0 /Users/owen/gcc-arm-none-eabi-4_8-2014q1/bin/../lib/gcc/arm-none-eabi/4.8.3/../../../../arm-none-eabi/lib/armv6-m/libg_s.a(lib_a-svfprintf.o)
                0x0000000008002c38                __ssputs_r
 .text._svfprintf_r
                0x0000000008002cf8      0x1e0 /Users/owen/gcc-arm-none-eabi-4_8-2014q1/bin/../lib/gcc/arm-none-eabi/4.8.3/../../../../arm-none-eabi/lib/armv6-m/libg_s.a(lib_a-svfprintf.o)
                0x0000000008002cf8                _svfprintf_r
                0x0000000008002cf8                _svfiprintf_r
 .text._printf_common
                0x0000000008002ed8       0xe8 /Users/owen/gcc-arm-none-eabi-4_8-2014q1/bin/../lib/gcc/arm-none-eabi/4.8.3/../../../../arm-none-eabi/lib/armv6-m/libg_s.a(lib_a-vfprintf_i.o)
                0x0000000008002ed8                _printf_common
 .text._printf_i
                0x0000000008002fc0      0x22c /Users/owen/gcc-arm-none-eabi-4_8-2014q1/bin/../lib/gcc/arm-none-eabi/4.8.3/../../../../arm-none-eabi/lib/armv6-m/libg_s.a(lib_a-vfprintf_i.o)
                0x0000000008002fc0                _printf_i
 .text.memchr   0x00000000080031ec       0x16 /Users/owen/gcc-arm-none-eabi-4_8-2014q1/bin/../lib/gcc/arm-none-eabi/4.8.3/../../../../arm-none-eabi/lib/armv6-m/libg_s.a(lib_a-memchr-stub.o)
                0x00000000080031ec                memchr
 .text.memmove  0x0000000008003202       0x32 /Users/owen/gcc-arm-none-eabi-4_8-2014q1/bin/../lib/gcc/arm-none-eabi/4.8.3/../../../../arm-none-eabi/lib/armv6-m/libg_s.a(lib_a-memmove.o)
                0x0000000008003202                memmove
 .text._malloc_usable_size_r
                0x0000000008003234       0x12 /Users/owen/gcc-arm-none-eabi-4_8-2014q1/bin/../lib/gcc/arm-none-eabi/4.8.3/../../../../arm-none-eabi/lib/armv6-m/libg_s.a(lib_a-nano-msizer.o)
                0x0000000008003234                _malloc_usable_size_r
 *(.rodata .rodata.*)
 *fill*         0x0000000008003246        0x2 
 .rodata.str1.4
                0x0000000008003248       0x30 ./system/src/stm32f0-stdperiph/stm32f0xx_adc.o
 .rodata.str1.4
                0x0000000008003278       0x31 ./system/src/stm32f0-stdperiph/stm32f0xx_gpio.o
                                         0x34 (size before relaxing)
 *fill*         0x00000000080032a9        0x3 
 .rodata.str1.4
                0x00000000080032ac       0x31 ./system/src/stm32f0-stdperiph/stm32f0xx_misc.o
                                         0x34 (size before relaxing)
 *fill*         0x00000000080032dd        0x3 
 .rodata.str1.4
                0x00000000080032e0       0x30 ./system/src/stm32f0-stdperiph/stm32f0xx_rcc.o
 .rodata.str1.4
                0x0000000008003310       0x32 ./system/src/stm32f0-stdperiph/stm32f0xx_usart.o
                                         0x34 (size before relaxing)
 *fill*         0x0000000008003342        0x2 
 .rodata.str1.4
                0x0000000008003344       0x14 ./system/src/newlib/_exit.o
 .rodata.str1.4
                0x0000000008003358       0x6b ./system/src/newlib/assert.o
                                         0x70 (size before relaxing)
 *fill*         0x00000000080033c3        0x1 
 .rodata.str1.4
                0x00000000080033c4       0x2d ./system/src/diag/Trace.o
                                         0x30 (size before relaxing)
 *fill*         0x00000000080033f1        0x3 
 .rodata._ZN10OSCMessage10decodeDataEh
                0x00000000080033f4       0x4c ./src/OSC/OSCMessage.o
 .rodata._ZN10OSCMessage6decodeEh
                0x0000000008003440       0x1c ./src/OSC/OSCMessage.o
 .rodata.str1.4
                0x000000000800345c       0x2c ./src/main.o
 .rodata.str1.1
                0x0000000008003488        0x2 /Users/owen/gcc-arm-none-eabi-4_8-2014q1/bin/../lib/gcc/arm-none-eabi/4.8.3/../../../../arm-none-eabi/lib/armv6-m/libg_s.a(lib_a-impure.o)
 .rodata.str1.1
                0x000000000800348a       0x11 /Users/owen/gcc-arm-none-eabi-4_8-2014q1/bin/../lib/gcc/arm-none-eabi/4.8.3/../../../../arm-none-eabi/lib/armv6-m/libg_s.a(lib_a-svfprintf.o)
 .rodata.str1.1
                0x000000000800349b       0x22 /Users/owen/gcc-arm-none-eabi-4_8-2014q1/bin/../lib/gcc/arm-none-eabi/4.8.3/../../../../arm-none-eabi/lib/armv6-m/libg_s.a(lib_a-vfprintf_i.o)
 *(vtable)
 *(.eh_frame*)
 *(.glue_7)
 .glue_7        0x0000000000000000        0x0 linker stubs
 *(.glue_7t)
 .glue_7t       0x0000000000000000        0x0 linker stubs

.vfp11_veneer   0x00000000080034c0        0x0
 .vfp11_veneer  0x0000000000000000        0x0 linker stubs

.v4_bx          0x00000000080034c0        0x0
 .v4_bx         0x0000000000000000        0x0 linker stubs

.iplt           0x00000000080034c0        0x0
 .iplt          0x0000000000000000        0x0 ./system/src/stm32f0-stdperiph/stm32f0xx_adc.o

.rel.dyn        0x00000000080034c0        0x0
 .rel.iplt      0x0000000000000000        0x0 ./system/src/stm32f0-stdperiph/stm32f0xx_adc.o

.ARM.extab
 *(.ARM.extab* .gnu.linkonce.armextab.*)
                0x00000000080034c0                __exidx_start = .

.ARM.exidx
 *(.ARM.exidx* .gnu.linkonce.armexidx.*)
                0x00000000080034c0                __exidx_end = .
                0x00000000080034c0                . = ALIGN (0x4)
                0x00000000080034c0                _etext = .
                0x00000000080034c0                __etext = .
                0x00000000080034c0                _sidata = _etext

.data           0x0000000020000000       0x88 load address 0x00000000080034c0
                0x0000000020000000                . = ALIGN (0x4)
                0x0000000020000000                _sdata = .
                0x0000000020000000                __data_start__ = .
 *(.data_begin .data_begin.*)
 .data_begin    0x0000000020000000        0x4 ./system/src/newlib/_startup.o
 *(.data .data.*)
 .data.APBAHBPrescTable
                0x0000000020000004       0x10 ./system/src/stm32f0-stdperiph/stm32f0xx_rcc.o
 .data.argv.4458
                0x0000000020000014        0x8 ./system/src/newlib/_syscalls.o
 .data.SystemCoreClock
                0x000000002000001c        0x4 ./system/src/cmsis/system_stm32f0xx.o
                0x000000002000001c                SystemCoreClock
 .data.impure_data
                0x0000000020000020       0x60 /Users/owen/gcc-arm-none-eabi-4_8-2014q1/bin/../lib/gcc/arm-none-eabi/4.8.3/../../../../arm-none-eabi/lib/armv6-m/libg_s.a(lib_a-impure.o)
 .data._impure_ptr
                0x0000000020000080        0x4 /Users/owen/gcc-arm-none-eabi-4_8-2014q1/bin/../lib/gcc/arm-none-eabi/4.8.3/../../../../arm-none-eabi/lib/armv6-m/libg_s.a(lib_a-impure.o)
                0x0000000020000080                _impure_ptr
 *(.data_end .data_end.*)
 .data_end      0x0000000020000084        0x4 ./system/src/newlib/_startup.o
                0x0000000020000088                . = ALIGN (0x4)
                0x0000000020000088                _edata = .
                0x0000000020000088                __data_end__ = .

.igot.plt       0x0000000020000088        0x0 load address 0x0000000008003548
 .igot.plt      0x0000000000000000        0x0 ./system/src/stm32f0-stdperiph/stm32f0xx_adc.o

.bss            0x0000000020000088       0xec load address 0x0000000008003548
                0x0000000020000088                . = ALIGN (0x4)
                0x0000000020000088                __bss_start__ = .
                0x0000000020000088                _sbss = .
 *(.bss_begin .bss_begin.*)
 .bss_begin     0x0000000020000088        0x4 ./system/src/newlib/_startup.o
 *(.bss .bss.*)
 .bss.current_heap_end.4286
                0x000000002000008c        0x4 ./system/src/newlib/_sbrk.o
 .bss.name.4457
                0x0000000020000090        0x4 ./system/src/newlib/_syscalls.o
 .bss.buf.5349  0x0000000020000094       0x80 ./system/src/diag/Trace.o
 .bss.SLIPSerial
                0x0000000020000114        0x4 ./src/main.o
                0x0000000020000114                SLIPSerial
 .bss.uart2_recv_buf_tail
                0x0000000020000118        0x1 ./src/uart.o
                0x0000000020000118                uart2_recv_buf_tail
 .bss.uart2_recv_buf_head
                0x0000000020000119        0x1 ./src/uart.o
                0x0000000020000119                uart2_recv_buf_head
 *fill*         0x000000002000011a        0x2 
 .bss.__new_handler
                0x000000002000011c        0x4 /Users/owen/gcc-arm-none-eabi-4_8-2014q1/bin/../lib/gcc/arm-none-eabi/4.8.3/../../../../arm-none-eabi/lib/armv6-m/libstdc++_s.a(new_handler.o)
                0x000000002000011c                __new_handler
 .bss.__malloc_sbrk_start
                0x0000000020000120        0x4 /Users/owen/gcc-arm-none-eabi-4_8-2014q1/bin/../lib/gcc/arm-none-eabi/4.8.3/../../../../arm-none-eabi/lib/armv6-m/libg_s.a(lib_a-nano-mallocr.o)
                0x0000000020000120                __malloc_sbrk_start
 .bss.__malloc_free_list
                0x0000000020000124        0x4 /Users/owen/gcc-arm-none-eabi-4_8-2014q1/bin/../lib/gcc/arm-none-eabi/4.8.3/../../../../arm-none-eabi/lib/armv6-m/libg_s.a(lib_a-nano-mallocr.o)
                0x0000000020000124                __malloc_free_list
 *(COMMON)
 COMMON         0x0000000020000128        0x4 ./system/src/newlib/_syscalls.o
                0x0000000020000128                errno
 COMMON         0x000000002000012c        0x4 ./src/Timer.o
                0x000000002000012c                timer_delayCount
 COMMON         0x0000000020000130       0x40 ./src/uart.o
                0x0000000020000130                uart2_recv_buf
 *(.bss_end .bss_end.*)
 .bss_end       0x0000000020000170        0x4 ./system/src/newlib/_startup.o
                0x0000000020000174                . = ALIGN (0x4)
                0x0000000020000174                __bss_end__ = .
                0x0000000020000174                _ebss = .

.noinit         0x0000000020000174        0x0
                0x0000000020000174                . = ALIGN (0x4)
                0x0000000020000174                _noinit = .
 *(.noinit .noinit.*)
                0x0000000020000174                . = ALIGN (0x4)
                0x0000000020000174                _end_noinit = .
                0x0000000020000174                PROVIDE (end, _end_noinit)
                0x0000000020000174                PROVIDE (_end, _end_noinit)
                0x0000000020000174                PROVIDE (__end, _end_noinit)
                0x0000000020000174                PROVIDE (__end__, _end_noinit)

._check_stack   0x0000000020000174      0x100 load address 0x0000000008003634
                0x0000000020000174                . = ALIGN (0x4)
                0x0000000020000274                . = (. + _Minimum_Stack_Size)
 *fill*         0x0000000020000174      0x100 
                0x0000000020000274                . = ALIGN (0x4)

.bss_CCMRAM
 *(.bss.CCMRAM .bss.CCMRAM.*)

.b1text
 *(.b1text)
 *(.b1rodata)
 *(.b1rodata.*)

.eb0text
 *(.eb0text)
 *(.eb0rodata)
 *(.eb0rodata.*)

.eb1text
 *(.eb1text)
 *(.eb1rodata)
 *(.eb1rodata.*)

.eb2text
 *(.eb2text)
 *(.eb2rodata)
 *(.eb2rodata.*)

.eb3text
 *(.eb3text)
 *(.eb3rodata)
 *(.eb3rodata.*)

.stab
 *(.stab)

.stabstr
 *(.stabstr)

.stab.excl
 *(.stab.excl)

.stab.exclstr
 *(.stab.exclstr)

.stab.index
 *(.stab.index)

.stab.indexstr
 *(.stab.indexstr)

.comment        0x0000000000000000       0x70
 *(.comment)
 .comment       0x0000000000000000       0x70 ./system/src/stm32f0-stdperiph/stm32f0xx_adc.o
                                         0x71 (size before relaxing)
 .comment       0x0000000000000000       0x71 ./system/src/stm32f0-stdperiph/stm32f0xx_gpio.o
 .comment       0x0000000000000000       0x71 ./system/src/stm32f0-stdperiph/stm32f0xx_misc.o
 .comment       0x0000000000000000       0x71 ./system/src/stm32f0-stdperiph/stm32f0xx_rcc.o
 .comment       0x0000000000000000       0x71 ./system/src/stm32f0-stdperiph/stm32f0xx_usart.o
 .comment       0x0000000000000000       0x71 ./system/src/newlib/_exit.o
 .comment       0x0000000000000000       0x71 ./system/src/newlib/_sbrk.o
 .comment       0x0000000000000000       0x71 ./system/src/newlib/_startup.o
 .comment       0x0000000000000000       0x71 ./system/src/newlib/_syscalls.o
 .comment       0x0000000000000000       0x71 ./system/src/newlib/assert.o
 .comment       0x0000000000000000       0x71 ./system/src/diag/Trace.o
 .comment       0x0000000000000000       0x71 ./system/src/diag/trace_impl.o
 .comment       0x0000000000000000       0x71 ./system/src/cortexm/_initialize_hardware.o
 .comment       0x0000000000000000       0x71 ./system/src/cortexm/exception_handlers.o
 .comment       0x0000000000000000       0x71 ./system/src/cmsis/system_stm32f0xx.o
 .comment       0x0000000000000000       0x71 ./system/src/cmsis/vectors_stm32f0xx.o
 .comment       0x0000000000000000       0x71 ./src/OSC/OSCData.o
 .comment       0x0000000000000000       0x71 ./src/OSC/OSCMatch.o
 .comment       0x0000000000000000       0x71 ./src/OSC/OSCMessage.o
 .comment       0x0000000000000000       0x71 ./src/OSC/SLIPEncodedSerial.o
 .comment       0x0000000000000000       0x71 ./src/BlinkLed.o
 .comment       0x0000000000000000       0x71 ./src/Timer.o
 .comment       0x0000000000000000       0x71 ./src/main.o
 .comment       0x0000000000000000       0x71 ./src/uart.o

.ARM.attributes
                0x0000000000000000       0x2f
 .ARM.attributes
                0x0000000000000000       0x31 ./system/src/stm32f0-stdperiph/stm32f0xx_adc.o
 .ARM.attributes
                0x0000000000000031       0x31 ./system/src/stm32f0-stdperiph/stm32f0xx_gpio.o
 .ARM.attributes
                0x0000000000000062       0x31 ./system/src/stm32f0-stdperiph/stm32f0xx_misc.o
 .ARM.attributes
                0x0000000000000093       0x31 ./system/src/stm32f0-stdperiph/stm32f0xx_rcc.o
 .ARM.attributes
                0x00000000000000c4       0x31 ./system/src/stm32f0-stdperiph/stm32f0xx_usart.o
 .ARM.attributes
                0x00000000000000f5       0x31 ./system/src/newlib/_exit.o
 .ARM.attributes
                0x0000000000000126       0x31 ./system/src/newlib/_sbrk.o
 .ARM.attributes
                0x0000000000000157       0x31 ./system/src/newlib/_startup.o
 .ARM.attributes
                0x0000000000000188       0x31 ./system/src/newlib/_syscalls.o
 .ARM.attributes
                0x00000000000001b9       0x31 ./system/src/newlib/assert.o
 .ARM.attributes
                0x00000000000001ea       0x31 ./system/src/diag/Trace.o
 .ARM.attributes
                0x000000000000021b       0x31 ./system/src/diag/trace_impl.o
 .ARM.attributes
                0x000000000000024c       0x31 ./system/src/cortexm/_initialize_hardware.o
 .ARM.attributes
                0x000000000000027d       0x31 ./system/src/cortexm/exception_handlers.o
 .ARM.attributes
                0x00000000000002ae       0x31 ./system/src/cmsis/system_stm32f0xx.o
 .ARM.attributes
                0x00000000000002df       0x31 ./system/src/cmsis/vectors_stm32f0xx.o
 .ARM.attributes
                0x0000000000000310       0x31 ./src/OSC/OSCData.o
 .ARM.attributes
                0x0000000000000341       0x31 ./src/OSC/OSCMatch.o
 .ARM.attributes
                0x0000000000000372       0x31 ./src/OSC/OSCMessage.o
 .ARM.attributes
                0x00000000000003a3       0x31 ./src/OSC/SLIPEncodedSerial.o
 .ARM.attributes
                0x00000000000003d4       0x31 ./src/BlinkLed.o
 .ARM.attributes
                0x0000000000000405       0x31 ./src/Timer.o
 .ARM.attributes
                0x0000000000000436       0x31 ./src/main.o
 .ARM.attributes
                0x0000000000000467       0x31 ./src/uart.o
 .ARM.attributes
                0x0000000000000498       0x2c /Users/owen/gcc-arm-none-eabi-4_8-2014q1/bin/../lib/gcc/arm-none-eabi/4.8.3/../../../../arm-none-eabi/lib/armv6-m/libstdc++_s.a(del_op.o)
 .ARM.attributes
                0x00000000000004c4       0x2c /Users/owen/gcc-arm-none-eabi-4_8-2014q1/bin/../lib/gcc/arm-none-eabi/4.8.3/../../../../arm-none-eabi/lib/armv6-m/libstdc++_s.a(new_op.o)
 .ARM.attributes
                0x00000000000004f0       0x2c /Users/owen/gcc-arm-none-eabi-4_8-2014q1/bin/../lib/gcc/arm-none-eabi/4.8.3/../../../../arm-none-eabi/lib/armv6-m/libstdc++_s.a(new_handler.o)
 .ARM.attributes
                0x000000000000051c       0x1e /Users/owen/gcc-arm-none-eabi-4_8-2014q1/bin/../lib/gcc/arm-none-eabi/4.8.3/armv6-m/libgcc.a(_udivsi3.o)
 .ARM.attributes
                0x000000000000053a       0x1e /Users/owen/gcc-arm-none-eabi-4_8-2014q1/bin/../lib/gcc/arm-none-eabi/4.8.3/armv6-m/libgcc.a(_dvmd_tls.o)
 .ARM.attributes
                0x0000000000000558       0x2c /Users/owen/gcc-arm-none-eabi-4_8-2014q1/bin/../lib/gcc/arm-none-eabi/4.8.3/../../../../arm-none-eabi/lib/armv6-m/libg_s.a(lib_a-errno.o)
 .ARM.attributes
                0x0000000000000584       0x2c /Users/owen/gcc-arm-none-eabi-4_8-2014q1/bin/../lib/gcc/arm-none-eabi/4.8.3/../../../../arm-none-eabi/lib/armv6-m/libg_s.a(lib_a-impure.o)
 .ARM.attributes
                0x00000000000005b0       0x2c /Users/owen/gcc-arm-none-eabi-4_8-2014q1/bin/../lib/gcc/arm-none-eabi/4.8.3/../../../../arm-none-eabi/lib/armv6-m/libg_s.a(lib_a-malloc.o)
 .ARM.attributes
                0x00000000000005dc       0x2c /Users/owen/gcc-arm-none-eabi-4_8-2014q1/bin/../lib/gcc/arm-none-eabi/4.8.3/../../../../arm-none-eabi/lib/armv6-m/libg_s.a(lib_a-memcpy-stub.o)
 .ARM.attributes
                0x0000000000000608       0x2c /Users/owen/gcc-arm-none-eabi-4_8-2014q1/bin/../lib/gcc/arm-none-eabi/4.8.3/../../../../arm-none-eabi/lib/armv6-m/libg_s.a(lib_a-nano-freer.o)
 .ARM.attributes
                0x0000000000000634       0x2c /Users/owen/gcc-arm-none-eabi-4_8-2014q1/bin/../lib/gcc/arm-none-eabi/4.8.3/../../../../arm-none-eabi/lib/armv6-m/libg_s.a(lib_a-nano-mallocr.o)
 .ARM.attributes
                0x0000000000000660       0x2c /Users/owen/gcc-arm-none-eabi-4_8-2014q1/bin/../lib/gcc/arm-none-eabi/4.8.3/../../../../arm-none-eabi/lib/armv6-m/libg_s.a(lib_a-realloc.o)
 .ARM.attributes
                0x000000000000068c       0x2c /Users/owen/gcc-arm-none-eabi-4_8-2014q1/bin/../lib/gcc/arm-none-eabi/4.8.3/../../../../arm-none-eabi/lib/armv6-m/libg_s.a(lib_a-sbrkr.o)
 .ARM.attributes
                0x00000000000006b8       0x1c /Users/owen/gcc-arm-none-eabi-4_8-2014q1/bin/../lib/gcc/arm-none-eabi/4.8.3/../../../../arm-none-eabi/lib/armv6-m/libg_s.a(lib_a-strcmp.o)
 .ARM.attributes
                0x00000000000006d4       0x2c /Users/owen/gcc-arm-none-eabi-4_8-2014q1/bin/../lib/gcc/arm-none-eabi/4.8.3/../../../../arm-none-eabi/lib/armv6-m/libg_s.a(lib_a-strcpy.o)
 .ARM.attributes
                0x0000000000000700       0x2c /Users/owen/gcc-arm-none-eabi-4_8-2014q1/bin/../lib/gcc/arm-none-eabi/4.8.3/../../../../arm-none-eabi/lib/armv6-m/libg_s.a(lib_a-strlen.o)
 .ARM.attributes
                0x000000000000072c       0x2c /Users/owen/gcc-arm-none-eabi-4_8-2014q1/bin/../lib/gcc/arm-none-eabi/4.8.3/../../../../arm-none-eabi/lib/armv6-m/libg_s.a(lib_a-strncmp.o)
 .ARM.attributes
                0x0000000000000758       0x2c /Users/owen/gcc-arm-none-eabi-4_8-2014q1/bin/../lib/gcc/arm-none-eabi/4.8.3/../../../../arm-none-eabi/lib/armv6-m/libg_s.a(lib_a-vsnprintf.o)
 .ARM.attributes
                0x0000000000000784       0x2c /Users/owen/gcc-arm-none-eabi-4_8-2014q1/bin/../lib/gcc/arm-none-eabi/4.8.3/../../../../arm-none-eabi/lib/armv6-m/libg_s.a(lib_a-nano-reallocr.o)
 .ARM.attributes
                0x00000000000007b0       0x2c /Users/owen/gcc-arm-none-eabi-4_8-2014q1/bin/../lib/gcc/arm-none-eabi/4.8.3/../../../../arm-none-eabi/lib/armv6-m/libg_s.a(lib_a-svfprintf.o)
 .ARM.attributes
                0x00000000000007dc       0x2c /Users/owen/gcc-arm-none-eabi-4_8-2014q1/bin/../lib/gcc/arm-none-eabi/4.8.3/../../../../arm-none-eabi/lib/armv6-m/libg_s.a(lib_a-vfprintf_i.o)
 .ARM.attributes
                0x0000000000000808       0x2c /Users/owen/gcc-arm-none-eabi-4_8-2014q1/bin/../lib/gcc/arm-none-eabi/4.8.3/../../../../arm-none-eabi/lib/armv6-m/libg_s.a(lib_a-memchr-stub.o)
 .ARM.attributes
                0x0000000000000834       0x2c /Users/owen/gcc-arm-none-eabi-4_8-2014q1/bin/../lib/gcc/arm-none-eabi/4.8.3/../../../../arm-none-eabi/lib/armv6-m/libg_s.a(lib_a-memmove.o)
 .ARM.attributes
                0x0000000000000860       0x2c /Users/owen/gcc-arm-none-eabi-4_8-2014q1/bin/../lib/gcc/arm-none-eabi/4.8.3/../../../../arm-none-eabi/lib/armv6-m/libg_s.a(lib_a-nano-msizer.o)

.debug
 *(.debug)

.line
 *(.line)

.debug_srcinfo
 *(.debug_srcinfo)

.debug_sfnames
 *(.debug_sfnames)

.debug_aranges  0x0000000000000000      0xb20
 *(.debug_aranges)
 .debug_aranges
                0x0000000000000000      0x108 ./system/src/stm32f0-stdperiph/stm32f0xx_adc.o
 .debug_aranges
                0x0000000000000108       0x80 ./system/src/stm32f0-stdperiph/stm32f0xx_gpio.o
 .debug_aranges
                0x0000000000000188       0x30 ./system/src/stm32f0-stdperiph/stm32f0xx_misc.o
 .debug_aranges
                0x00000000000001b8      0x160 ./system/src/stm32f0-stdperiph/stm32f0xx_rcc.o
 .debug_aranges
                0x0000000000000318      0x1a0 ./system/src/stm32f0-stdperiph/stm32f0xx_usart.o
 .debug_aranges
                0x00000000000004b8       0x28 ./system/src/newlib/_exit.o
 .debug_aranges
                0x00000000000004e0       0x20 ./system/src/newlib/_sbrk.o
 .debug_aranges
                0x0000000000000500       0x40 ./system/src/newlib/_startup.o
 .debug_aranges
                0x0000000000000540       0xd0 ./system/src/newlib/_syscalls.o
 .debug_aranges
                0x0000000000000610       0x28 ./system/src/newlib/assert.o
 .debug_aranges
                0x0000000000000638       0x38 ./system/src/diag/Trace.o
 .debug_aranges
                0x0000000000000670       0x30 ./system/src/diag/trace_impl.o
 .debug_aranges
                0x00000000000006a0       0x20 ./system/src/cortexm/_initialize_hardware.o
 .debug_aranges
                0x00000000000006c0       0x48 ./system/src/cortexm/exception_handlers.o
 .debug_aranges
                0x0000000000000708       0x30 ./system/src/cmsis/system_stm32f0xx.o
 .debug_aranges
                0x0000000000000738       0x20 ./system/src/cmsis/vectors_stm32f0xx.o
 .debug_aranges
                0x0000000000000758       0xa8 ./src/OSC/OSCData.o
 .debug_aranges
                0x0000000000000800       0x48 ./src/OSC/OSCMatch.o
 .debug_aranges
                0x0000000000000848      0x180 ./src/OSC/OSCMessage.o
 .debug_aranges
                0x00000000000009c8       0x70 ./src/OSC/SLIPEncodedSerial.o
 .debug_aranges
                0x0000000000000a38       0x20 ./src/BlinkLed.o
 .debug_aranges
                0x0000000000000a58       0x38 ./src/Timer.o
 .debug_aranges
                0x0000000000000a90       0x48 ./src/main.o
 .debug_aranges
                0x0000000000000ad8       0x48 ./src/uart.o

.debug_pubnames
 *(.debug_pubnames)

.debug_info     0x0000000000000000     0xe741
 *(.debug_info .gnu.linkonce.wi.*)
 .debug_info    0x0000000000000000      0xfd9 ./system/src/stm32f0-stdperiph/stm32f0xx_adc.o
 .debug_info    0x0000000000000fd9      0xa38 ./system/src/stm32f0-stdperiph/stm32f0xx_gpio.o
 .debug_info    0x0000000000001a11      0x41c ./system/src/stm32f0-stdperiph/stm32f0xx_misc.o
 .debug_info    0x0000000000001e2d      0xf39 ./system/src/stm32f0-stdperiph/stm32f0xx_rcc.o
 .debug_info    0x0000000000002d66     0x1b10 ./system/src/stm32f0-stdperiph/stm32f0xx_usart.o
 .debug_info    0x0000000000004876      0x100 ./system/src/newlib/_exit.o
 .debug_info    0x0000000000004976      0x125 ./system/src/newlib/_sbrk.o
 .debug_info    0x0000000000004a9b      0x469 ./system/src/newlib/_startup.o
 .debug_info    0x0000000000004f04      0x8f3 ./system/src/newlib/_syscalls.o
 .debug_info    0x00000000000057f7      0x1cd ./system/src/newlib/assert.o
 .debug_info    0x00000000000059c4      0x325 ./system/src/diag/Trace.o
 .debug_info    0x0000000000005ce9      0x2e4 ./system/src/diag/trace_impl.o
 .debug_info    0x0000000000005fcd       0x9d ./system/src/cortexm/_initialize_hardware.o
 .debug_info    0x000000000000606a       0xa5 ./system/src/cortexm/exception_handlers.o
 .debug_info    0x000000000000610f      0x309 ./system/src/cmsis/system_stm32f0xx.o
 .debug_info    0x0000000000006418       0x92 ./system/src/cmsis/vectors_stm32f0xx.o
 .debug_info    0x00000000000064aa      0xbed ./src/OSC/OSCData.o
 .debug_info    0x0000000000007097      0x4f4 ./src/OSC/OSCMatch.o
 .debug_info    0x000000000000758b     0x3d2e ./src/OSC/OSCMessage.o
 .debug_info    0x000000000000b2b9      0x5f6 ./src/OSC/SLIPEncodedSerial.o
 .debug_info    0x000000000000b8af      0x3ec ./src/BlinkLed.o
 .debug_info    0x000000000000bc9b      0x462 ./src/Timer.o
 .debug_info    0x000000000000c0fd     0x1d73 ./src/main.o
 .debug_info    0x000000000000de70      0x8d1 ./src/uart.o

.debug_abbrev   0x0000000000000000     0x29bc
 *(.debug_abbrev)
 .debug_abbrev  0x0000000000000000      0x1b9 ./system/src/stm32f0-stdperiph/stm32f0xx_adc.o
 .debug_abbrev  0x00000000000001b9      0x1db ./system/src/stm32f0-stdperiph/stm32f0xx_gpio.o
 .debug_abbrev  0x0000000000000394      0x16e ./system/src/stm32f0-stdperiph/stm32f0xx_misc.o
 .debug_abbrev  0x0000000000000502      0x23e ./system/src/stm32f0-stdperiph/stm32f0xx_rcc.o
 .debug_abbrev  0x0000000000000740      0x1d2 ./system/src/stm32f0-stdperiph/stm32f0xx_usart.o
 .debug_abbrev  0x0000000000000912       0xa4 ./system/src/newlib/_exit.o
 .debug_abbrev  0x00000000000009b6       0xbb ./system/src/newlib/_sbrk.o
 .debug_abbrev  0x0000000000000a71      0x1da ./system/src/newlib/_startup.o
 .debug_abbrev  0x0000000000000c4b      0x178 ./system/src/newlib/_syscalls.o
 .debug_abbrev  0x0000000000000dc3       0xc9 ./system/src/newlib/assert.o
 .debug_abbrev  0x0000000000000e8c      0x178 ./system/src/diag/Trace.o
 .debug_abbrev  0x0000000000001004      0x1a3 ./system/src/diag/trace_impl.o
 .debug_abbrev  0x00000000000011a7       0x63 ./system/src/cortexm/_initialize_hardware.o
 .debug_abbrev  0x000000000000120a       0x65 ./system/src/cortexm/exception_handlers.o
 .debug_abbrev  0x000000000000126f      0x146 ./system/src/cmsis/system_stm32f0xx.o
 .debug_abbrev  0x00000000000013b5       0x92 ./system/src/cmsis/vectors_stm32f0xx.o
 .debug_abbrev  0x0000000000001447      0x2d5 ./src/OSC/OSCData.o
 .debug_abbrev  0x000000000000171c      0x17c ./src/OSC/OSCMatch.o
 .debug_abbrev  0x0000000000001898      0x52d ./src/OSC/OSCMessage.o
 .debug_abbrev  0x0000000000001dc5      0x22c ./src/OSC/SLIPEncodedSerial.o
 .debug_abbrev  0x0000000000001ff1      0x16d ./src/BlinkLed.o
 .debug_abbrev  0x000000000000215e      0x1b5 ./src/Timer.o
 .debug_abbrev  0x0000000000002313      0x4ae ./src/main.o
 .debug_abbrev  0x00000000000027c1      0x1fb ./src/uart.o

.debug_line     0x0000000000000000     0x7579
 *(.debug_line)
 .debug_line    0x0000000000000000      0x872 ./system/src/stm32f0-stdperiph/stm32f0xx_adc.o
 .debug_line    0x0000000000000872      0x628 ./system/src/stm32f0-stdperiph/stm32f0xx_gpio.o
 .debug_line    0x0000000000000e9a      0x47f ./system/src/stm32f0-stdperiph/stm32f0xx_misc.o
 .debug_line    0x0000000000001319      0x931 ./system/src/stm32f0-stdperiph/stm32f0xx_rcc.o
 .debug_line    0x0000000000001c4a      0xb57 ./system/src/stm32f0-stdperiph/stm32f0xx_usart.o
 .debug_line    0x00000000000027a1      0x272 ./system/src/newlib/_exit.o
 .debug_line    0x0000000000002a13      0x224 ./system/src/newlib/_sbrk.o
 .debug_line    0x0000000000002c37      0x2e7 ./system/src/newlib/_startup.o
 .debug_line    0x0000000000002f1e      0x495 ./system/src/newlib/_syscalls.o
 .debug_line    0x00000000000033b3      0x2a9 ./system/src/newlib/assert.o
 .debug_line    0x000000000000365c      0x331 ./system/src/diag/Trace.o
 .debug_line    0x000000000000398d      0x56f ./system/src/diag/trace_impl.o
 .debug_line    0x0000000000003efc      0x438 ./system/src/cortexm/_initialize_hardware.o
 .debug_line    0x0000000000004334       0x97 ./system/src/cortexm/exception_handlers.o
 .debug_line    0x00000000000043cb      0x489 ./system/src/cmsis/system_stm32f0xx.o
 .debug_line    0x0000000000004854       0x89 ./system/src/cmsis/vectors_stm32f0xx.o
 .debug_line    0x00000000000048dd      0x472 ./src/OSC/OSCData.o
 .debug_line    0x0000000000004d4f      0x483 ./src/OSC/OSCMatch.o
 .debug_line    0x00000000000051d2      0x981 ./src/OSC/OSCMessage.o
 .debug_line    0x0000000000005b53      0x558 ./src/OSC/SLIPEncodedSerial.o
 .debug_line    0x00000000000060ab      0x42d ./src/BlinkLed.o
 .debug_line    0x00000000000064d8      0x4a5 ./src/Timer.o
 .debug_line    0x000000000000697d      0x75c ./src/main.o
 .debug_line    0x00000000000070d9      0x4a0 ./src/uart.o

.debug_frame    0x0000000000000000     0x2190
 *(.debug_frame)
 .debug_frame   0x0000000000000000      0x32c ./system/src/stm32f0-stdperiph/stm32f0xx_adc.o
 .debug_frame   0x000000000000032c      0x168 ./system/src/stm32f0-stdperiph/stm32f0xx_gpio.o
 .debug_frame   0x0000000000000494       0x60 ./system/src/stm32f0-stdperiph/stm32f0xx_misc.o
 .debug_frame   0x00000000000004f4      0x3f8 ./system/src/stm32f0-stdperiph/stm32f0xx_rcc.o
 .debug_frame   0x00000000000008ec      0x558 ./system/src/stm32f0-stdperiph/stm32f0xx_usart.o
 .debug_frame   0x0000000000000e44       0x38 ./system/src/newlib/_exit.o
 .debug_frame   0x0000000000000e7c       0x28 ./system/src/newlib/_sbrk.o
 .debug_frame   0x0000000000000ea4       0x84 ./system/src/newlib/_startup.o
 .debug_frame   0x0000000000000f28      0x230 ./system/src/newlib/_syscalls.o
 .debug_frame   0x0000000000001158       0x48 ./system/src/newlib/assert.o
 .debug_frame   0x00000000000011a0       0x80 ./system/src/diag/Trace.o
 .debug_frame   0x0000000000001220       0x64 ./system/src/diag/trace_impl.o
 .debug_frame   0x0000000000001284       0x28 ./system/src/cortexm/_initialize_hardware.o
 .debug_frame   0x00000000000012ac       0x78 ./system/src/cortexm/exception_handlers.o
 .debug_frame   0x0000000000001324       0x54 ./system/src/cmsis/system_stm32f0xx.o
 .debug_frame   0x0000000000001378       0x20 ./system/src/cmsis/vectors_stm32f0xx.o
 .debug_frame   0x0000000000001398      0x190 ./src/OSC/OSCData.o
 .debug_frame   0x0000000000001528       0xcc ./src/OSC/OSCMatch.o
 .debug_frame   0x00000000000015f4      0x4cc ./src/OSC/OSCMessage.o
 .debug_frame   0x0000000000001ac0      0x10c ./src/OSC/SLIPEncodedSerial.o
 .debug_frame   0x0000000000001bcc       0x38 ./src/BlinkLed.o
 .debug_frame   0x0000000000001c04       0x60 ./src/Timer.o
 .debug_frame   0x0000000000001c64       0xb8 ./src/main.o
 .debug_frame   0x0000000000001d1c       0x98 ./src/uart.o
 .debug_frame   0x0000000000001db4       0x28 /Users/owen/gcc-arm-none-eabi-4_8-2014q1/bin/../lib/gcc/arm-none-eabi/4.8.3/../../../../arm-none-eabi/lib/armv6-m/libstdc++_s.a(del_op.o)
 .debug_frame   0x0000000000001ddc       0x28 /Users/owen/gcc-arm-none-eabi-4_8-2014q1/bin/../lib/gcc/arm-none-eabi/4.8.3/../../../../arm-none-eabi/lib/armv6-m/libstdc++_s.a(new_op.o)
 .debug_frame   0x0000000000001e04       0x20 /Users/owen/gcc-arm-none-eabi-4_8-2014q1/bin/../lib/gcc/arm-none-eabi/4.8.3/../../../../arm-none-eabi/lib/armv6-m/libstdc++_s.a(new_handler.o)
 .debug_frame   0x0000000000001e24       0x20 /Users/owen/gcc-arm-none-eabi-4_8-2014q1/bin/../lib/gcc/arm-none-eabi/4.8.3/armv6-m/libgcc.a(_udivsi3.o)
 .debug_frame   0x0000000000001e44       0x20 /Users/owen/gcc-arm-none-eabi-4_8-2014q1/bin/../lib/gcc/arm-none-eabi/4.8.3/../../../../arm-none-eabi/lib/armv6-m/libg_s.a(lib_a-errno.o)
 .debug_frame   0x0000000000001e64       0x40 /Users/owen/gcc-arm-none-eabi-4_8-2014q1/bin/../lib/gcc/arm-none-eabi/4.8.3/../../../../arm-none-eabi/lib/armv6-m/libg_s.a(lib_a-malloc.o)
 .debug_frame   0x0000000000001ea4       0x28 /Users/owen/gcc-arm-none-eabi-4_8-2014q1/bin/../lib/gcc/arm-none-eabi/4.8.3/../../../../arm-none-eabi/lib/armv6-m/libg_s.a(lib_a-memcpy-stub.o)
 .debug_frame   0x0000000000001ecc       0x2c /Users/owen/gcc-arm-none-eabi-4_8-2014q1/bin/../lib/gcc/arm-none-eabi/4.8.3/../../../../arm-none-eabi/lib/armv6-m/libg_s.a(lib_a-nano-freer.o)
 .debug_frame   0x0000000000001ef8       0x2c /Users/owen/gcc-arm-none-eabi-4_8-2014q1/bin/../lib/gcc/arm-none-eabi/4.8.3/../../../../arm-none-eabi/lib/armv6-m/libg_s.a(lib_a-nano-mallocr.o)
 .debug_frame   0x0000000000001f24       0x28 /Users/owen/gcc-arm-none-eabi-4_8-2014q1/bin/../lib/gcc/arm-none-eabi/4.8.3/../../../../arm-none-eabi/lib/armv6-m/libg_s.a(lib_a-realloc.o)
 .debug_frame   0x0000000000001f4c       0x2c /Users/owen/gcc-arm-none-eabi-4_8-2014q1/bin/../lib/gcc/arm-none-eabi/4.8.3/../../../../arm-none-eabi/lib/armv6-m/libg_s.a(lib_a-sbrkr.o)
 .debug_frame   0x0000000000001f78       0x20 /Users/owen/gcc-arm-none-eabi-4_8-2014q1/bin/../lib/gcc/arm-none-eabi/4.8.3/../../../../arm-none-eabi/lib/armv6-m/libg_s.a(lib_a-strcpy.o)
 .debug_frame   0x0000000000001f98       0x20 /Users/owen/gcc-arm-none-eabi-4_8-2014q1/bin/../lib/gcc/arm-none-eabi/4.8.3/../../../../arm-none-eabi/lib/armv6-m/libg_s.a(lib_a-strlen.o)
 .debug_frame   0x0000000000001fb8       0x28 /Users/owen/gcc-arm-none-eabi-4_8-2014q1/bin/../lib/gcc/arm-none-eabi/4.8.3/../../../../arm-none-eabi/lib/armv6-m/libg_s.a(lib_a-strncmp.o)
 .debug_frame   0x0000000000001fe0       0x4c /Users/owen/gcc-arm-none-eabi-4_8-2014q1/bin/../lib/gcc/arm-none-eabi/4.8.3/../../../../arm-none-eabi/lib/armv6-m/libg_s.a(lib_a-vsnprintf.o)
 .debug_frame   0x000000000000202c       0x30 /Users/owen/gcc-arm-none-eabi-4_8-2014q1/bin/../lib/gcc/arm-none-eabi/4.8.3/../../../../arm-none-eabi/lib/armv6-m/libg_s.a(lib_a-nano-reallocr.o)
 .debug_frame   0x000000000000205c       0x74 /Users/owen/gcc-arm-none-eabi-4_8-2014q1/bin/../lib/gcc/arm-none-eabi/4.8.3/../../../../arm-none-eabi/lib/armv6-m/libg_s.a(lib_a-svfprintf.o)
 .debug_frame   0x00000000000020d0       0x54 /Users/owen/gcc-arm-none-eabi-4_8-2014q1/bin/../lib/gcc/arm-none-eabi/4.8.3/../../../../arm-none-eabi/lib/armv6-m/libg_s.a(lib_a-vfprintf_i.o)
 .debug_frame   0x0000000000002124       0x20 /Users/owen/gcc-arm-none-eabi-4_8-2014q1/bin/../lib/gcc/arm-none-eabi/4.8.3/../../../../arm-none-eabi/lib/armv6-m/libg_s.a(lib_a-memchr-stub.o)
 .debug_frame   0x0000000000002144       0x2c /Users/owen/gcc-arm-none-eabi-4_8-2014q1/bin/../lib/gcc/arm-none-eabi/4.8.3/../../../../arm-none-eabi/lib/armv6-m/libg_s.a(lib_a-memmove.o)
 .debug_frame   0x0000000000002170       0x20 /Users/owen/gcc-arm-none-eabi-4_8-2014q1/bin/../lib/gcc/arm-none-eabi/4.8.3/../../../../arm-none-eabi/lib/armv6-m/libg_s.a(lib_a-nano-msizer.o)

.debug_str      0x0000000000000000    0x48672
 *(.debug_str)
 .debug_str     0x0000000000000000    0x3f06d ./system/src/stm32f0-stdperiph/stm32f0xx_adc.o
                                      0x3f21a (size before relaxing)
 .debug_str     0x000000000003f06d      0x270 ./system/src/stm32f0-stdperiph/stm32f0xx_gpio.o
                                      0x3f08b (size before relaxing)
 .debug_str     0x000000000003f2dd      0x14d ./system/src/stm32f0-stdperiph/stm32f0xx_misc.o
                                      0x3eecf (size before relaxing)
 .debug_str     0x000000000003f42a      0x611 ./system/src/stm32f0-stdperiph/stm32f0xx_rcc.o
                                      0x3f411 (size before relaxing)
 .debug_str     0x000000000003fa3b      0x80e ./system/src/stm32f0-stdperiph/stm32f0xx_usart.o
                                      0x3f6b9 (size before relaxing)
 .debug_str     0x0000000000040249     0x27fe ./system/src/newlib/_exit.o
                                       0x4dde (size before relaxing)
 .debug_str     0x0000000000042a47      0x4de ./system/src/newlib/_sbrk.o
                                       0x4394 (size before relaxing)
 .debug_str     0x0000000000042f25      0x24c ./system/src/newlib/_startup.o
                                       0x3e04 (size before relaxing)
 .debug_str     0x0000000000043171      0xe34 ./system/src/newlib/_syscalls.o
                                       0x5253 (size before relaxing)
 .debug_str     0x0000000000043fa5       0xd0 ./system/src/newlib/assert.o
                                       0x57a1 (size before relaxing)
 .debug_str     0x0000000000044075     0x1782 ./system/src/diag/Trace.o
                                       0x64c5 (size before relaxing)
 .debug_str     0x00000000000457f7      0x378 ./system/src/diag/trace_impl.o
                                      0x40bf3 (size before relaxing)
 .debug_str     0x0000000000045b6f       0x38 ./system/src/cortexm/_initialize_hardware.o
                                      0x3ed56 (size before relaxing)
 .debug_str     0x0000000000045ba7       0xa1 ./system/src/cortexm/exception_handlers.o
                                       0x23d9 (size before relaxing)
 .debug_str     0x0000000000045c48       0x7d ./system/src/cmsis/system_stm32f0xx.o
                                      0x3ee56 (size before relaxing)
 .debug_str     0x0000000000045cc5       0x56 ./system/src/cmsis/vectors_stm32f0xx.o
                                       0x23bc (size before relaxing)
 .debug_str     0x0000000000045d1b     0x1503 ./src/OSC/OSCData.o
                                       0x66b1 (size before relaxing)
 .debug_str     0x000000000004721e      0x16b ./src/OSC/OSCMatch.o
                                       0x4b54 (size before relaxing)
 .debug_str     0x0000000000047389      0xad0 ./src/OSC/OSCMessage.o
                                       0x7173 (size before relaxing)
 .debug_str     0x0000000000047e59       0xaa ./src/OSC/SLIPEncodedSerial.o
                                      0x3f07c (size before relaxing)
 .debug_str     0x0000000000047f03      0x25a ./src/BlinkLed.o
                                      0x3f167 (size before relaxing)
 .debug_str     0x000000000004815d      0x246 ./src/Timer.o
                                      0x3f045 (size before relaxing)
 .debug_str     0x00000000000483a3      0x23c ./src/main.o
                                      0x44e79 (size before relaxing)
 .debug_str     0x00000000000485df       0x93 ./src/uart.o
                                      0x3f55b (size before relaxing)

.debug_loc      0x0000000000000000     0x7324
 *(.debug_loc)
 .debug_loc     0x0000000000000000      0xa9c ./system/src/stm32f0-stdperiph/stm32f0xx_adc.o
 .debug_loc     0x0000000000000a9c      0x4e1 ./system/src/stm32f0-stdperiph/stm32f0xx_gpio.o
 .debug_loc     0x0000000000000f7d       0xeb ./system/src/stm32f0-stdperiph/stm32f0xx_misc.o
 .debug_loc     0x0000000000001068      0xc3f ./system/src/stm32f0-stdperiph/stm32f0xx_rcc.o
 .debug_loc     0x0000000000001ca7     0x13bf ./system/src/stm32f0-stdperiph/stm32f0xx_usart.o
 .debug_loc     0x0000000000003066       0x70 ./system/src/newlib/_sbrk.o
 .debug_loc     0x00000000000030d6      0x265 ./system/src/newlib/_startup.o
 .debug_loc     0x000000000000333b      0x549 ./system/src/newlib/_syscalls.o
 .debug_loc     0x0000000000003884       0xf7 ./system/src/newlib/assert.o
 .debug_loc     0x000000000000397b       0xf7 ./system/src/diag/Trace.o
 .debug_loc     0x0000000000003a72      0x1a6 ./system/src/diag/trace_impl.o
 .debug_loc     0x0000000000003c18       0xe2 ./system/src/cmsis/system_stm32f0xx.o
 .debug_loc     0x0000000000003cfa      0x4c3 ./src/OSC/OSCData.o
 .debug_loc     0x00000000000041bd      0x67e ./src/OSC/OSCMatch.o
 .debug_loc     0x000000000000483b     0x23e9 ./src/OSC/OSCMessage.o
 .debug_loc     0x0000000000006c24      0x34b ./src/OSC/SLIPEncodedSerial.o
 .debug_loc     0x0000000000006f6f       0x59 ./src/Timer.o
 .debug_loc     0x0000000000006fc8      0x2e7 ./src/main.o
 .debug_loc     0x00000000000072af       0x75 ./src/uart.o

.debug_macinfo
 *(.debug_macinfo)

.debug_weaknames
 *(.debug_weaknames)

.debug_funcnames
 *(.debug_funcnames)

.debug_typenames
 *(.debug_typenames)

.debug_varnames
 *(.debug_varnames)
OUTPUT(Blinking_STM32F0.elf elf32-littlearm)

.debug_ranges   0x0000000000000000      0xb00
 .debug_ranges  0x0000000000000000       0xf8 ./system/src/stm32f0-stdperiph/stm32f0xx_adc.o
 .debug_ranges  0x00000000000000f8       0x70 ./system/src/stm32f0-stdperiph/stm32f0xx_gpio.o
 .debug_ranges  0x0000000000000168       0x20 ./system/src/stm32f0-stdperiph/stm32f0xx_misc.o
 .debug_ranges  0x0000000000000188      0x150 ./system/src/stm32f0-stdperiph/stm32f0xx_rcc.o
 .debug_ranges  0x00000000000002d8      0x190 ./system/src/stm32f0-stdperiph/stm32f0xx_usart.o
 .debug_ranges  0x0000000000000468       0x18 ./system/src/newlib/_exit.o
 .debug_ranges  0x0000000000000480       0x10 ./system/src/newlib/_sbrk.o
 .debug_ranges  0x0000000000000490       0x48 ./system/src/newlib/_startup.o
 .debug_ranges  0x00000000000004d8       0xc0 ./system/src/newlib/_syscalls.o
 .debug_ranges  0x0000000000000598       0x18 ./system/src/newlib/assert.o
 .debug_ranges  0x00000000000005b0       0x28 ./system/src/diag/Trace.o
 .debug_ranges  0x00000000000005d8       0x38 ./system/src/diag/trace_impl.o
 .debug_ranges  0x0000000000000610       0x10 ./system/src/cortexm/_initialize_hardware.o
 .debug_ranges  0x0000000000000620       0x38 ./system/src/cortexm/exception_handlers.o
 .debug_ranges  0x0000000000000658       0x20 ./system/src/cmsis/system_stm32f0xx.o
 .debug_ranges  0x0000000000000678       0x10 ./system/src/cmsis/vectors_stm32f0xx.o
 .debug_ranges  0x0000000000000688       0x98 ./src/OSC/OSCData.o
 .debug_ranges  0x0000000000000720       0x88 ./src/OSC/OSCMatch.o
 .debug_ranges  0x00000000000007a8      0x230 ./src/OSC/OSCMessage.o
 .debug_ranges  0x00000000000009d8       0x80 ./src/OSC/SLIPEncodedSerial.o
 .debug_ranges  0x0000000000000a58       0x10 ./src/BlinkLed.o
 .debug_ranges  0x0000000000000a68       0x28 ./src/Timer.o
 .debug_ranges  0x0000000000000a90       0x38 ./src/main.o
 .debug_ranges  0x0000000000000ac8       0x38 ./src/uart.o

.debug_macro    0x0000000000000000     0xe7db
 .debug_macro   0x0000000000000000      0x180 ./system/src/stm32f0-stdperiph/stm32f0xx_adc.o
 .debug_macro   0x0000000000000180      0x832 ./system/src/stm32f0-stdperiph/stm32f0xx_adc.o
 .debug_macro   0x00000000000009b2       0x7a ./system/src/stm32f0-stdperiph/stm32f0xx_adc.o
 .debug_macro   0x0000000000000a2c       0x3a ./system/src/stm32f0-stdperiph/stm32f0xx_adc.o
 .debug_macro   0x0000000000000a66       0x16 ./system/src/stm32f0-stdperiph/stm32f0xx_adc.o
 .debug_macro   0x0000000000000a7c       0x44 ./system/src/stm32f0-stdperiph/stm32f0xx_adc.o
 .debug_macro   0x0000000000000ac0      0x209 ./system/src/stm32f0-stdperiph/stm32f0xx_adc.o
 .debug_macro   0x0000000000000cc9       0x1f ./system/src/stm32f0-stdperiph/stm32f0xx_adc.o
 .debug_macro   0x0000000000000ce8      0x242 ./system/src/stm32f0-stdperiph/stm32f0xx_adc.o
 .debug_macro   0x0000000000000f2a     0x5b9e ./system/src/stm32f0-stdperiph/stm32f0xx_adc.o
 .debug_macro   0x0000000000006ac8      0x3c9 ./system/src/stm32f0-stdperiph/stm32f0xx_adc.o
 .debug_macro   0x0000000000006e91      0x191 ./system/src/stm32f0-stdperiph/stm32f0xx_adc.o
 .debug_macro   0x0000000000007022       0x46 ./system/src/stm32f0-stdperiph/stm32f0xx_adc.o
 .debug_macro   0x0000000000007068       0xd9 ./system/src/stm32f0-stdperiph/stm32f0xx_adc.o
 .debug_macro   0x0000000000007141       0xef ./system/src/stm32f0-stdperiph/stm32f0xx_adc.o
 .debug_macro   0x0000000000007230      0x184 ./system/src/stm32f0-stdperiph/stm32f0xx_adc.o
 .debug_macro   0x00000000000073b4       0x7c ./system/src/stm32f0-stdperiph/stm32f0xx_adc.o
 .debug_macro   0x0000000000007430      0x295 ./system/src/stm32f0-stdperiph/stm32f0xx_adc.o
 .debug_macro   0x00000000000076c5       0xd7 ./system/src/stm32f0-stdperiph/stm32f0xx_adc.o
 .debug_macro   0x000000000000779c      0x23d ./system/src/stm32f0-stdperiph/stm32f0xx_adc.o
 .debug_macro   0x00000000000079d9      0x185 ./system/src/stm32f0-stdperiph/stm32f0xx_adc.o
 .debug_macro   0x0000000000007b5e      0x184 ./system/src/stm32f0-stdperiph/stm32f0xx_adc.o
 .debug_macro   0x0000000000007ce2      0x2a0 ./system/src/stm32f0-stdperiph/stm32f0xx_adc.o
 .debug_macro   0x0000000000007f82       0x70 ./system/src/stm32f0-stdperiph/stm32f0xx_adc.o
 .debug_macro   0x0000000000007ff2       0xdf ./system/src/stm32f0-stdperiph/stm32f0xx_adc.o
 .debug_macro   0x00000000000080d1      0x4e3 ./system/src/stm32f0-stdperiph/stm32f0xx_adc.o
 .debug_macro   0x00000000000085b4      0x4c5 ./system/src/stm32f0-stdperiph/stm32f0xx_adc.o
 .debug_macro   0x0000000000008a79      0x397 ./system/src/stm32f0-stdperiph/stm32f0xx_adc.o
 .debug_macro   0x0000000000008e10      0x750 ./system/src/stm32f0-stdperiph/stm32f0xx_adc.o
 .debug_macro   0x0000000000009560      0x353 ./system/src/stm32f0-stdperiph/stm32f0xx_adc.o
 .debug_macro   0x00000000000098b3       0x34 ./system/src/stm32f0-stdperiph/stm32f0xx_adc.o
 .debug_macro   0x00000000000098e7       0x3a ./system/src/stm32f0-stdperiph/stm32f0xx_adc.o
 .debug_macro   0x0000000000009921      0x2ec ./system/src/stm32f0-stdperiph/stm32f0xx_adc.o
 .debug_macro   0x0000000000009c0d      0x174 ./system/src/stm32f0-stdperiph/stm32f0xx_gpio.o
 .debug_macro   0x0000000000009d81      0x3cf ./system/src/stm32f0-stdperiph/stm32f0xx_gpio.o
 .debug_macro   0x000000000000a150      0x17f ./system/src/stm32f0-stdperiph/stm32f0xx_gpio.o
 .debug_macro   0x000000000000a2cf      0x174 ./system/src/stm32f0-stdperiph/stm32f0xx_misc.o
 .debug_macro   0x000000000000a443       0x34 ./system/src/stm32f0-stdperiph/stm32f0xx_misc.o
 .debug_macro   0x000000000000a477      0x192 ./system/src/stm32f0-stdperiph/stm32f0xx_rcc.o
 .debug_macro   0x000000000000a609      0x4dd ./system/src/stm32f0-stdperiph/stm32f0xx_rcc.o
 .debug_macro   0x000000000000aae6      0x18c ./system/src/stm32f0-stdperiph/stm32f0xx_usart.o
 .debug_macro   0x000000000000ac72      0x34d ./system/src/stm32f0-stdperiph/stm32f0xx_usart.o
 .debug_macro   0x000000000000afbf      0x11b ./system/src/newlib/_exit.o
 .debug_macro   0x000000000000b0da       0xa3 ./system/src/newlib/_exit.o
 .debug_macro   0x000000000000b17d      0x10e ./system/src/newlib/_exit.o
 .debug_macro   0x000000000000b28b       0x86 ./system/src/newlib/_exit.o
 .debug_macro   0x000000000000b311       0x43 ./system/src/newlib/_exit.o
 .debug_macro   0x000000000000b354       0x10 ./system/src/newlib/_exit.o
 .debug_macro   0x000000000000b364       0x35 ./system/src/newlib/_exit.o
 .debug_macro   0x000000000000b399       0xd1 ./system/src/newlib/_sbrk.o
 .debug_macro   0x000000000000b46a       0x19 ./system/src/newlib/_sbrk.o
 .debug_macro   0x000000000000b483      0x16d ./system/src/newlib/_sbrk.o
 .debug_macro   0x000000000000b5f0       0x10 ./system/src/newlib/_sbrk.o
 .debug_macro   0x000000000000b600      0x23b ./system/src/newlib/_sbrk.o
 .debug_macro   0x000000000000b83b       0xe7 ./system/src/newlib/_startup.o
 .debug_macro   0x000000000000b922      0x169 ./system/src/newlib/_syscalls.o
 .debug_macro   0x000000000000ba8b       0x1c ./system/src/newlib/_syscalls.o
 .debug_macro   0x000000000000baa7       0x10 ./system/src/newlib/_syscalls.o
 .debug_macro   0x000000000000bab7       0x10 ./system/src/newlib/_syscalls.o
 .debug_macro   0x000000000000bac7       0x10 ./system/src/newlib/_syscalls.o
 .debug_macro   0x000000000000bad7       0x35 ./system/src/newlib/_syscalls.o
 .debug_macro   0x000000000000bb0c      0x120 ./system/src/newlib/_syscalls.o
 .debug_macro   0x000000000000bc2c       0x22 ./system/src/newlib/_syscalls.o
 .debug_macro   0x000000000000bc4e       0x2b ./system/src/newlib/_syscalls.o
 .debug_macro   0x000000000000bc79      0x118 ./system/src/newlib/_syscalls.o
 .debug_macro   0x000000000000bd91      0x13a ./system/src/newlib/_syscalls.o
 .debug_macro   0x000000000000becb       0x16 ./system/src/newlib/_syscalls.o
 .debug_macro   0x000000000000bee1      0x137 ./system/src/newlib/assert.o
 .debug_macro   0x000000000000c018       0x1c ./system/src/newlib/assert.o
 .debug_macro   0x000000000000c034      0x20f ./system/src/newlib/assert.o
 .debug_macro   0x000000000000c243      0x15a ./system/src/diag/Trace.o
 .debug_macro   0x000000000000c39d       0x16 ./system/src/diag/Trace.o
 .debug_macro   0x000000000000c3b3       0x97 ./system/src/diag/Trace.o
 .debug_macro   0x000000000000c44a       0x10 ./system/src/diag/Trace.o
 .debug_macro   0x000000000000c45a       0xf6 ./system/src/diag/Trace.o
 .debug_macro   0x000000000000c550       0x16 ./system/src/diag/Trace.o
 .debug_macro   0x000000000000c566      0x16c ./system/src/diag/Trace.o
 .debug_macro   0x000000000000c6d2       0x52 ./system/src/diag/Trace.o
 .debug_macro   0x000000000000c724      0x283 ./system/src/diag/Trace.o
 .debug_macro   0x000000000000c9a7       0x10 ./system/src/diag/Trace.o
 .debug_macro   0x000000000000c9b7       0x1f ./system/src/diag/Trace.o
 .debug_macro   0x000000000000c9d6      0x238 ./system/src/diag/trace_impl.o
 .debug_macro   0x000000000000cc0e       0x22 ./system/src/diag/trace_impl.o
 .debug_macro   0x000000000000cc30      0x174 ./system/src/cortexm/_initialize_hardware.o
 .debug_macro   0x000000000000cda4       0x1b ./system/src/cortexm/exception_handlers.o
 .debug_macro   0x000000000000cdbf      0x16a ./system/src/cmsis/system_stm32f0xx.o
 .debug_macro   0x000000000000cf29       0x1b ./system/src/cmsis/vectors_stm32f0xx.o
 .debug_macro   0x000000000000cf44      0x147 ./src/OSC/OSCData.o
 .debug_macro   0x000000000000d08b       0x1c ./src/OSC/OSCData.o
 .debug_macro   0x000000000000d0a7       0x10 ./src/OSC/OSCData.o
 .debug_macro   0x000000000000d0b7      0x452 ./src/OSC/OSCData.o
 .debug_macro   0x000000000000d509      0x2ad ./src/OSC/OSCData.o
 .debug_macro   0x000000000000d7b6       0xe5 ./src/OSC/OSCMatch.o
 .debug_macro   0x000000000000d89b       0x16 ./src/OSC/OSCMatch.o
 .debug_macro   0x000000000000d8b1      0x16b ./src/OSC/OSCMessage.o
 .debug_macro   0x000000000000da1c      0x182 ./src/OSC/SLIPEncodedSerial.o
 .debug_macro   0x000000000000db9e      0x242 ./src/OSC/SLIPEncodedSerial.o
 .debug_macro   0x000000000000dde0      0x179 ./src/BlinkLed.o
 .debug_macro   0x000000000000df59       0x4c ./src/BlinkLed.o
 .debug_macro   0x000000000000dfa5      0x18e ./src/Timer.o
 .debug_macro   0x000000000000e133      0x33f ./src/main.o
 .debug_macro   0x000000000000e472       0x97 ./src/main.o
 .debug_macro   0x000000000000e509       0xfd ./src/main.o
 .debug_macro   0x000000000000e606       0x52 ./src/main.o
 .debug_macro   0x000000000000e658      0x183 ./src/uart.o
