Archive member included because of file (symbol)

/Users/owen/gcc-arm-none-eabi-4_8-2014q1/bin/../lib/gcc/arm-none-eabi/4.8.3/../../../../arm-none-eabi/lib/armv6-m/libstdc++_s.a(del_op.o)
                              ./src/OSC/OSCMessage.o (operator delete(void*))
/Users/owen/gcc-arm-none-eabi-4_8-2014q1/bin/../lib/gcc/arm-none-eabi/4.8.3/../../../../arm-none-eabi/lib/armv6-m/libstdc++_s.a(new_op.o)
                              ./src/OSC/OSCMessage.o (operator new(unsigned int))
/Users/owen/gcc-arm-none-eabi-4_8-2014q1/bin/../lib/gcc/arm-none-eabi/4.8.3/../../../../arm-none-eabi/lib/armv6-m/libstdc++_s.a(new_handler.o)
                              /Users/owen/gcc-arm-none-eabi-4_8-2014q1/bin/../lib/gcc/arm-none-eabi/4.8.3/../../../../arm-none-eabi/lib/armv6-m/libstdc++_s.a(new_op.o) (__new_handler)
/Users/owen/gcc-arm-none-eabi-4_8-2014q1/bin/../lib/gcc/arm-none-eabi/4.8.3/armv6-m/libgcc.a(_udivsi3.o)
                              ./system/src/stm32f0-stdperiph/stm32f0xx_rcc.o (__aeabi_uidiv)
/Users/owen/gcc-arm-none-eabi-4_8-2014q1/bin/../lib/gcc/arm-none-eabi/4.8.3/armv6-m/libgcc.a(_dvmd_tls.o)
                              /Users/owen/gcc-arm-none-eabi-4_8-2014q1/bin/../lib/gcc/arm-none-eabi/4.8.3/armv6-m/libgcc.a(_udivsi3.o) (__aeabi_idiv0)
/Users/owen/gcc-arm-none-eabi-4_8-2014q1/bin/../lib/gcc/arm-none-eabi/4.8.3/../../../../arm-none-eabi/lib/armv6-m/libg_s.a(lib_a-errno.o)
                              ./system/src/newlib/_sbrk.o (__errno)
/Users/owen/gcc-arm-none-eabi-4_8-2014q1/bin/../lib/gcc/arm-none-eabi/4.8.3/../../../../arm-none-eabi/lib/armv6-m/libg_s.a(lib_a-impure.o)
                              /Users/owen/gcc-arm-none-eabi-4_8-2014q1/bin/../lib/gcc/arm-none-eabi/4.8.3/../../../../arm-none-eabi/lib/armv6-m/libg_s.a(lib_a-errno.o) (_impure_ptr)
/Users/owen/gcc-arm-none-eabi-4_8-2014q1/bin/../lib/gcc/arm-none-eabi/4.8.3/../../../../arm-none-eabi/lib/armv6-m/libg_s.a(lib_a-malloc.o)
                              ./src/OSC/OSCData.o (malloc)
/Users/owen/gcc-arm-none-eabi-4_8-2014q1/bin/../lib/gcc/arm-none-eabi/4.8.3/../../../../arm-none-eabi/lib/armv6-m/libg_s.a(lib_a-memcpy-stub.o)
                              ./src/OSC/OSCData.o (memcpy)
/Users/owen/gcc-arm-none-eabi-4_8-2014q1/bin/../lib/gcc/arm-none-eabi/4.8.3/../../../../arm-none-eabi/lib/armv6-m/libg_s.a(lib_a-nano-freer.o)
                              /Users/owen/gcc-arm-none-eabi-4_8-2014q1/bin/../lib/gcc/arm-none-eabi/4.8.3/../../../../arm-none-eabi/lib/armv6-m/libg_s.a(lib_a-malloc.o) (_free_r)
/Users/owen/gcc-arm-none-eabi-4_8-2014q1/bin/../lib/gcc/arm-none-eabi/4.8.3/../../../../arm-none-eabi/lib/armv6-m/libg_s.a(lib_a-nano-mallocr.o)
                              /Users/owen/gcc-arm-none-eabi-4_8-2014q1/bin/../lib/gcc/arm-none-eabi/4.8.3/../../../../arm-none-eabi/lib/armv6-m/libg_s.a(lib_a-malloc.o) (_malloc_r)
/Users/owen/gcc-arm-none-eabi-4_8-2014q1/bin/../lib/gcc/arm-none-eabi/4.8.3/../../../../arm-none-eabi/lib/armv6-m/libg_s.a(lib_a-realloc.o)
                              ./src/OSC/OSCMessage.o (realloc)
/Users/owen/gcc-arm-none-eabi-4_8-2014q1/bin/../lib/gcc/arm-none-eabi/4.8.3/../../../../arm-none-eabi/lib/armv6-m/libg_s.a(lib_a-sbrkr.o)
                              /Users/owen/gcc-arm-none-eabi-4_8-2014q1/bin/../lib/gcc/arm-none-eabi/4.8.3/../../../../arm-none-eabi/lib/armv6-m/libg_s.a(lib_a-nano-mallocr.o) (_sbrk_r)
/Users/owen/gcc-arm-none-eabi-4_8-2014q1/bin/../lib/gcc/arm-none-eabi/4.8.3/../../../../arm-none-eabi/lib/armv6-m/libg_s.a(lib_a-sprintf.o)
                              ./src/main.o (sprintf)
/Users/owen/gcc-arm-none-eabi-4_8-2014q1/bin/../lib/gcc/arm-none-eabi/4.8.3/../../../../arm-none-eabi/lib/armv6-m/libg_s.a(lib_a-strcmp.o)
                              ./src/OSC/OSCMatch.o (strcmp)
/Users/owen/gcc-arm-none-eabi-4_8-2014q1/bin/../lib/gcc/arm-none-eabi/4.8.3/../../../../arm-none-eabi/lib/armv6-m/libg_s.a(lib_a-strcpy.o)
                              ./src/OSC/OSCData.o (strcpy)
/Users/owen/gcc-arm-none-eabi-4_8-2014q1/bin/../lib/gcc/arm-none-eabi/4.8.3/../../../../arm-none-eabi/lib/armv6-m/libg_s.a(lib_a-strlen.o)
                              ./src/OSC/OSCData.o (strlen)
/Users/owen/gcc-arm-none-eabi-4_8-2014q1/bin/../lib/gcc/arm-none-eabi/4.8.3/../../../../arm-none-eabi/lib/armv6-m/libg_s.a(lib_a-strncmp.o)
                              ./src/OSC/OSCMatch.o (strncmp)
/Users/owen/gcc-arm-none-eabi-4_8-2014q1/bin/../lib/gcc/arm-none-eabi/4.8.3/../../../../arm-none-eabi/lib/armv6-m/libg_s.a(lib_a-strncpy.o)
                              ./src/OSC/OSCData.o (strncpy)
/Users/owen/gcc-arm-none-eabi-4_8-2014q1/bin/../lib/gcc/arm-none-eabi/4.8.3/../../../../arm-none-eabi/lib/armv6-m/libg_s.a(lib_a-svfprintf.o)
                              /Users/owen/gcc-arm-none-eabi-4_8-2014q1/bin/../lib/gcc/arm-none-eabi/4.8.3/../../../../arm-none-eabi/lib/armv6-m/libg_s.a(lib_a-sprintf.o) (_svfprintf_r)
[...]
Memory Configuration

Name             Origin             Length             Attributes
RAM              0x0000000020000000 0x0000000000002000 xrw
CCMRAM           0x0000000000000000 0x0000000000000000 xrw
FLASH            0x0000000008000000 0x0000000000010000 xr
FLASHB1          0x0000000000000000 0x0000000000000000 xr
EXTMEMB0         0x0000000000000000 0x0000000000000000 xr
EXTMEMB1         0x0000000000000000 0x0000000000000000 xr
EXTMEMB2         0x0000000000000000 0x0000000000000000 xr
EXTMEMB3         0x0000000000000000 0x0000000000000000 xr
MEMORY_ARRAY     0x0000000000000000 0x0000000000000000 xrw
*default*        0x0000000000000000 0xffffffffffffffff

Linker script and memory map

LOAD ./system/src/stm32f0-stdperiph/stm32f0xx_adc.o
LOAD ./system/src/stm32f0-stdperiph/stm32f0xx_dma.o
LOAD ./system/src/stm32f0-stdperiph/stm32f0xx_gpio.o
LOAD ./system/src/stm32f0-stdperiph/stm32f0xx_misc.o
LOAD ./system/src/stm32f0-stdperiph/stm32f0xx_rcc.o
LOAD ./system/src/stm32f0-stdperiph/stm32f0xx_spi.o
LOAD ./system/src/stm32f0-stdperiph/stm32f0xx_usart.o
LOAD ./system/src/newlib/_cxx.o
LOAD ./system/src/newlib/_exit.o
LOAD ./system/src/newlib/_sbrk.o
LOAD ./system/src/newlib/_startup.o
LOAD ./system/src/newlib/_syscalls.o
LOAD ./system/src/newlib/_write.o
LOAD ./system/src/newlib/assert.o
LOAD ./system/src/diag/Trace.o
LOAD ./system/src/diag/trace_impl.o
LOAD ./system/src/cortexm/_initialize_hardware.o
LOAD ./system/src/cortexm/_reset_hardware.o
LOAD ./system/src/cortexm/exception_handlers.o
LOAD ./system/src/cmsis/system_stm32f0xx.o
LOAD ./system/src/cmsis/vectors_stm32f0xx.o
LOAD ./src/OSC/OSCData.o
LOAD ./src/OSC/OSCMatch.o
LOAD ./src/OSC/OSCMessage.o
LOAD ./src/OSC/OSCTiming.o
LOAD ./src/OSC/SimpleWriter.o
LOAD ./src/BlinkLed.o
LOAD ./src/SLIPEncodedSerial.o
LOAD ./src/Timer.o
LOAD ./src/main.o
LOAD ./src/spi.o
LOAD ./src/ssd1306.o
LOAD ./src/uart.o
LOAD /Users/owen/gcc-arm-none-eabi-4_8-2014q1/bin/../lib/gcc/arm-none-eabi/4.8.3/../../../../arm-none-eabi/lib/armv6-m/libstdc++_s.a
LOAD /Users/owen/gcc-arm-none-eabi-4_8-2014q1/bin/../lib/gcc/arm-none-eabi/4.8.3/../../../../arm-none-eabi/lib/armv6-m/libm.a
START GROUP
LOAD /Users/owen/gcc-arm-none-eabi-4_8-2014q1/bin/../lib/gcc/arm-none-eabi/4.8.3/armv6-m/libgcc.a
LOAD /Users/owen/gcc-arm-none-eabi-4_8-2014q1/bin/../lib/gcc/arm-none-eabi/4.8.3/../../../../arm-none-eabi/lib/armv6-m/libg_s.a
LOAD /Users/owen/gcc-arm-none-eabi-4_8-2014q1/bin/../lib/gcc/arm-none-eabi/4.8.3/../../../../arm-none-eabi/lib/armv6-m/libc_s.a
END GROUP
START GROUP
LOAD /Users/owen/gcc-arm-none-eabi-4_8-2014q1/bin/../lib/gcc/arm-none-eabi/4.8.3/armv6-m/libgcc.a
LOAD /Users/owen/gcc-arm-none-eabi-4_8-2014q1/bin/../lib/gcc/arm-none-eabi/4.8.3/../../../../arm-none-eabi/lib/armv6-m/libc_s.a
END GROUP
                0x0000000020002000                __stack = (ORIGIN (RAM) + 0x2000)
                0x0000000020002000                _estack = __stack
                0x0000000000000400                __Main_Stack_Size = 0x400
                0x0000000000000400                PROVIDE (_Main_Stack_Size, __Main_Stack_Size)
                0x0000000020001c00                __Main_Stack_Limit = (__stack - __Main_Stack_Size)
                0x0000000020001c00                PROVIDE (_Main_Stack_Limit, __Main_Stack_Limit)
                0x0000000000000100                _Minimum_Stack_Size = 0x100
                0x0000000020000cc4                PROVIDE (_Heap_Begin, _end_noinit)
                0x0000000020001c00                PROVIDE (_Heap_Limit, (__stack - __Main_Stack_Size))

.isr_vector     0x0000000008000000      0x1f4
                0x0000000008000000                . = ALIGN (0x4)
 *(.isr_vector)
 .isr_vector    0x0000000008000000       0xc4 ./system/src/cmsis/vectors_stm32f0xx.o
                0x0000000008000000                g_pfnVectors
 *(.cfmconfig)
 *(.after_vectors .after_vectors.*)
 .after_vectors
                0x00000000080000c4      0x110 ./system/src/newlib/_startup.o
                0x00000000080000c4                _start
 .after_vectors
                0x00000000080001d4       0x1c ./system/src/cortexm/exception_handlers.o
                0x00000000080001d4                Reset_Handler
                0x00000000080001dc                NMI_Handler
                0x00000000080001e0                HardFault_Handler
                0x00000000080001e4                SVC_Handler
                0x00000000080001e8                PendSV_Handler
 .after_vectors
                0x00000000080001f0        0x4 ./system/src/cmsis/vectors_stm32f0xx.o
                0x00000000080001f0                TIM1_BRK_UP_TRG_COM_IRQHandler
                0x00000000080001f0                TSC_IRQHandler
                0x00000000080001f0                ADC1_COMP_IRQHandler
                0x00000000080001f0                PVD_IRQHandler
                0x00000000080001f0                I2C1_IRQHandler
                0x00000000080001f0                RCC_CRS_IRQHandler
                0x00000000080001f0                SPI1_IRQHandler
                0x00000000080001f0                TIM6_DAC_IRQHandler
                0x00000000080001f0                USART3_4_IRQHandler
                0x00000000080001f0                EXTI2_3_IRQHandler
                0x00000000080001f0                ADC1_IRQHandler
                0x00000000080001f0                I2C2_IRQHandler
                0x00000000080001f0                TIM17_IRQHandler
                0x00000000080001f0                CEC_CAN_IRQHandler
                0x00000000080001f0                RTC_IRQHandler
                0x00000000080001f0                PVD_VDDIO2_IRQHandler
                0x00000000080001f0                DMA1_Channel4_5_6_7_IRQHandler
                0x00000000080001f0                TIM16_IRQHandler
                0x00000000080001f0                TIM3_IRQHandler
                0x00000000080001f0                EXTI4_15_IRQHandler
                0x00000000080001f0                RCC_IRQHandler
                0x00000000080001f0                DMA1_Channel1_IRQHandler
                0x00000000080001f0                Default_Handler
                0x00000000080001f0                CEC_IRQHandler
                0x00000000080001f0                TIM14_IRQHandler
                0x00000000080001f0                DMA1_Channel4_5_IRQHandler
                0x00000000080001f0                TIM7_IRQHandler
                0x00000000080001f0                TIM15_IRQHandler
                0x00000000080001f0                EXTI0_1_IRQHandler
                0x00000000080001f0                USB_IRQHandler
                0x00000000080001f0                TS_IRQHandler
                0x00000000080001f0                WWDG_IRQHandler
                0x00000000080001f0                TIM2_IRQHandler
                0x00000000080001f0                DMA1_Channel2_3_IRQHandler
                0x00000000080001f0                FLASH_IRQHandler
                0x00000000080001f0                USART1_IRQHandler
                0x00000000080001f0                TIM1_CC_IRQHandler
                0x00000000080001f4                . = ALIGN (0x4)

.inits          0x00000000080001f4        0x4
                0x00000000080001f4                . = ALIGN (0x4)
 *(.init)
 *(.fini)
                0x00000000080001f4                . = ALIGN (0x4)
                0x00000000080001f4                PROVIDE (__preinit_array_start, .)
 *(.preinit_array_sysinit .preinit_array_sysinit.*)
 *(.preinit_array_platform .preinit_array_platform.*)
 *(.preinit_array .preinit_array.*)
                0x00000000080001f4                PROVIDE (__preinit_array_end, .)
                0x00000000080001f4                . = ALIGN (0x4)
                0x00000000080001f4                PROVIDE (__init_array_start, .)
 *(SORT(.init_array.*))
 *(.init_array)
 .init_array    0x00000000080001f4        0x4 ./src/main.o
                0x00000000080001f8                PROVIDE (__init_array_end, .)
                0x00000000080001f8                . = ALIGN (0x4)
                0x00000000080001f8                PROVIDE (__fini_array_start, .)
 *(SORT(.fini_array.*))
 *(.fini_array)
                0x00000000080001f8                PROVIDE (__fini_array_end, .)
                0x00000000080001f8                . = ALIGN (0x4)

.flashtext      0x00000000080001f8        0x0
                0x00000000080001f8                . = ALIGN (0x4)
 *(.flashtext .flashtext.*)
                0x00000000080001f8                . = ALIGN (0x4)

.text           0x00000000080001f8     0x5281
                0x00000000080001f8                . = ALIGN (0x4)
 *(.text .text.*)
 .text.ADC_DeInit
                0x00000000080001f8       0x38 ./system/src/stm32f0-stdperiph/stm32f0xx_adc.o
                0x00000000080001f8                ADC_DeInit
 .text.ADC_Init
                0x0000000008000230       0xd8 ./system/src/stm32f0-stdperiph/stm32f0xx_adc.o
                0x0000000008000230                ADC_Init
 .text.ADC_StructInit
                0x0000000008000308       0x10 ./system/src/stm32f0-stdperiph/stm32f0xx_adc.o
                0x0000000008000308                ADC_StructInit
 .text.ADC_Cmd  0x0000000008000318       0x40 ./system/src/stm32f0-stdperiph/stm32f0xx_adc.o
                0x0000000008000318                ADC_Cmd
 .text.ADC_ChannelConfig
                0x0000000008000358       0x50 ./system/src/stm32f0-stdperiph/stm32f0xx_adc.o
                0x0000000008000358                ADC_ChannelConfig
 .text.ADC_GetCalibrationFactor
                0x00000000080003a8       0x4c ./system/src/stm32f0-stdperiph/stm32f0xx_adc.o
                0x00000000080003a8                ADC_GetCalibrationFactor
 .text.ADC_StartOfConversion
                0x00000000080003f4       0x28 ./system/src/stm32f0-stdperiph/stm32f0xx_adc.o
                0x00000000080003f4                ADC_StartOfConversion
 .text.ADC_DMACmd
                0x000000000800041c       0x48 ./system/src/stm32f0-stdperiph/stm32f0xx_adc.o
                0x000000000800041c                ADC_DMACmd
 .text.ADC_DMARequestModeConfig
                0x0000000008000464       0x30 ./system/src/stm32f0-stdperiph/stm32f0xx_adc.o
                0x0000000008000464                ADC_DMARequestModeConfig
 .text.ADC_GetFlagStatus
                0x0000000008000494       0x8c ./system/src/stm32f0-stdperiph/stm32f0xx_adc.o
                0x0000000008000494                ADC_GetFlagStatus
 .text.DMA_DeInit
                0x0000000008000520       0xf8 ./system/src/stm32f0-stdperiph/stm32f0xx_dma.o
                0x0000000008000520                DMA_DeInit
 .text.DMA_Init
                0x0000000008000618      0x168 ./system/src/stm32f0-stdperiph/stm32f0xx_dma.o
                0x0000000008000618                DMA_Init
 .text.DMA_StructInit
                0x0000000008000780       0x1c ./system/src/stm32f0-stdperiph/stm32f0xx_dma.o
                0x0000000008000780                DMA_StructInit
 .text.DMA_Cmd  0x000000000800079c       0x84 ./system/src/stm32f0-stdperiph/stm32f0xx_dma.o
                0x000000000800079c                DMA_Cmd
 .text.DMA_GetFlagStatus
                0x0000000008000820       0xe4 ./system/src/stm32f0-stdperiph/stm32f0xx_dma.o
                0x0000000008000820                DMA_GetFlagStatus
 .text.DMA_ClearFlag
                0x0000000008000904       0x24 ./system/src/stm32f0-stdperiph/stm32f0xx_dma.o
                0x0000000008000904                DMA_ClearFlag
 .text.GPIO_Init
                0x0000000008000928      0x11c ./system/src/stm32f0-stdperiph/stm32f0xx_gpio.o
                0x0000000008000928                GPIO_Init
 .text.GPIO_StructInit
                0x0000000008000a44       0x18 ./system/src/stm32f0-stdperiph/stm32f0xx_gpio.o
                0x0000000008000a44                GPIO_StructInit
 .text.GPIO_ReadInputDataBit
                0x0000000008000a5c       0xc4 ./system/src/stm32f0-stdperiph/stm32f0xx_gpio.o
                0x0000000008000a5c                GPIO_ReadInputDataBit
 .text.GPIO_SetBits
                0x0000000008000b20       0x60 ./system/src/stm32f0-stdperiph/stm32f0xx_gpio.o
                0x0000000008000b20                GPIO_SetBits
 .text.GPIO_ResetBits
                0x0000000008000b80       0x60 ./system/src/stm32f0-stdperiph/stm32f0xx_gpio.o
                0x0000000008000b80                GPIO_ResetBits
 .text.GPIO_PinAFConfig
                0x0000000008000be0       0x94 ./system/src/stm32f0-stdperiph/stm32f0xx_gpio.o
                0x0000000008000be0                GPIO_PinAFConfig
 .text.NVIC_Init
                0x0000000008000c74       0x7c ./system/src/stm32f0-stdperiph/stm32f0xx_misc.o
                0x0000000008000c74                NVIC_Init
 .text.RCC_GetClocksFreq
                0x0000000008000cf0      0x19c ./system/src/stm32f0-stdperiph/stm32f0xx_rcc.o
                0x0000000008000cf0                RCC_GetClocksFreq
 .text.RCC_AHBPeriphClockCmd
                0x0000000008000e8c       0x50 ./system/src/stm32f0-stdperiph/stm32f0xx_rcc.o
                0x0000000008000e8c                RCC_AHBPeriphClockCmd
 .text.RCC_APB2PeriphClockCmd
                0x0000000008000edc       0x50 ./system/src/stm32f0-stdperiph/stm32f0xx_rcc.o
                0x0000000008000edc                RCC_APB2PeriphClockCmd
 .text.RCC_APB1PeriphClockCmd
                0x0000000008000f2c       0x50 ./system/src/stm32f0-stdperiph/stm32f0xx_rcc.o
                0x0000000008000f2c                RCC_APB1PeriphClockCmd
 .text.RCC_APB2PeriphResetCmd
                0x0000000008000f7c       0x50 ./system/src/stm32f0-stdperiph/stm32f0xx_rcc.o
                0x0000000008000f7c                RCC_APB2PeriphResetCmd
 .text.SPI_StructInit
                0x0000000008000fcc       0x1c ./system/src/stm32f0-stdperiph/stm32f0xx_spi.o
                0x0000000008000fcc                SPI_StructInit
 .text.SPI_Init
                0x0000000008000fe8      0x1b4 ./system/src/stm32f0-stdperiph/stm32f0xx_spi.o
                0x0000000008000fe8                SPI_Init
 .text.SPI_Cmd  0x000000000800119c       0x50 ./system/src/stm32f0-stdperiph/stm32f0xx_spi.o
                0x000000000800119c                SPI_Cmd
 .text.SPI_SendData8
                0x00000000080011ec       0x30 ./system/src/stm32f0-stdperiph/stm32f0xx_spi.o
                0x00000000080011ec                SPI_SendData8
 .text.SPI_I2S_GetFlagStatus
                0x000000000800121c       0x6c ./system/src/stm32f0-stdperiph/stm32f0xx_spi.o
                0x000000000800121c                SPI_I2S_GetFlagStatus
 .text.USART_Init
                0x0000000008001288      0x1ac ./system/src/stm32f0-stdperiph/stm32f0xx_usart.o
                0x0000000008001288                USART_Init
 .text.USART_StructInit
                0x0000000008001434       0x18 ./system/src/stm32f0-stdperiph/stm32f0xx_usart.o
                0x0000000008001434                USART_StructInit
 .text.USART_Cmd
                0x000000000800144c       0x64 ./system/src/stm32f0-stdperiph/stm32f0xx_usart.o
                0x000000000800144c                USART_Cmd
 .text.USART_SendData
                0x00000000080014b0       0x5c ./system/src/stm32f0-stdperiph/stm32f0xx_usart.o
                0x00000000080014b0                USART_SendData
 .text.USART_ReceiveData
                0x000000000800150c       0x44 ./system/src/stm32f0-stdperiph/stm32f0xx_usart.o
                0x000000000800150c                USART_ReceiveData
 .text.USART_ITConfig
                0x0000000008001550      0x104 ./system/src/stm32f0-stdperiph/stm32f0xx_usart.o
                0x0000000008001550                USART_ITConfig
 .text.USART_GetFlagStatus
                0x0000000008001654       0xe8 ./system/src/stm32f0-stdperiph/stm32f0xx_usart.o
                0x0000000008001654                USART_GetFlagStatus
 .text.USART_GetITStatus
                0x000000000800173c      0x114 ./system/src/stm32f0-stdperiph/stm32f0xx_usart.o
                0x000000000800173c                USART_GetITStatus
 .text._exit    0x0000000008001850        0x4 ./system/src/newlib/_exit.o
                0x0000000008001850                _exit
 .text.abort    0x0000000008001854        0x8 ./system/src/newlib/_exit.o
                0x0000000008001854                abort
 .text._sbrk    0x000000000800185c       0x44 ./system/src/newlib/_sbrk.o
                0x000000000800185c                _sbrk
 .text.__initialize_args
                0x00000000080018a0       0x10 ./system/src/newlib/_syscalls.o
                0x00000000080018a0                __initialize_args
 .text.assert_failed
                0x00000000080018b0        0x8 ./system/src/newlib/assert.o
                0x00000000080018b0                assert_failed
 .text.__initialize_hardware
                0x00000000080018b8        0x8 ./system/src/cortexm/_initialize_hardware.o
                0x00000000080018b8                __initialize_hardware
 .text.SetSysClock
                0x00000000080018c0       0xb4 ./system/src/cmsis/system_stm32f0xx.o
 .text.SystemInit
                0x0000000008001974       0x64 ./system/src/cmsis/system_stm32f0xx.o
                0x0000000008001974                SystemInit
 .text._ZN7OSCDataC2EPKc
                0x00000000080019d8       0x34 ./src/OSC/OSCData.o
                0x00000000080019d8                OSCData::OSCData(char const*)
                0x00000000080019d8                OSCData::OSCData(char const*)
 .text._ZN7OSCDataC2El
                0x0000000008001a0c       0x10 ./src/OSC/OSCData.o
                0x0000000008001a0c                OSCData::OSCData(long)
                0x0000000008001a0c                OSCData::OSCData(long)
 .text._ZN7OSCDataC2Ei
                0x0000000008001a1c       0x10 ./src/OSC/OSCData.o
                0x0000000008001a1c                OSCData::OSCData(int)
                0x0000000008001a1c                OSCData::OSCData(int)
 .text._ZN7OSCDataC2Ef
                0x0000000008001a2c       0x10 ./src/OSC/OSCData.o
                0x0000000008001a2c                OSCData::OSCData(float)
                0x0000000008001a2c                OSCData::OSCData(float)
 .text._ZN7OSCDataC2E9osctime_t
                0x0000000008001a3c       0x24 ./src/OSC/OSCData.o
                0x0000000008001a3c                OSCData::OSCData(osctime_t)
                0x0000000008001a3c                OSCData::OSCData(osctime_t)
 .text._ZN7OSCDataC2Ed
                0x0000000008001a60       0x14 ./src/OSC/OSCData.o
                0x0000000008001a60                OSCData::OSCData(double)
                0x0000000008001a60                OSCData::OSCData(double)
 .text._ZN7OSCDataC2EPhi
                0x0000000008001a74       0x70 ./src/OSC/OSCData.o
                0x0000000008001a74                OSCData::OSCData(unsigned char*, int)
                0x0000000008001a74                OSCData::OSCData(unsigned char*, int)
 .text._ZN7OSCDataD2Ev
                0x0000000008001ae4       0x28 ./src/OSC/OSCData.o
                0x0000000008001ae4                OSCData::~OSCData()
                0x0000000008001ae4                OSCData::~OSCData()
 .text._ZN7OSCDataC2Ec
                0x0000000008001b0c        0xc ./src/OSC/OSCData.o
                0x0000000008001b0c                OSCData::OSCData(char)
                0x0000000008001b0c                OSCData::OSCData(char)
 .text._ZN7OSCData6getIntEv
                0x0000000008001b18       0x10 ./src/OSC/OSCData.o
                0x0000000008001b18                OSCData::getInt()
 .text._ZN7OSCData7getBlobEPhi
                0x0000000008001b28       0x20 ./src/OSC/OSCData.o
                0x0000000008001b28                OSCData::getBlob(unsigned char*, int)
 .text.osc_match_bracket
                0x0000000008001b48       0x58 ./src/OSC/OSCMatch.o
 .text.osc_match_curly_brace
                0x0000000008001ba0       0x50 ./src/OSC/OSCMatch.o
 .text.osc_match_single_char
                0x0000000008001bf0       0x68 ./src/OSC/OSCMatch.o
 .text.osc_match_star_r
                0x0000000008001c58       0x7c ./src/OSC/OSCMatch.o
 .text.osc_match_star
                0x0000000008001cd4      0x118 ./src/OSC/OSCMatch.o
 .text.osc_match
                0x0000000008001dec      0x108 ./src/OSC/OSCMatch.o
                0x0000000008001dec                osc_match
 .text._ZN10OSCMessage10getOSCDataEi
                0x0000000008001ef4       0x18 ./src/OSC/OSCMessage.o
                0x0000000008001ef4                OSCMessage::getOSCData(int)
 .text._ZN10OSCMessage9fullMatchEPKci
                0x0000000008001f0c       0x1c ./src/OSC/OSCMessage.o
                0x0000000008001f0c                OSCMessage::fullMatch(char const*, int)
 .text._ZN10OSCMessage8dispatchEPKcPFvRS_Ei
                0x0000000008001f28       0x1c ./src/OSC/OSCMessage.o
                0x0000000008001f28                OSCMessage::dispatch(char const*, void (*)(OSCMessage&), int)
 .text._ZN10OSCMessage10setAddressEPKc
                0x0000000008001f44       0x30 ./src/OSC/OSCMessage.o
                0x0000000008001f44                OSCMessage::setAddress(char const*)
 .text._ZN10OSCMessage8hasErrorEv
                0x0000000008001f74       0x2c ./src/OSC/OSCMessage.o
                0x0000000008001f74                OSCMessage::hasError()
 .text._ZN10OSCMessage6getIntEi
                0x0000000008001fa0       0x20 ./src/OSC/OSCMessage.o
                0x0000000008001fa0                OSCMessage::getInt(int)
 .text._ZN10OSCMessage7getBlobEiPhi
                0x0000000008001fc0       0x34 ./src/OSC/OSCMessage.o
                0x0000000008001fc0                OSCMessage::getBlob(int, unsigned char*, int)
 .text._ZN10OSCMessage7getTypeEi
                0x0000000008001ff4       0x1c ./src/OSC/OSCMessage.o
                0x0000000008001ff4                OSCMessage::getType(int)
 .text._ZN10OSCMessage8testTypeEic
                0x0000000008002010       0x28 ./src/OSC/OSCMessage.o
                0x0000000008002010                OSCMessage::testType(int, char)
 .text._ZN10OSCMessage5isIntEi
                0x0000000008002038        0xc ./src/OSC/OSCMessage.o
                0x0000000008002038                OSCMessage::isInt(int)
 .text._ZN10OSCMessage6isBlobEi
                0x0000000008002044        0xc ./src/OSC/OSCMessage.o
                0x0000000008002044                OSCMessage::isBlob(int)
 .text._ZN10OSCMessage4sendER12SimpleWriter
                0x0000000008002050      0x198 ./src/OSC/OSCMessage.o
                0x0000000008002050                OSCMessage::send(SimpleWriter&)
 .text._ZN10OSCMessage10decodeTypeEh
                0x00000000080021e8       0x44 ./src/OSC/OSCMessage.o
                0x00000000080021e8                OSCMessage::decodeType(unsigned char)
 .text._ZN10OSCMessage19addToIncomingBufferEh
                0x000000000800222c       0x44 ./src/OSC/OSCMessage.o
                0x000000000800222c                OSCMessage::addToIncomingBuffer(unsigned char)
 .text._ZN10OSCMessage19clearIncomingBufferEv
                0x0000000008002270       0x28 ./src/OSC/OSCMessage.o
                0x0000000008002270                OSCMessage::clearIncomingBuffer()
 .text._ZN10OSCMessage12setupMessageEv
                0x0000000008002298       0x1c ./src/OSC/OSCMessage.o
                0x0000000008002298                OSCMessage::setupMessage()
 .text._ZN10OSCMessageC2EPKc
                0x00000000080022b4       0x18 ./src/OSC/OSCMessage.o
                0x00000000080022b4                OSCMessage::OSCMessage(char const*)
                0x00000000080022b4                OSCMessage::OSCMessage(char const*)
 .text._ZN10OSCMessageC2Ev
                0x00000000080022cc       0x10 ./src/OSC/OSCMessage.o
                0x00000000080022cc                OSCMessage::OSCMessage()
                0x00000000080022cc                OSCMessage::OSCMessage()
 .text._ZN10OSCMessage5emptyEv
                0x00000000080022dc       0x40 ./src/OSC/OSCMessage.o
                0x00000000080022dc                OSCMessage::empty()
 .text._ZN10OSCMessageD2Ev
                0x000000000800231c       0x1c ./src/OSC/OSCMessage.o
                0x000000000800231c                OSCMessage::~OSCMessage()
                0x000000000800231c                OSCMessage::~OSCMessage()
 .text._ZN10OSCMessage13decodeAddressEv
                0x0000000008002338       0x18 ./src/OSC/OSCMessage.o
                0x0000000008002338                OSCMessage::decodeAddress()
 .text._ZN10OSCMessage10decodeDataEh
                0x0000000008002350      0x4e0 ./src/OSC/OSCMessage.o
                0x0000000008002350                OSCMessage::decodeData(unsigned char)
 .text._ZN10OSCMessage6decodeEh
                0x0000000008002830       0xc0 ./src/OSC/OSCMessage.o
                0x0000000008002830                OSCMessage::decode(unsigned char)
 .text._ZN10OSCMessage4fillEPhi
                0x00000000080028f0       0x1c ./src/OSC/OSCMessage.o
                0x00000000080028f0                OSCMessage::fill(unsigned char*, int)
 .text._ZN12SimpleWriter5startEv
                0x000000000800290c        0xc ./src/OSC/SimpleWriter.o
                0x000000000800290c                SimpleWriter::start()
 .text._ZN12SimpleWriter3endEv
                0x0000000008002918       0x10 ./src/OSC/SimpleWriter.o
                0x0000000008002918                SimpleWriter::end()
 .text._ZN12SimpleWriter5writeEh
                0x0000000008002928       0x10 ./src/OSC/SimpleWriter.o
                0x0000000008002928                SimpleWriter::write(unsigned char)
 .text._ZN12SimpleWriter5writeEPKhi
                0x0000000008002938       0x1c ./src/OSC/SimpleWriter.o
                0x0000000008002938                SimpleWriter::write(unsigned char const*, int)
 .text.blink_led_init
                0x0000000008002954       0x84 ./src/BlinkLed.o
                0x0000000008002954                blink_led_init
 .text._ZN17SLIPEncodedSerialC2Ev
                0x00000000080029d8       0x1c ./src/SLIPEncodedSerial.o
                0x00000000080029d8                SLIPEncodedSerial::SLIPEncodedSerial()
                0x00000000080029d8                SLIPEncodedSerial::SLIPEncodedSerial()
 .text._ZN17SLIPEncodedSerial6encodeEh
                0x00000000080029f4       0x50 ./src/SLIPEncodedSerial.o
                0x00000000080029f4                SLIPEncodedSerial::encode(unsigned char)
 .text._ZN17SLIPEncodedSerial6decodeEPKhi
                0x0000000008002a44       0x88 ./src/SLIPEncodedSerial.o
                0x0000000008002a44                SLIPEncodedSerial::decode(unsigned char const*, int)
 .text._ZN17SLIPEncodedSerial11recvMessageEv
                0x0000000008002acc       0xd0 ./src/SLIPEncodedSerial.o
                0x0000000008002acc                SLIPEncodedSerial::recvMessage()
 .text._ZN17SLIPEncodedSerial11beginPacketEv
                0x0000000008002b9c       0x10 ./src/SLIPEncodedSerial.o
                0x0000000008002b9c                SLIPEncodedSerial::beginPacket()
 .text._ZN17SLIPEncodedSerial9endPacketEv
                0x0000000008002bac       0x18 ./src/SLIPEncodedSerial.o
                0x0000000008002bac                SLIPEncodedSerial::endPacket()
 .text._ZN17SLIPEncodedSerial6encodeEPKhi
                0x0000000008002bc4       0x34 ./src/SLIPEncodedSerial.o
                0x0000000008002bc4                SLIPEncodedSerial::encode(unsigned char const*, int)
 .text._ZN17SLIPEncodedSerial11sendMessageEPKhm
                0x0000000008002bf8       0x24 ./src/SLIPEncodedSerial.o
                0x0000000008002bf8                SLIPEncodedSerial::sendMessage(unsigned char const*, unsigned long)
 .text.timer_start
                0x0000000008002c1c       0x48 ./src/Timer.o
                0x0000000008002c1c                timer_start
 .text.stopwatchStart
                0x0000000008002c64        0xc ./src/Timer.o
                0x0000000008002c64                stopwatchStart
 .text.stopwatchReport
                0x0000000008002c70        0xc ./src/Timer.o
                0x0000000008002c70                stopwatchReport
 .text.timer_sleep
                0x0000000008002c7c       0x14 ./src/Timer.o
                0x0000000008002c7c                timer_sleep
 .text.timer_tick
                0x0000000008002c90       0x24 ./src/Timer.o
                0x0000000008002c90                timer_tick
 .text.SysTick_Handler
                0x0000000008002cb4        0x8 ./src/Timer.o
                0x0000000008002cb4                SysTick_Handler
 .text._ZL10DMA_Configv
                0x0000000008002cbc       0x68 ./src/main.o
 .text._ZL10ADC_Configv
                0x0000000008002d24      0x118 ./src/main.o
 .text._Z10ledControlR10OSCMessage
                0x0000000008002e3c      0x154 ./src/main.o
                0x0000000008002e3c                ledControl(OSCMessage&)
 .text._Z11oledControlR10OSCMessage
                0x0000000008002f90       0x60 ./src/main.o
                0x0000000008002f90                oledControl(OSCMessage&)
 .text._Z8shutdownR10OSCMessage
                0x0000000008002ff0       0xbc ./src/main.o
                0x0000000008002ff0                shutdown(OSCMessage&)
 .text._Z41__static_initialization_and_destruction_0ii
                0x00000000080030ac       0x1c ./src/main.o
 .text._Z8getKnobsR10OSCMessage
                0x00000000080030c8       0xa4 ./src/main.o
                0x00000000080030c8                getKnobs(OSCMessage&)
 .text._Z12hardwareInitv
                0x000000000800316c       0xa0 ./src/main.o
                0x000000000800316c                hardwareInit()
 .text._Z9keyMuxSelm
                0x000000000800320c      0x134 ./src/main.o
                0x000000000800320c                keyMuxSel(unsigned long)
 .text._Z8scanKeysv
                0x0000000008003340       0xb8 ./src/main.o
                0x0000000008003340                scanKeys()
 .text._Z9remapKeysv
                0x00000000080033f8       0x90 ./src/main.o
                0x00000000080033f8                remapKeys()
 .text._Z16checkForKeyEventv
                0x0000000008003488      0x218 ./src/main.o
                0x0000000008003488                checkForKeyEvent()
 .text._Z11updateKnobsv
                0x00000000080036a0       0x38 ./src/main.o
                0x00000000080036a0                updateKnobs()
 .text._Z15checkFootSwitchv
                0x00000000080036d8      0x15c ./src/main.o
                0x00000000080036d8                checkFootSwitch()
 .text._Z12checkEncoderv
                0x0000000008003834      0x300 ./src/main.o
                0x0000000008003834                checkEncoder()
 .text.main     0x0000000008003b34      0x23c ./src/main.o
                0x0000000008003b34                main
 .text._GLOBAL__sub_I_RegularConvData_Tab
                0x0000000008003d70       0x10 ./src/main.o
 .text.spi_init
                0x0000000008003d80       0xfc ./src/spi.o
                0x0000000008003d80                spi_init
 .text.SPI2_IRQHandler
                0x0000000008003e7c        0x4 ./src/spi.o
                0x0000000008003e7c                SPI2_IRQHandler
 .text.put_pixel
                0x0000000008003e80       0x38 ./src/ssd1306.o
                0x0000000008003e80                put_pixel
 .text.put_char_small
                0x0000000008003eb8       0x68 ./src/ssd1306.o
                0x0000000008003eb8                put_char_small
 .text.ssd1306_cs
                0x0000000008003f20       0x24 ./src/ssd1306.o
                0x0000000008003f20                ssd1306_cs
 .text.ssd1306_dc
                0x0000000008003f44       0x24 ./src/ssd1306.o
                0x0000000008003f44                ssd1306_dc
 .text.ssd1306_rst
                0x0000000008003f68       0x24 ./src/ssd1306.o
                0x0000000008003f68                ssd1306_rst
 .text.ssd1306_send_byte
                0x0000000008003f8c       0x20 ./src/ssd1306.o
                0x0000000008003f8c                ssd1306_send_byte
 .text.CMD      0x0000000008003fac       0x24 ./src/ssd1306.o
                0x0000000008003fac                CMD
 .text.ssd1306_init
                0x0000000008003fd0      0x110 ./src/ssd1306.o
                0x0000000008003fd0                ssd1306_init
 .text.ssd1306_refresh
                0x00000000080040e0       0x60 ./src/ssd1306.o
                0x00000000080040e0                ssd1306_refresh
 .text.ssd1306_refresh_line
                0x0000000008004140       0x80 ./src/ssd1306.o
                0x0000000008004140                ssd1306_refresh_line
 .text.println_8
                0x00000000080041c0       0x30 ./src/ssd1306.o
                0x00000000080041c0                println_8
 .text.println_8_spacy
                0x00000000080041f0       0x30 ./src/ssd1306.o
                0x00000000080041f0                println_8_spacy
 .text.uart2_init
                0x0000000008004220       0xb0 ./src/uart.o
                0x0000000008004220                uart2_init
 .text.uart2_send
                0x00000000080042d0       0x20 ./src/uart.o
                0x00000000080042d0                uart2_send
 .text.USART2_IRQHandler
                0x00000000080042f0       0x38 ./src/uart.o
                0x00000000080042f0                USART2_IRQHandler
 .text._ZdlPv   0x0000000008004328        0xc /Users/owen/gcc-arm-none-eabi-4_8-2014q1/bin/../lib/gcc/arm-none-eabi/4.8.3/../../../../arm-none-eabi/lib/armv6-m/libstdc++_s.a(del_op.o)
                0x0000000008004328                operator delete(void*)
 .text._Znwj    0x0000000008004334       0x28 /Users/owen/gcc-arm-none-eabi-4_8-2014q1/bin/../lib/gcc/arm-none-eabi/4.8.3/../../../../arm-none-eabi/lib/armv6-m/libstdc++_s.a(new_op.o)
                0x0000000008004334                operator new(unsigned int)
 .text          0x000000000800435c       0x9c /Users/owen/gcc-arm-none-eabi-4_8-2014q1/bin/../lib/gcc/arm-none-eabi/4.8.3/armv6-m/libgcc.a(_udivsi3.o)
                0x000000000800435c                __udivsi3
                0x000000000800435c                __aeabi_uidiv
                0x00000000080043e4                __aeabi_uidivmod
 .text          0x00000000080043f8        0x4 /Users/owen/gcc-arm-none-eabi-4_8-2014q1/bin/../lib/gcc/arm-none-eabi/4.8.3/armv6-m/libgcc.a(_dvmd_tls.o)
                0x00000000080043f8                __aeabi_ldiv0
                0x00000000080043f8                __aeabi_idiv0
 .text.__errno  0x00000000080043fc        0xc /Users/owen/gcc-arm-none-eabi-4_8-2014q1/bin/../lib/gcc/arm-none-eabi/4.8.3/../../../../arm-none-eabi/lib/armv6-m/libg_s.a(lib_a-errno.o)
                0x00000000080043fc                __errno
 .text.malloc   0x0000000008004408       0x14 /Users/owen/gcc-arm-none-eabi-4_8-2014q1/bin/../lib/gcc/arm-none-eabi/4.8.3/../../../../arm-none-eabi/lib/armv6-m/libg_s.a(lib_a-malloc.o)
                0x0000000008004408                malloc
 .text.free     0x000000000800441c       0x14 /Users/owen/gcc-arm-none-eabi-4_8-2014q1/bin/../lib/gcc/arm-none-eabi/4.8.3/../../../../arm-none-eabi/lib/armv6-m/libg_s.a(lib_a-malloc.o)
                0x000000000800441c                free
 .text.memcpy   0x0000000008004430       0x12 /Users/owen/gcc-arm-none-eabi-4_8-2014q1/bin/../lib/gcc/arm-none-eabi/4.8.3/../../../../arm-none-eabi/lib/armv6-m/libg_s.a(lib_a-memcpy-stub.o)
                0x0000000008004430                memcpy
 *fill*         0x0000000008004442        0x2 
 .text._free_r  0x0000000008004444       0x90 /Users/owen/gcc-arm-none-eabi-4_8-2014q1/bin/../lib/gcc/arm-none-eabi/4.8.3/../../../../arm-none-eabi/lib/armv6-m/libg_s.a(lib_a-nano-freer.o)
                0x0000000008004444                _free_r
 .text._malloc_r
                0x00000000080044d4       0xa8 /Users/owen/gcc-arm-none-eabi-4_8-2014q1/bin/../lib/gcc/arm-none-eabi/4.8.3/../../../../arm-none-eabi/lib/armv6-m/libg_s.a(lib_a-nano-mallocr.o)
                0x00000000080044d4                _malloc_r
 .text.realloc  0x000000000800457c       0x18 /Users/owen/gcc-arm-none-eabi-4_8-2014q1/bin/../lib/gcc/arm-none-eabi/4.8.3/../../../../arm-none-eabi/lib/armv6-m/libg_s.a(lib_a-realloc.o)
                0x000000000800457c                realloc
 .text._sbrk_r  0x0000000008004594       0x24 /Users/owen/gcc-arm-none-eabi-4_8-2014q1/bin/../lib/gcc/arm-none-eabi/4.8.3/../../../../arm-none-eabi/lib/armv6-m/libg_s.a(lib_a-sbrkr.o)
                0x0000000008004594                _sbrk_r
 .text.sprintf  0x00000000080045b8       0x44 /Users/owen/gcc-arm-none-eabi-4_8-2014q1/bin/../lib/gcc/arm-none-eabi/4.8.3/../../../../arm-none-eabi/lib/armv6-m/libg_s.a(lib_a-sprintf.o)
                0x00000000080045b8                sprintf
                0x00000000080045b8                siprintf
 .text          0x00000000080045fc       0x14 /Users/owen/gcc-arm-none-eabi-4_8-2014q1/bin/../lib/gcc/arm-none-eabi/4.8.3/../../../../arm-none-eabi/lib/armv6-m/libg_s.a(lib_a-strcmp.o)
                0x00000000080045fc                strcmp
 .text.strcpy   0x0000000008004610       0x10 /Users/owen/gcc-arm-none-eabi-4_8-2014q1/bin/../lib/gcc/arm-none-eabi/4.8.3/../../../../arm-none-eabi/lib/armv6-m/libg_s.a(lib_a-strcpy.o)
                0x0000000008004610                strcpy
 .text.strlen   0x0000000008004620        0xe /Users/owen/gcc-arm-none-eabi-4_8-2014q1/bin/../lib/gcc/arm-none-eabi/4.8.3/../../../../arm-none-eabi/lib/armv6-m/libg_s.a(lib_a-strlen.o)
                0x0000000008004620                strlen
 .text.strncmp  0x000000000800462e       0x2c /Users/owen/gcc-arm-none-eabi-4_8-2014q1/bin/../lib/gcc/arm-none-eabi/4.8.3/../../../../arm-none-eabi/lib/armv6-m/libg_s.a(lib_a-strncmp.o)
                0x000000000800462e                strncmp
 *fill*         0x000000000800465a        0x2 
 .text.__ssputs_r
                0x000000000800465c       0xc0 /Users/owen/gcc-arm-none-eabi-4_8-2014q1/bin/../lib/gcc/arm-none-eabi/4.8.3/../../../../arm-none-eabi/lib/armv6-m/libg_s.a(lib_a-svfprintf.o)
                0x000000000800465c                __ssputs_r
 .text._svfprintf_r
                0x000000000800471c      0x1e0 /Users/owen/gcc-arm-none-eabi-4_8-2014q1/bin/../lib/gcc/arm-none-eabi/4.8.3/../../../../arm-none-eabi/lib/armv6-m/libg_s.a(lib_a-svfprintf.o)
                0x000000000800471c                _svfprintf_r
                0x000000000800471c                _svfiprintf_r
 .text._printf_common
                0x00000000080048fc       0xe8 /Users/owen/gcc-arm-none-eabi-4_8-2014q1/bin/../lib/gcc/arm-none-eabi/4.8.3/../../../../arm-none-eabi/lib/armv6-m/libg_s.a(lib_a-vfprintf_i.o)
                0x00000000080048fc                _printf_common
 .text._printf_i
                0x00000000080049e4      0x22c /Users/owen/gcc-arm-none-eabi-4_8-2014q1/bin/../lib/gcc/arm-none-eabi/4.8.3/../../../../arm-none-eabi/lib/armv6-m/libg_s.a(lib_a-vfprintf_i.o)
                0x00000000080049e4                _printf_i
 .text.memchr   0x0000000008004c10       0x16 /Users/owen/gcc-arm-none-eabi-4_8-2014q1/bin/../lib/gcc/arm-none-eabi/4.8.3/../../../../arm-none-eabi/lib/armv6-m/libg_s.a(lib_a-memchr-stub.o)
                0x0000000008004c10                memchr
 .text.memmove  0x0000000008004c26       0x32 /Users/owen/gcc-arm-none-eabi-4_8-2014q1/bin/../lib/gcc/arm-none-eabi/4.8.3/../../../../arm-none-eabi/lib/armv6-m/libg_s.a(lib_a-memmove.o)
                0x0000000008004c26                memmove
 .text._realloc_r
                0x0000000008004c58       0x4c /Users/owen/gcc-arm-none-eabi-4_8-2014q1/bin/../lib/gcc/arm-none-eabi/4.8.3/../../../../arm-none-eabi/lib/armv6-m/libg_s.a(lib_a-nano-reallocr.o)
                0x0000000008004c58                _realloc_r
 .text._malloc_usable_size_r
                0x0000000008004ca4       0x12 /Users/owen/gcc-arm-none-eabi-4_8-2014q1/bin/../lib/gcc/arm-none-eabi/4.8.3/../../../../arm-none-eabi/lib/armv6-m/libg_s.a(lib_a-nano-msizer.o)
                0x0000000008004ca4                _malloc_usable_size_r
 *(.rodata .rodata.*)
 *fill*         0x0000000008004cb6        0x2 
 .rodata.str1.4
                0x0000000008004cb8       0x30 ./system/src/stm32f0-stdperiph/stm32f0xx_adc.o
 .rodata.str1.4
                0x0000000008004ce8       0x30 ./system/src/stm32f0-stdperiph/stm32f0xx_dma.o
 .rodata.str1.4
                0x0000000008004d18       0x31 ./system/src/stm32f0-stdperiph/stm32f0xx_gpio.o
                                         0x34 (size before relaxing)
 *fill*         0x0000000008004d49        0x3 
 .rodata.str1.4
                0x0000000008004d4c       0x31 ./system/src/stm32f0-stdperiph/stm32f0xx_misc.o
                                         0x34 (size before relaxing)
 *fill*         0x0000000008004d7d        0x3 
 .rodata.str1.4
                0x0000000008004d80       0x30 ./system/src/stm32f0-stdperiph/stm32f0xx_rcc.o
 .rodata.str1.4
                0x0000000008004db0       0x30 ./system/src/stm32f0-stdperiph/stm32f0xx_spi.o
 .rodata.str1.4
                0x0000000008004de0       0x32 ./system/src/stm32f0-stdperiph/stm32f0xx_usart.o
                                         0x34 (size before relaxing)
 *fill*         0x0000000008004e12        0x2 
 .rodata._ZN10OSCMessage10decodeDataEh
                0x0000000008004e14       0x4c ./src/OSC/OSCMessage.o
 .rodata._ZN10OSCMessage6decodeEh
                0x0000000008004e60       0x1c ./src/OSC/OSCMessage.o
 .rodata.str1.4
                0x0000000008004e7c       0xcc ./src/main.o
 .rodata.font   0x0000000008004f48      0x4fc ./src/ssd1306.o
 .rodata.str1.1
                0x0000000008005444        0x2 /Users/owen/gcc-arm-none-eabi-4_8-2014q1/bin/../lib/gcc/arm-none-eabi/4.8.3/../../../../arm-none-eabi/lib/armv6-m/libg_s.a(lib_a-impure.o)
 .rodata.str1.1
                0x0000000008005446       0x11 /Users/owen/gcc-arm-none-eabi-4_8-2014q1/bin/../lib/gcc/arm-none-eabi/4.8.3/../../../../arm-none-eabi/lib/armv6-m/libg_s.a(lib_a-svfprintf.o)
 .rodata.str1.1
                0x0000000008005457       0x22 /Users/owen/gcc-arm-none-eabi-4_8-2014q1/bin/../lib/gcc/arm-none-eabi/4.8.3/../../../../arm-none-eabi/lib/armv6-m/libg_s.a(lib_a-vfprintf_i.o)
 *(vtable)
 *(.eh_frame*)
 *(.glue_7)
 .glue_7        0x0000000000000000        0x0 linker stubs
 *(.glue_7t)
 .glue_7t       0x0000000000000000        0x0 linker stubs

.vfp11_veneer   0x000000000800547c        0x0
 .vfp11_veneer  0x0000000000000000        0x0 linker stubs

.v4_bx          0x000000000800547c        0x0
 .v4_bx         0x0000000000000000        0x0 linker stubs

.iplt           0x000000000800547c        0x0
 .iplt          0x0000000000000000        0x0 ./system/src/stm32f0-stdperiph/stm32f0xx_adc.o

.rel.dyn        0x000000000800547c        0x0
 .rel.iplt      0x0000000000000000        0x0 ./system/src/stm32f0-stdperiph/stm32f0xx_adc.o

.ARM.extab
 *(.ARM.extab* .gnu.linkonce.armextab.*)
                0x000000000800547c                __exidx_start = .

.ARM.exidx
 *(.ARM.exidx* .gnu.linkonce.armexidx.*)
                0x000000000800547c                __exidx_end = .
                0x000000000800547c                . = ALIGN (0x4)
                0x000000000800547c                _etext = .
                0x000000000800547c                __etext = .
                0x000000000800547c                _sidata = _etext

.data           0x0000000020000000       0x8c load address 0x000000000800547c
                0x0000000020000000                . = ALIGN (0x4)
                0x0000000020000000                _sdata = .
                0x0000000020000000                __data_start__ = .
 *(.data_begin .data_begin.*)
 .data_begin    0x0000000020000000        0x4 ./system/src/newlib/_startup.o
 *(.data .data.*)
 .data.APBAHBPrescTable
                0x0000000020000004       0x10 ./system/src/stm32f0-stdperiph/stm32f0xx_rcc.o
 .data.argv.4458
                0x0000000020000014        0x8 ./system/src/newlib/_syscalls.o
 .data.SystemCoreClock
                0x000000002000001c        0x4 ./system/src/cmsis/system_stm32f0xx.o
                0x000000002000001c                SystemCoreClock
 .data._ZZ12checkEncodervE11button_last
                0x0000000020000020        0x1 ./src/main.o
 *fill*         0x0000000020000021        0x3 
 .data.impure_data
                0x0000000020000024       0x60 /Users/owen/gcc-arm-none-eabi-4_8-2014q1/bin/../lib/gcc/arm-none-eabi/4.8.3/../../../../arm-none-eabi/lib/armv6-m/libg_s.a(lib_a-impure.o)
 .data._impure_ptr
                0x0000000020000084        0x4 /Users/owen/gcc-arm-none-eabi-4_8-2014q1/bin/../lib/gcc/arm-none-eabi/4.8.3/../../../../arm-none-eabi/lib/armv6-m/libg_s.a(lib_a-impure.o)
                0x0000000020000084                _impure_ptr
 *(.data_end .data_end.*)
 .data_end      0x0000000020000088        0x4 ./system/src/newlib/_startup.o
                0x000000002000008c                . = ALIGN (0x4)
                0x000000002000008c                _edata = .
                0x000000002000008c                __data_end__ = .

.igot.plt       0x000000002000008c        0x0 load address 0x0000000008005508
 .igot.plt      0x0000000000000000        0x0 ./system/src/stm32f0-stdperiph/stm32f0xx_adc.o

.bss            0x000000002000008c      0xc38 load address 0x0000000008005508
                0x000000002000008c                . = ALIGN (0x4)
                0x000000002000008c                __bss_start__ = .
                0x000000002000008c                _sbss = .
 *(.bss_begin .bss_begin.*)
 .bss_begin     0x000000002000008c        0x4 ./system/src/newlib/_startup.o
 *(.bss .bss.*)
 .bss.current_heap_end.4286
                0x0000000020000090        0x4 ./system/src/newlib/_sbrk.o
 .bss.name.4457
                0x0000000020000094        0x4 ./system/src/newlib/_syscalls.o
 .bss.oscBuf    0x0000000020000098      0x104 ./src/main.o
                0x0000000020000098                oscBuf
 .bss._ZZ12checkEncodervE13release_count
                0x000000002000019c        0x1 ./src/main.o
 .bss._ZZ15checkFootSwitchvE19foot_debounce_count
                0x000000002000019d        0x1 ./src/main.o
 *fill*         0x000000002000019e        0x2 
 .bss.knobValues
                0x00000000200001a0       0x18 ./src/main.o
                0x00000000200001a0                knobValues
 .bss.keyValues
                0x00000000200001b8       0x68 ./src/main.o
                0x00000000200001b8                keyValues
 .bss._ZZ15checkFootSwitchvE13foot_debounce
                0x0000000020000220        0x4 ./src/main.o
 .bss._ZZ9remapKeysvE10cycleCount
                0x0000000020000224        0x4 ./src/main.o
 .bss.spi_out_buf_remaining
                0x0000000020000228        0x1 ./src/main.o
                0x0000000020000228                spi_out_buf_remaining
 *fill*         0x0000000020000229        0x3 
 .bss.keyValuesLast
                0x000000002000022c       0x1c ./src/main.o
                0x000000002000022c                keyValuesLast
 .bss._ZZ8scanKeysvE8seqCount
                0x0000000020000248        0x4 ./src/main.o
 .bss._ZZ8scanKeysvE11muxSelCount
                0x000000002000024c        0x4 ./src/main.o
 .bss._ZZ12checkEncodervE11press_count
                0x0000000020000250        0x1 ./src/main.o
 *fill*         0x0000000020000251        0x3 
 .bss.slip      0x0000000020000254      0x518 ./src/main.o
                0x0000000020000254                slip
 .bss.keyValuesRaw
                0x000000002000076c       0x1c ./src/main.o
                0x000000002000076c                keyValuesRaw
 .bss._ZZ12checkEncodervE12encoder_last
                0x0000000020000788        0x1 ./src/main.o
 *fill*         0x0000000020000789        0x3 
 .bss.RegularConvData_Tab
                0x000000002000078c       0x14 ./src/main.o
                0x000000002000078c                RegularConvData_Tab
 .bss._ZZ15checkFootSwitchvE9foot_last
                0x00000000200007a0        0x1 ./src/main.o
 .bss.c.6469    0x00000000200007a1        0x1 ./src/ssd1306.o
 .bss.uart2_recv_buf_tail
                0x00000000200007a2        0x2 ./src/uart.o
                0x00000000200007a2                uart2_recv_buf_tail
 .bss.uart2_recv_buf_head
                0x00000000200007a4        0x2 ./src/uart.o
                0x00000000200007a4                uart2_recv_buf_head
 *fill*         0x00000000200007a6        0x2 
 .bss.__new_handler
                0x00000000200007a8        0x4 /Users/owen/gcc-arm-none-eabi-4_8-2014q1/bin/../lib/gcc/arm-none-eabi/4.8.3/../../../../arm-none-eabi/lib/armv6-m/libstdc++_s.a(new_handler.o)
                0x00000000200007a8                __new_handler
 .bss.__malloc_sbrk_start
                0x00000000200007ac        0x4 /Users/owen/gcc-arm-none-eabi-4_8-2014q1/bin/../lib/gcc/arm-none-eabi/4.8.3/../../../../arm-none-eabi/lib/armv6-m/libg_s.a(lib_a-nano-mallocr.o)
                0x00000000200007ac                __malloc_sbrk_start
 .bss.__malloc_free_list
                0x00000000200007b0        0x4 /Users/owen/gcc-arm-none-eabi-4_8-2014q1/bin/../lib/gcc/arm-none-eabi/4.8.3/../../../../arm-none-eabi/lib/armv6-m/libg_s.a(lib_a-nano-mallocr.o)
                0x00000000200007b0                __malloc_free_list
 *(COMMON)
 COMMON         0x00000000200007b4        0x4 ./system/src/newlib/_syscalls.o
                0x00000000200007b4                errno
 COMMON         0x00000000200007b8        0x8 ./src/Timer.o
                0x00000000200007b8                timer_delayCount
                0x00000000200007bc                stopwatch
 COMMON         0x00000000200007c0      0x400 ./src/ssd1306.o
                0x00000000200007c0                pix_buf
 COMMON         0x0000000020000bc0      0x100 ./src/uart.o
                0x0000000020000bc0                uart2_recv_buf
 *(.bss_end .bss_end.*)
 .bss_end       0x0000000020000cc0        0x4 ./system/src/newlib/_startup.o
                0x0000000020000cc4                . = ALIGN (0x4)
                0x0000000020000cc4                __bss_end__ = .
                0x0000000020000cc4                _ebss = .

.noinit         0x0000000020000cc4        0x0
                0x0000000020000cc4                . = ALIGN (0x4)
                0x0000000020000cc4                _noinit = .
 *(.noinit .noinit.*)
                0x0000000020000cc4                . = ALIGN (0x4)
                0x0000000020000cc4                _end_noinit = .
                0x0000000020000cc4                PROVIDE (end, _end_noinit)
                0x0000000020000cc4                PROVIDE (_end, _end_noinit)
                0x0000000020000cc4                PROVIDE (__end, _end_noinit)
                0x0000000020000cc4                PROVIDE (__end__, _end_noinit)

._check_stack   0x0000000020000cc4      0x100 load address 0x0000000008006140
                0x0000000020000cc4                . = ALIGN (0x4)
                0x0000000020000dc4                . = (. + _Minimum_Stack_Size)
 *fill*         0x0000000020000cc4      0x100 
                0x0000000020000dc4                . = ALIGN (0x4)

.bss_CCMRAM
 *(.bss.CCMRAM .bss.CCMRAM.*)

.b1text
 *(.b1text)
 *(.b1rodata)
 *(.b1rodata.*)

.eb0text
 *(.eb0text)
 *(.eb0rodata)
 *(.eb0rodata.*)

.eb1text
 *(.eb1text)
 *(.eb1rodata)
 *(.eb1rodata.*)

.eb2text
 *(.eb2text)
 *(.eb2rodata)
 *(.eb2rodata.*)

.eb3text
 *(.eb3text)
 *(.eb3rodata)
 *(.eb3rodata.*)

.stab
 *(.stab)

.stabstr
 *(.stabstr)

.stab.excl
 *(.stab.excl)

.stab.exclstr
 *(.stab.exclstr)

.stab.index
 *(.stab.index)

.stab.indexstr
 *(.stab.indexstr)

.comment        0x0000000000000000       0x70
 *(.comment)
 .comment       0x0000000000000000       0x70 ./system/src/stm32f0-stdperiph/stm32f0xx_adc.o
                                         0x71 (size before relaxing)
 .comment       0x0000000000000000       0x71 ./system/src/stm32f0-stdperiph/stm32f0xx_dma.o
 .comment       0x0000000000000000       0x71 ./system/src/stm32f0-stdperiph/stm32f0xx_gpio.o
 .comment       0x0000000000000000       0x71 ./system/src/stm32f0-stdperiph/stm32f0xx_misc.o
 .comment       0x0000000000000000       0x71 ./system/src/stm32f0-stdperiph/stm32f0xx_rcc.o
 .comment       0x0000000000000000       0x71 ./system/src/stm32f0-stdperiph/stm32f0xx_spi.o
 .comment       0x0000000000000000       0x71 ./system/src/stm32f0-stdperiph/stm32f0xx_usart.o
 .comment       0x0000000000000000       0x71 ./system/src/newlib/_exit.o
 .comment       0x0000000000000000       0x71 ./system/src/newlib/_sbrk.o
 .comment       0x0000000000000000       0x71 ./system/src/newlib/_startup.o
 .comment       0x0000000000000000       0x71 ./system/src/newlib/_syscalls.o
 .comment       0x0000000000000000       0x71 ./system/src/newlib/assert.o
 .comment       0x0000000000000000       0x71 ./system/src/cortexm/_initialize_hardware.o
 .comment       0x0000000000000000       0x71 ./system/src/cortexm/exception_handlers.o
 .comment       0x0000000000000000       0x71 ./system/src/cmsis/system_stm32f0xx.o
 .comment       0x0000000000000000       0x71 ./system/src/cmsis/vectors_stm32f0xx.o
 .comment       0x0000000000000000       0x71 ./src/OSC/OSCData.o
 .comment       0x0000000000000000       0x71 ./src/OSC/OSCMatch.o
 .comment       0x0000000000000000       0x71 ./src/OSC/OSCMessage.o
 .comment       0x0000000000000000       0x71 ./src/OSC/SimpleWriter.o
 .comment       0x0000000000000000       0x71 ./src/BlinkLed.o
 .comment       0x0000000000000000       0x71 ./src/SLIPEncodedSerial.o
 .comment       0x0000000000000000       0x71 ./src/Timer.o
 .comment       0x0000000000000000       0x71 ./src/main.o
 .comment       0x0000000000000000       0x71 ./src/spi.o
 .comment       0x0000000000000000       0x71 ./src/ssd1306.o
 .comment       0x0000000000000000       0x71 ./src/uart.o

.ARM.attributes
                0x0000000000000000       0x2f
 .ARM.attributes
                0x0000000000000000       0x31 ./system/src/stm32f0-stdperiph/stm32f0xx_adc.o
 .ARM.attributes
                0x0000000000000031       0x31 ./system/src/stm32f0-stdperiph/stm32f0xx_dma.o
 .ARM.attributes
                0x0000000000000062       0x31 ./system/src/stm32f0-stdperiph/stm32f0xx_gpio.o
 .ARM.attributes
                0x0000000000000093       0x31 ./system/src/stm32f0-stdperiph/stm32f0xx_misc.o
 .ARM.attributes
                0x00000000000000c4       0x31 ./system/src/stm32f0-stdperiph/stm32f0xx_rcc.o
 .ARM.attributes
                0x00000000000000f5       0x31 ./system/src/stm32f0-stdperiph/stm32f0xx_spi.o
 .ARM.attributes
                0x0000000000000126       0x31 ./system/src/stm32f0-stdperiph/stm32f0xx_usart.o
 .ARM.attributes
                0x0000000000000157       0x31 ./system/src/newlib/_exit.o
 .ARM.attributes
                0x0000000000000188       0x31 ./system/src/newlib/_sbrk.o
 .ARM.attributes
                0x00000000000001b9       0x31 ./system/src/newlib/_startup.o
 .ARM.attributes
                0x00000000000001ea       0x31 ./system/src/newlib/_syscalls.o
 .ARM.attributes
                0x000000000000021b       0x31 ./system/src/newlib/assert.o
 .ARM.attributes
                0x000000000000024c       0x31 ./system/src/cortexm/_initialize_hardware.o
 .ARM.attributes
                0x000000000000027d       0x31 ./system/src/cortexm/exception_handlers.o
 .ARM.attributes
                0x00000000000002ae       0x31 ./system/src/cmsis/system_stm32f0xx.o
 .ARM.attributes
                0x00000000000002df       0x31 ./system/src/cmsis/vectors_stm32f0xx.o
 .ARM.attributes
                0x0000000000000310       0x31 ./src/OSC/OSCData.o
 .ARM.attributes
                0x0000000000000341       0x31 ./src/OSC/OSCMatch.o
 .ARM.attributes
                0x0000000000000372       0x31 ./src/OSC/OSCMessage.o
 .ARM.attributes
                0x00000000000003a3       0x31 ./src/OSC/SimpleWriter.o
 .ARM.attributes
                0x00000000000003d4       0x31 ./src/BlinkLed.o
 .ARM.attributes
                0x0000000000000405       0x31 ./src/SLIPEncodedSerial.o
 .ARM.attributes
                0x0000000000000436       0x31 ./src/Timer.o
 .ARM.attributes
                0x0000000000000467       0x31 ./src/main.o
 .ARM.attributes
                0x0000000000000498       0x31 ./src/spi.o
 .ARM.attributes
                0x00000000000004c9       0x31 ./src/ssd1306.o
 .ARM.attributes
                0x00000000000004fa       0x31 ./src/uart.o
 .ARM.attributes
                0x000000000000052b       0x2c /Users/owen/gcc-arm-none-eabi-4_8-2014q1/bin/../lib/gcc/arm-none-eabi/4.8.3/../../../../arm-none-eabi/lib/armv6-m/libstdc++_s.a(del_op.o)
 .ARM.attributes
                0x0000000000000557       0x2c /Users/owen/gcc-arm-none-eabi-4_8-2014q1/bin/../lib/gcc/arm-none-eabi/4.8.3/../../../../arm-none-eabi/lib/armv6-m/libstdc++_s.a(new_op.o)
 .ARM.attributes
                0x0000000000000583       0x2c /Users/owen/gcc-arm-none-eabi-4_8-2014q1/bin/../lib/gcc/arm-none-eabi/4.8.3/../../../../arm-none-eabi/lib/armv6-m/libstdc++_s.a(new_handler.o)
 .ARM.attributes
                0x00000000000005af       0x1e /Users/owen/gcc-arm-none-eabi-4_8-2014q1/bin/../lib/gcc/arm-none-eabi/4.8.3/armv6-m/libgcc.a(_udivsi3.o)
 .ARM.attributes
                0x00000000000005cd       0x1e /Users/owen/gcc-arm-none-eabi-4_8-2014q1/bin/../lib/gcc/arm-none-eabi/4.8.3/armv6-m/libgcc.a(_dvmd_tls.o)
 .ARM.attributes
                0x00000000000005eb       0x2c /Users/owen/gcc-arm-none-eabi-4_8-2014q1/bin/../lib/gcc/arm-none-eabi/4.8.3/../../../../arm-none-eabi/lib/armv6-m/libg_s.a(lib_a-errno.o)
 .ARM.attributes
                0x0000000000000617       0x2c /Users/owen/gcc-arm-none-eabi-4_8-2014q1/bin/../lib/gcc/arm-none-eabi/4.8.3/../../../../arm-none-eabi/lib/armv6-m/libg_s.a(lib_a-impure.o)
 .ARM.attributes
                0x0000000000000643       0x2c /Users/owen/gcc-arm-none-eabi-4_8-2014q1/bin/../lib/gcc/arm-none-eabi/4.8.3/../../../../arm-none-eabi/lib/armv6-m/libg_s.a(lib_a-malloc.o)
 .ARM.attributes
                0x000000000000066f       0x2c /Users/owen/gcc-arm-none-eabi-4_8-2014q1/bin/../lib/gcc/arm-none-eabi/4.8.3/../../../../arm-none-eabi/lib/armv6-m/libg_s.a(lib_a-memcpy-stub.o)
 .ARM.attributes
                0x000000000000069b       0x2c /Users/owen/gcc-arm-none-eabi-4_8-2014q1/bin/../lib/gcc/arm-none-eabi/4.8.3/../../../../arm-none-eabi/lib/armv6-m/libg_s.a(lib_a-nano-freer.o)
 .ARM.attributes
                0x00000000000006c7       0x2c /Users/owen/gcc-arm-none-eabi-4_8-2014q1/bin/../lib/gcc/arm-none-eabi/4.8.3/../../../../arm-none-eabi/lib/armv6-m/libg_s.a(lib_a-nano-mallocr.o)
 .ARM.attributes
                0x00000000000006f3       0x2c /Users/owen/gcc-arm-none-eabi-4_8-2014q1/bin/../lib/gcc/arm-none-eabi/4.8.3/../../../../arm-none-eabi/lib/armv6-m/libg_s.a(lib_a-realloc.o)
 .ARM.attributes
                0x000000000000071f       0x2c /Users/owen/gcc-arm-none-eabi-4_8-2014q1/bin/../lib/gcc/arm-none-eabi/4.8.3/../../../../arm-none-eabi/lib/armv6-m/libg_s.a(lib_a-sbrkr.o)
 .ARM.attributes
                0x000000000000074b       0x2c /Users/owen/gcc-arm-none-eabi-4_8-2014q1/bin/../lib/gcc/arm-none-eabi/4.8.3/../../../../arm-none-eabi/lib/armv6-m/libg_s.a(lib_a-sprintf.o)
 .ARM.attributes
                0x0000000000000777       0x1c /Users/owen/gcc-arm-none-eabi-4_8-2014q1/bin/../lib/gcc/arm-none-eabi/4.8.3/../../../../arm-none-eabi/lib/armv6-m/libg_s.a(lib_a-strcmp.o)
 .ARM.attributes
                0x0000000000000793       0x2c /Users/owen/gcc-arm-none-eabi-4_8-2014q1/bin/../lib/gcc/arm-none-eabi/4.8.3/../../../../arm-none-eabi/lib/armv6-m/libg_s.a(lib_a-strcpy.o)
 .ARM.attributes
                0x00000000000007bf       0x2c /Users/owen/gcc-arm-none-eabi-4_8-2014q1/bin/../lib/gcc/arm-none-eabi/4.8.3/../../../../arm-none-eabi/lib/armv6-m/libg_s.a(lib_a-strlen.o)
 .ARM.attributes
                0x00000000000007eb       0x2c /Users/owen/gcc-arm-none-eabi-4_8-2014q1/bin/../lib/gcc/arm-none-eabi/4.8.3/../../../../arm-none-eabi/lib/armv6-m/libg_s.a(lib_a-strncmp.o)
 .ARM.attributes
                0x0000000000000817       0x2c /Users/owen/gcc-arm-none-eabi-4_8-2014q1/bin/../lib/gcc/arm-none-eabi/4.8.3/../../../../arm-none-eabi/lib/armv6-m/libg_s.a(lib_a-svfprintf.o)
 .ARM.attributes
                0x0000000000000843       0x2c /Users/owen/gcc-arm-none-eabi-4_8-2014q1/bin/../lib/gcc/arm-none-eabi/4.8.3/../../../../arm-none-eabi/lib/armv6-m/libg_s.a(lib_a-vfprintf_i.o)
 .ARM.attributes
                0x000000000000086f       0x2c /Users/owen/gcc-arm-none-eabi-4_8-2014q1/bin/../lib/gcc/arm-none-eabi/4.8.3/../../../../arm-none-eabi/lib/armv6-m/libg_s.a(lib_a-memchr-stub.o)
 .ARM.attributes
                0x000000000000089b       0x2c /Users/owen/gcc-arm-none-eabi-4_8-2014q1/bin/../lib/gcc/arm-none-eabi/4.8.3/../../../../arm-none-eabi/lib/armv6-m/libg_s.a(lib_a-memmove.o)
 .ARM.attributes
                0x00000000000008c7       0x2c /Users/owen/gcc-arm-none-eabi-4_8-2014q1/bin/../lib/gcc/arm-none-eabi/4.8.3/../../../../arm-none-eabi/lib/armv6-m/libg_s.a(lib_a-nano-reallocr.o)
 .ARM.attributes
                0x00000000000008f3       0x2c /Users/owen/gcc-arm-none-eabi-4_8-2014q1/bin/../lib/gcc/arm-none-eabi/4.8.3/../../../../arm-none-eabi/lib/armv6-m/libg_s.a(lib_a-nano-msizer.o)

.debug
 *(.debug)

.line
 *(.line)

.debug_srcinfo
 *(.debug_srcinfo)

.debug_sfnames
 *(.debug_sfnames)

.debug_aranges  0x0000000000000000      0xd88
 *(.debug_aranges)
 .debug_aranges
                0x0000000000000000      0x108 ./system/src/stm32f0-stdperiph/stm32f0xx_adc.o
 .debug_aranges
                0x0000000000000108       0x70 ./system/src/stm32f0-stdperiph/stm32f0xx_dma.o
 .debug_aranges
                0x0000000000000178       0x80 ./system/src/stm32f0-stdperiph/stm32f0xx_gpio.o
 .debug_aranges
                0x00000000000001f8       0x30 ./system/src/stm32f0-stdperiph/stm32f0xx_misc.o
 .debug_aranges
                0x0000000000000228      0x160 ./system/src/stm32f0-stdperiph/stm32f0xx_rcc.o
 .debug_aranges
                0x0000000000000388      0x110 ./system/src/stm32f0-stdperiph/stm32f0xx_spi.o
 .debug_aranges
                0x0000000000000498      0x1a0 ./system/src/stm32f0-stdperiph/stm32f0xx_usart.o
 .debug_aranges
                0x0000000000000638       0x28 ./system/src/newlib/_exit.o
 .debug_aranges
                0x0000000000000660       0x20 ./system/src/newlib/_sbrk.o
 .debug_aranges
                0x0000000000000680       0x40 ./system/src/newlib/_startup.o
 .debug_aranges
                0x00000000000006c0       0xd0 ./system/src/newlib/_syscalls.o
 .debug_aranges
                0x0000000000000790       0x28 ./system/src/newlib/assert.o
 .debug_aranges
                0x00000000000007b8       0x20 ./system/src/cortexm/_initialize_hardware.o
 .debug_aranges
                0x00000000000007d8       0x48 ./system/src/cortexm/exception_handlers.o
 .debug_aranges
                0x0000000000000820       0x30 ./system/src/cmsis/system_stm32f0xx.o
 .debug_aranges
                0x0000000000000850       0x20 ./system/src/cmsis/vectors_stm32f0xx.o
 .debug_aranges
                0x0000000000000870       0xa8 ./src/OSC/OSCData.o
 .debug_aranges
                0x0000000000000918       0x48 ./src/OSC/OSCMatch.o
 .debug_aranges
                0x0000000000000960      0x180 ./src/OSC/OSCMessage.o
 .debug_aranges
                0x0000000000000ae0       0x38 ./src/OSC/SimpleWriter.o
 .debug_aranges
                0x0000000000000b18       0x20 ./src/BlinkLed.o
 .debug_aranges
                0x0000000000000b38       0x58 ./src/SLIPEncodedSerial.o
 .debug_aranges
                0x0000000000000b90       0x48 ./src/Timer.o
 .debug_aranges
                0x0000000000000bd8       0xa0 ./src/main.o
 .debug_aranges
                0x0000000000000c78       0x28 ./src/spi.o
 .debug_aranges
                0x0000000000000ca0       0xa0 ./src/ssd1306.o
 .debug_aranges
                0x0000000000000d40       0x48 ./src/uart.o

.debug_pubnames
 *(.debug_pubnames)

.debug_info     0x0000000000000000    0x12cb5
 *(.debug_info .gnu.linkonce.wi.*)
 .debug_info    0x0000000000000000      0xfd9 ./system/src/stm32f0-stdperiph/stm32f0xx_adc.o
 .debug_info    0x0000000000000fd9      0x6da ./system/src/stm32f0-stdperiph/stm32f0xx_dma.o
 .debug_info    0x00000000000016b3      0xa38 ./system/src/stm32f0-stdperiph/stm32f0xx_gpio.o
 .debug_info    0x00000000000020eb      0x41c ./system/src/stm32f0-stdperiph/stm32f0xx_misc.o
 .debug_info    0x0000000000002507      0xf39 ./system/src/stm32f0-stdperiph/stm32f0xx_rcc.o
 .debug_info    0x0000000000003440     0x1269 ./system/src/stm32f0-stdperiph/stm32f0xx_spi.o
 .debug_info    0x00000000000046a9     0x1b10 ./system/src/stm32f0-stdperiph/stm32f0xx_usart.o
 .debug_info    0x00000000000061b9       0xee ./system/src/newlib/_exit.o
 .debug_info    0x00000000000062a7      0x125 ./system/src/newlib/_sbrk.o
 .debug_info    0x00000000000063cc      0x469 ./system/src/newlib/_startup.o
 .debug_info    0x0000000000006835      0x8f3 ./system/src/newlib/_syscalls.o
 .debug_info    0x0000000000007128      0x17e ./system/src/newlib/assert.o
 .debug_info    0x00000000000072a6       0x9d ./system/src/cortexm/_initialize_hardware.o
 .debug_info    0x0000000000007343       0xa5 ./system/src/cortexm/exception_handlers.o
 .debug_info    0x00000000000073e8      0x309 ./system/src/cmsis/system_stm32f0xx.o
 .debug_info    0x00000000000076f1       0x92 ./system/src/cmsis/vectors_stm32f0xx.o
 .debug_info    0x0000000000007783      0xbed ./src/OSC/OSCData.o
 .debug_info    0x0000000000008370      0x4f4 ./src/OSC/OSCMatch.o
 .debug_info    0x0000000000008864     0x3c94 ./src/OSC/OSCMessage.o
 .debug_info    0x000000000000c4f8      0x23a ./src/OSC/SimpleWriter.o
 .debug_info    0x000000000000c732      0x412 ./src/BlinkLed.o
 .debug_info    0x000000000000cb44      0x54f ./src/SLIPEncodedSerial.o
 .debug_info    0x000000000000d093      0x499 ./src/Timer.o
 .debug_info    0x000000000000d52c     0x37dd ./src/main.o
 .debug_info    0x0000000000010d09      0x70d ./src/spi.o
 .debug_info    0x0000000000011416      0xf82 ./src/ssd1306.o
 .debug_info    0x0000000000012398      0x91d ./src/uart.o

.debug_abbrev   0x0000000000000000     0x30e5
 *(.debug_abbrev)
 .debug_abbrev  0x0000000000000000      0x1b9 ./system/src/stm32f0-stdperiph/stm32f0xx_adc.o
 .debug_abbrev  0x00000000000001b9      0x196 ./system/src/stm32f0-stdperiph/stm32f0xx_dma.o
 .debug_abbrev  0x000000000000034f      0x1db ./system/src/stm32f0-stdperiph/stm32f0xx_gpio.o
 .debug_abbrev  0x000000000000052a      0x16e ./system/src/stm32f0-stdperiph/stm32f0xx_misc.o
 .debug_abbrev  0x0000000000000698      0x23e ./system/src/stm32f0-stdperiph/stm32f0xx_rcc.o
 .debug_abbrev  0x00000000000008d6      0x1f0 ./system/src/stm32f0-stdperiph/stm32f0xx_spi.o
 .debug_abbrev  0x0000000000000ac6      0x1d2 ./system/src/stm32f0-stdperiph/stm32f0xx_usart.o
 .debug_abbrev  0x0000000000000c98       0xb7 ./system/src/newlib/_exit.o
 .debug_abbrev  0x0000000000000d4f       0xbb ./system/src/newlib/_sbrk.o
 .debug_abbrev  0x0000000000000e0a      0x1da ./system/src/newlib/_startup.o
 .debug_abbrev  0x0000000000000fe4      0x178 ./system/src/newlib/_syscalls.o
 .debug_abbrev  0x000000000000115c       0xb6 ./system/src/newlib/assert.o
 .debug_abbrev  0x0000000000001212       0x63 ./system/src/cortexm/_initialize_hardware.o
 .debug_abbrev  0x0000000000001275       0x65 ./system/src/cortexm/exception_handlers.o
 .debug_abbrev  0x00000000000012da      0x146 ./system/src/cmsis/system_stm32f0xx.o
 .debug_abbrev  0x0000000000001420       0x92 ./system/src/cmsis/vectors_stm32f0xx.o
 .debug_abbrev  0x00000000000014b2      0x2d5 ./src/OSC/OSCData.o
 .debug_abbrev  0x0000000000001787      0x17c ./src/OSC/OSCMatch.o
 .debug_abbrev  0x0000000000001903      0x54d ./src/OSC/OSCMessage.o
 .debug_abbrev  0x0000000000001e50      0x162 ./src/OSC/SimpleWriter.o
 .debug_abbrev  0x0000000000001fb2      0x16d ./src/BlinkLed.o
 .debug_abbrev  0x000000000000211f      0x23e ./src/SLIPEncodedSerial.o
 .debug_abbrev  0x000000000000235d      0x1cf ./src/Timer.o
 .debug_abbrev  0x000000000000252c      0x5b8 ./src/main.o
 .debug_abbrev  0x0000000000002ae4      0x174 ./src/spi.o
 .debug_abbrev  0x0000000000002c58      0x292 ./src/ssd1306.o
 .debug_abbrev  0x0000000000002eea      0x1fb ./src/uart.o

.debug_line     0x0000000000000000     0x8be7
 *(.debug_line)
 .debug_line    0x0000000000000000      0x872 ./system/src/stm32f0-stdperiph/stm32f0xx_adc.o
 .debug_line    0x0000000000000872      0x5d6 ./system/src/stm32f0-stdperiph/stm32f0xx_dma.o
 .debug_line    0x0000000000000e48      0x628 ./system/src/stm32f0-stdperiph/stm32f0xx_gpio.o
 .debug_line    0x0000000000001470      0x47f ./system/src/stm32f0-stdperiph/stm32f0xx_misc.o
 .debug_line    0x00000000000018ef      0x931 ./system/src/stm32f0-stdperiph/stm32f0xx_rcc.o
 .debug_line    0x0000000000002220      0x8a4 ./system/src/stm32f0-stdperiph/stm32f0xx_spi.o
 .debug_line    0x0000000000002ac4      0xb57 ./system/src/stm32f0-stdperiph/stm32f0xx_usart.o
 .debug_line    0x000000000000361b      0x271 ./system/src/newlib/_exit.o
 .debug_line    0x000000000000388c      0x224 ./system/src/newlib/_sbrk.o
 .debug_line    0x0000000000003ab0      0x2e7 ./system/src/newlib/_startup.o
 .debug_line    0x0000000000003d97      0x495 ./system/src/newlib/_syscalls.o
 .debug_line    0x000000000000422c      0x296 ./system/src/newlib/assert.o
 .debug_line    0x00000000000044c2      0x438 ./system/src/cortexm/_initialize_hardware.o
 .debug_line    0x00000000000048fa       0x97 ./system/src/cortexm/exception_handlers.o
 .debug_line    0x0000000000004991      0x489 ./system/src/cmsis/system_stm32f0xx.o
 .debug_line    0x0000000000004e1a       0x89 ./system/src/cmsis/vectors_stm32f0xx.o
 .debug_line    0x0000000000004ea3      0x472 ./src/OSC/OSCData.o
 .debug_line    0x0000000000005315      0x483 ./src/OSC/OSCMatch.o
 .debug_line    0x0000000000005798      0x9b9 ./src/OSC/OSCMessage.o
 .debug_line    0x0000000000006151      0x28a ./src/OSC/SimpleWriter.o
 .debug_line    0x00000000000063db      0x430 ./src/BlinkLed.o
 .debug_line    0x000000000000680b      0x52b ./src/SLIPEncodedSerial.o
 .debug_line    0x0000000000006d36      0x4c8 ./src/Timer.o
 .debug_line    0x00000000000071fe      0xa97 ./src/main.o
 .debug_line    0x0000000000007c95      0x440 ./src/spi.o
 .debug_line    0x00000000000080d5      0x672 ./src/ssd1306.o
 .debug_line    0x0000000000008747      0x4a0 ./src/uart.o

.debug_frame    0x0000000000000000     0x28e8
 *(.debug_frame)
 .debug_frame   0x0000000000000000      0x32c ./system/src/stm32f0-stdperiph/stm32f0xx_adc.o
 .debug_frame   0x000000000000032c      0x120 ./system/src/stm32f0-stdperiph/stm32f0xx_dma.o
 .debug_frame   0x000000000000044c      0x168 ./system/src/stm32f0-stdperiph/stm32f0xx_gpio.o
 .debug_frame   0x00000000000005b4       0x60 ./system/src/stm32f0-stdperiph/stm32f0xx_misc.o
 .debug_frame   0x0000000000000614      0x3f8 ./system/src/stm32f0-stdperiph/stm32f0xx_rcc.o
 .debug_frame   0x0000000000000a0c      0x330 ./system/src/stm32f0-stdperiph/stm32f0xx_spi.o
 .debug_frame   0x0000000000000d3c      0x558 ./system/src/stm32f0-stdperiph/stm32f0xx_usart.o
 .debug_frame   0x0000000000001294       0x38 ./system/src/newlib/_exit.o
 .debug_frame   0x00000000000012cc       0x28 ./system/src/newlib/_sbrk.o
 .debug_frame   0x00000000000012f4       0x84 ./system/src/newlib/_startup.o
 .debug_frame   0x0000000000001378      0x230 ./system/src/newlib/_syscalls.o
 .debug_frame   0x00000000000015a8       0x40 ./system/src/newlib/assert.o
 .debug_frame   0x00000000000015e8       0x28 ./system/src/cortexm/_initialize_hardware.o
 .debug_frame   0x0000000000001610       0x78 ./system/src/cortexm/exception_handlers.o
 .debug_frame   0x0000000000001688       0x54 ./system/src/cmsis/system_stm32f0xx.o
 .debug_frame   0x00000000000016dc       0x20 ./system/src/cmsis/vectors_stm32f0xx.o
 .debug_frame   0x00000000000016fc      0x190 ./src/OSC/OSCData.o
 .debug_frame   0x000000000000188c       0xcc ./src/OSC/OSCMatch.o
 .debug_frame   0x0000000000001958      0x4cc ./src/OSC/OSCMessage.o
 .debug_frame   0x0000000000001e24       0x5c ./src/OSC/SimpleWriter.o
 .debug_frame   0x0000000000001e80       0x38 ./src/BlinkLed.o
 .debug_frame   0x0000000000001eb8       0xe8 ./src/SLIPEncodedSerial.o
 .debug_frame   0x0000000000001fa0       0x80 ./src/Timer.o
 .debug_frame   0x0000000000002020      0x204 ./src/main.o
 .debug_frame   0x0000000000002224       0x4c ./src/spi.o
 .debug_frame   0x0000000000002270      0x1fc ./src/ssd1306.o
 .debug_frame   0x000000000000246c       0xa0 ./src/uart.o
 .debug_frame   0x000000000000250c       0x28 /Users/owen/gcc-arm-none-eabi-4_8-2014q1/bin/../lib/gcc/arm-none-eabi/4.8.3/../../../../arm-none-eabi/lib/armv6-m/libstdc++_s.a(del_op.o)
 .debug_frame   0x0000000000002534       0x28 /Users/owen/gcc-arm-none-eabi-4_8-2014q1/bin/../lib/gcc/arm-none-eabi/4.8.3/../../../../arm-none-eabi/lib/armv6-m/libstdc++_s.a(new_op.o)
 .debug_frame   0x000000000000255c       0x20 /Users/owen/gcc-arm-none-eabi-4_8-2014q1/bin/../lib/gcc/arm-none-eabi/4.8.3/../../../../arm-none-eabi/lib/armv6-m/libstdc++_s.a(new_handler.o)
 .debug_frame   0x000000000000257c       0x20 /Users/owen/gcc-arm-none-eabi-4_8-2014q1/bin/../lib/gcc/arm-none-eabi/4.8.3/armv6-m/libgcc.a(_udivsi3.o)
 .debug_frame   0x000000000000259c       0x20 /Users/owen/gcc-arm-none-eabi-4_8-2014q1/bin/../lib/gcc/arm-none-eabi/4.8.3/../../../../arm-none-eabi/lib/armv6-m/libg_s.a(lib_a-errno.o)
 .debug_frame   0x00000000000025bc       0x40 /Users/owen/gcc-arm-none-eabi-4_8-2014q1/bin/../lib/gcc/arm-none-eabi/4.8.3/../../../../arm-none-eabi/lib/armv6-m/libg_s.a(lib_a-malloc.o)
 .debug_frame   0x00000000000025fc       0x28 /Users/owen/gcc-arm-none-eabi-4_8-2014q1/bin/../lib/gcc/arm-none-eabi/4.8.3/../../../../arm-none-eabi/lib/armv6-m/libg_s.a(lib_a-memcpy-stub.o)
 .debug_frame   0x0000000000002624       0x2c /Users/owen/gcc-arm-none-eabi-4_8-2014q1/bin/../lib/gcc/arm-none-eabi/4.8.3/../../../../arm-none-eabi/lib/armv6-m/libg_s.a(lib_a-nano-freer.o)
 .debug_frame   0x0000000000002650       0x2c /Users/owen/gcc-arm-none-eabi-4_8-2014q1/bin/../lib/gcc/arm-none-eabi/4.8.3/../../../../arm-none-eabi/lib/armv6-m/libg_s.a(lib_a-nano-mallocr.o)
 .debug_frame   0x000000000000267c       0x28 /Users/owen/gcc-arm-none-eabi-4_8-2014q1/bin/../lib/gcc/arm-none-eabi/4.8.3/../../../../arm-none-eabi/lib/armv6-m/libg_s.a(lib_a-realloc.o)
 .debug_frame   0x00000000000026a4       0x2c /Users/owen/gcc-arm-none-eabi-4_8-2014q1/bin/../lib/gcc/arm-none-eabi/4.8.3/../../../../arm-none-eabi/lib/armv6-m/libg_s.a(lib_a-sbrkr.o)
 .debug_frame   0x00000000000026d0       0x4c /Users/owen/gcc-arm-none-eabi-4_8-2014q1/bin/../lib/gcc/arm-none-eabi/4.8.3/../../../../arm-none-eabi/lib/armv6-m/libg_s.a(lib_a-sprintf.o)
 .debug_frame   0x000000000000271c       0x20 /Users/owen/gcc-arm-none-eabi-4_8-2014q1/bin/../lib/gcc/arm-none-eabi/4.8.3/../../../../arm-none-eabi/lib/armv6-m/libg_s.a(lib_a-strcpy.o)
 .debug_frame   0x000000000000273c       0x20 /Users/owen/gcc-arm-none-eabi-4_8-2014q1/bin/../lib/gcc/arm-none-eabi/4.8.3/../../../../arm-none-eabi/lib/armv6-m/libg_s.a(lib_a-strlen.o)
 .debug_frame   0x000000000000275c       0x28 /Users/owen/gcc-arm-none-eabi-4_8-2014q1/bin/../lib/gcc/arm-none-eabi/4.8.3/../../../../arm-none-eabi/lib/armv6-m/libg_s.a(lib_a-strncmp.o)
 .debug_frame   0x0000000000002784       0x74 /Users/owen/gcc-arm-none-eabi-4_8-2014q1/bin/../lib/gcc/arm-none-eabi/4.8.3/../../../../arm-none-eabi/lib/armv6-m/libg_s.a(lib_a-svfprintf.o)
 .debug_frame   0x00000000000027f8       0x54 /Users/owen/gcc-arm-none-eabi-4_8-2014q1/bin/../lib/gcc/arm-none-eabi/4.8.3/../../../../arm-none-eabi/lib/armv6-m/libg_s.a(lib_a-vfprintf_i.o)
 .debug_frame   0x000000000000284c       0x20 /Users/owen/gcc-arm-none-eabi-4_8-2014q1/bin/../lib/gcc/arm-none-eabi/4.8.3/../../../../arm-none-eabi/lib/armv6-m/libg_s.a(lib_a-memchr-stub.o)
 .debug_frame   0x000000000000286c       0x2c /Users/owen/gcc-arm-none-eabi-4_8-2014q1/bin/../lib/gcc/arm-none-eabi/4.8.3/../../../../arm-none-eabi/lib/armv6-m/libg_s.a(lib_a-memmove.o)
 .debug_frame   0x0000000000002898       0x30 /Users/owen/gcc-arm-none-eabi-4_8-2014q1/bin/../lib/gcc/arm-none-eabi/4.8.3/../../../../arm-none-eabi/lib/armv6-m/libg_s.a(lib_a-nano-reallocr.o)
 .debug_frame   0x00000000000028c8       0x20 /Users/owen/gcc-arm-none-eabi-4_8-2014q1/bin/../lib/gcc/arm-none-eabi/4.8.3/../../../../arm-none-eabi/lib/armv6-m/libg_s.a(lib_a-nano-msizer.o)

.debug_str      0x0000000000000000    0x496b5
 *(.debug_str)
 .debug_str     0x0000000000000000    0x3f04a ./system/src/stm32f0-stdperiph/stm32f0xx_adc.o
                                      0x3f1ef (size before relaxing)
 .debug_str     0x000000000003f04a      0x4ab ./system/src/stm32f0-stdperiph/stm32f0xx_dma.o
                                      0x3f22e (size before relaxing)
 .debug_str     0x000000000003f4f5      0x270 ./system/src/stm32f0-stdperiph/stm32f0xx_gpio.o
                                      0x3f060 (size before relaxing)
 .debug_str     0x000000000003f765      0x14d ./system/src/stm32f0-stdperiph/stm32f0xx_misc.o
                                      0x3eea4 (size before relaxing)
 .debug_str     0x000000000003f8b2      0x61e ./system/src/stm32f0-stdperiph/stm32f0xx_rcc.o
                                      0x3f3e6 (size before relaxing)
 .debug_str     0x000000000003fed0      0x4fb ./system/src/stm32f0-stdperiph/stm32f0xx_spi.o
                                      0x3f39d (size before relaxing)
 .debug_str     0x00000000000403cb      0x7fd ./system/src/stm32f0-stdperiph/stm32f0xx_usart.o
                                      0x3f68e (size before relaxing)
 .debug_str     0x0000000000040bc8     0x27fe ./system/src/newlib/_exit.o
                                       0x4db3 (size before relaxing)
 .debug_str     0x00000000000433c6      0x4de ./system/src/newlib/_sbrk.o
                                       0x4369 (size before relaxing)
 .debug_str     0x00000000000438a4      0x246 ./system/src/newlib/_startup.o
                                       0x3dd9 (size before relaxing)
 .debug_str     0x0000000000043aea      0xe3b ./system/src/newlib/_syscalls.o
                                       0x5228 (size before relaxing)
 .debug_str     0x0000000000044925       0xd7 ./system/src/newlib/assert.o
                                       0x577d (size before relaxing)
 .debug_str     0x00000000000449fc       0x51 ./system/src/cortexm/_initialize_hardware.o
                                      0x3ed2b (size before relaxing)
 .debug_str     0x0000000000044a4d       0xa1 ./system/src/cortexm/exception_handlers.o
                                       0x23ae (size before relaxing)
 .debug_str     0x0000000000044aee       0x7d ./system/src/cmsis/system_stm32f0xx.o
                                      0x3ee2b (size before relaxing)
 .debug_str     0x0000000000044b6b       0x56 ./system/src/cmsis/vectors_stm32f0xx.o
                                       0x2391 (size before relaxing)
 .debug_str     0x0000000000044bc1     0x2349 ./src/OSC/OSCData.o
                                       0x6686 (size before relaxing)
 .debug_str     0x0000000000046f0a      0x1d8 ./src/OSC/OSCMatch.o
                                       0x4b29 (size before relaxing)
 .debug_str     0x00000000000470e2     0x10f5 ./src/OSC/OSCMessage.o
                                       0x7b20 (size before relaxing)
 .debug_str     0x00000000000481d7       0x1c ./src/OSC/SimpleWriter.o
                                       0x5100 (size before relaxing)
 .debug_str     0x00000000000481f3      0x25a ./src/BlinkLed.o
                                      0x3f14c (size before relaxing)
 .debug_str     0x000000000004844d      0x2ba ./src/SLIPEncodedSerial.o
                                      0x3f2ac (size before relaxing)
 .debug_str     0x0000000000048707      0x266 ./src/Timer.o
                                      0x3f044 (size before relaxing)
 .debug_str     0x000000000004896d      0xa04 ./src/main.o
                                      0x45869 (size before relaxing)
 .debug_str     0x0000000000049371      0x203 ./src/spi.o
                                      0x3f245 (size before relaxing)
 .debug_str     0x0000000000049574       0xd4 ./src/ssd1306.o
                                      0x3f422 (size before relaxing)
 .debug_str     0x0000000000049648       0x6d ./src/uart.o
                                      0x3f552 (size before relaxing)

.debug_loc      0x0000000000000000     0x91f0
 *(.debug_loc)
 .debug_loc     0x0000000000000000      0xa9c ./system/src/stm32f0-stdperiph/stm32f0xx_adc.o
 .debug_loc     0x0000000000000a9c      0x2fc ./system/src/stm32f0-stdperiph/stm32f0xx_dma.o
 .debug_loc     0x0000000000000d98      0x4e1 ./system/src/stm32f0-stdperiph/stm32f0xx_gpio.o
 .debug_loc     0x0000000000001279       0xeb ./system/src/stm32f0-stdperiph/stm32f0xx_misc.o
 .debug_loc     0x0000000000001364      0xc3f ./system/src/stm32f0-stdperiph/stm32f0xx_rcc.o
 .debug_loc     0x0000000000001fa3      0xbb9 ./system/src/stm32f0-stdperiph/stm32f0xx_spi.o
 .debug_loc     0x0000000000002b5c     0x13bf ./system/src/stm32f0-stdperiph/stm32f0xx_usart.o
 .debug_loc     0x0000000000003f1b       0x70 ./system/src/newlib/_sbrk.o
 .debug_loc     0x0000000000003f8b      0x265 ./system/src/newlib/_startup.o
 .debug_loc     0x00000000000041f0      0x549 ./system/src/newlib/_syscalls.o
 .debug_loc     0x0000000000004739       0xc6 ./system/src/newlib/assert.o
 .debug_loc     0x00000000000047ff       0xe2 ./system/src/cmsis/system_stm32f0xx.o
 .debug_loc     0x00000000000048e1      0x4c3 ./src/OSC/OSCData.o
 .debug_loc     0x0000000000004da4      0x67e ./src/OSC/OSCMatch.o
 .debug_loc     0x0000000000005422     0x23f5 ./src/OSC/OSCMessage.o
 .debug_loc     0x0000000000007817       0x96 ./src/OSC/SimpleWriter.o
 .debug_loc     0x00000000000078ad      0x317 ./src/SLIPEncodedSerial.o
 .debug_loc     0x0000000000007bc4       0x59 ./src/Timer.o
 .debug_loc     0x0000000000007c1d      0xcd2 ./src/main.o
 .debug_loc     0x00000000000088ef      0x88b ./src/ssd1306.o
 .debug_loc     0x000000000000917a       0x76 ./src/uart.o

.debug_macinfo
 *(.debug_macinfo)

.debug_weaknames
 *(.debug_weaknames)

.debug_funcnames
 *(.debug_funcnames)

.debug_typenames
 *(.debug_typenames)

.debug_varnames
 *(.debug_varnames)
OUTPUT(Mother_STM32F0.elf elf32-littlearm)

.debug_ranges   0x0000000000000000      0xd48
 .debug_ranges  0x0000000000000000       0xf8 ./system/src/stm32f0-stdperiph/stm32f0xx_adc.o
 .debug_ranges  0x00000000000000f8       0x60 ./system/src/stm32f0-stdperiph/stm32f0xx_dma.o
 .debug_ranges  0x0000000000000158       0x70 ./system/src/stm32f0-stdperiph/stm32f0xx_gpio.o
 .debug_ranges  0x00000000000001c8       0x20 ./system/src/stm32f0-stdperiph/stm32f0xx_misc.o
 .debug_ranges  0x00000000000001e8      0x150 ./system/src/stm32f0-stdperiph/stm32f0xx_rcc.o
 .debug_ranges  0x0000000000000338      0x100 ./system/src/stm32f0-stdperiph/stm32f0xx_spi.o
 .debug_ranges  0x0000000000000438      0x190 ./system/src/stm32f0-stdperiph/stm32f0xx_usart.o
 .debug_ranges  0x00000000000005c8       0x18 ./system/src/newlib/_exit.o
 .debug_ranges  0x00000000000005e0       0x10 ./system/src/newlib/_sbrk.o
 .debug_ranges  0x00000000000005f0       0x48 ./system/src/newlib/_startup.o
 .debug_ranges  0x0000000000000638       0xc0 ./system/src/newlib/_syscalls.o
 .debug_ranges  0x00000000000006f8       0x18 ./system/src/newlib/assert.o
 .debug_ranges  0x0000000000000710       0x10 ./system/src/cortexm/_initialize_hardware.o
 .debug_ranges  0x0000000000000720       0x38 ./system/src/cortexm/exception_handlers.o
 .debug_ranges  0x0000000000000758       0x20 ./system/src/cmsis/system_stm32f0xx.o
 .debug_ranges  0x0000000000000778       0x10 ./system/src/cmsis/vectors_stm32f0xx.o
 .debug_ranges  0x0000000000000788       0x98 ./src/OSC/OSCData.o
 .debug_ranges  0x0000000000000820       0x88 ./src/OSC/OSCMatch.o
 .debug_ranges  0x00000000000008a8      0x230 ./src/OSC/OSCMessage.o
 .debug_ranges  0x0000000000000ad8       0x28 ./src/OSC/SimpleWriter.o
 .debug_ranges  0x0000000000000b00       0x10 ./src/BlinkLed.o
 .debug_ranges  0x0000000000000b10       0x60 ./src/SLIPEncodedSerial.o
 .debug_ranges  0x0000000000000b70       0x38 ./src/Timer.o
 .debug_ranges  0x0000000000000ba8       0xc0 ./src/main.o
 .debug_ranges  0x0000000000000c68       0x18 ./src/spi.o
 .debug_ranges  0x0000000000000c80       0x90 ./src/ssd1306.o
 .debug_ranges  0x0000000000000d10       0x38 ./src/uart.o

.debug_macro    0x0000000000000000     0xf2cb
 .debug_macro   0x0000000000000000      0x180 ./system/src/stm32f0-stdperiph/stm32f0xx_adc.o
 .debug_macro   0x0000000000000180      0x826 ./system/src/stm32f0-stdperiph/stm32f0xx_adc.o
 .debug_macro   0x00000000000009a6       0x7a ./system/src/stm32f0-stdperiph/stm32f0xx_adc.o
 .debug_macro   0x0000000000000a20       0x3a ./system/src/stm32f0-stdperiph/stm32f0xx_adc.o
 .debug_macro   0x0000000000000a5a       0x16 ./system/src/stm32f0-stdperiph/stm32f0xx_adc.o
 .debug_macro   0x0000000000000a70       0x44 ./system/src/stm32f0-stdperiph/stm32f0xx_adc.o
 .debug_macro   0x0000000000000ab4      0x209 ./system/src/stm32f0-stdperiph/stm32f0xx_adc.o
 .debug_macro   0x0000000000000cbd       0x1f ./system/src/stm32f0-stdperiph/stm32f0xx_adc.o
 .debug_macro   0x0000000000000cdc      0x242 ./system/src/stm32f0-stdperiph/stm32f0xx_adc.o
 .debug_macro   0x0000000000000f1e     0x5b9e ./system/src/stm32f0-stdperiph/stm32f0xx_adc.o
 .debug_macro   0x0000000000006abc      0x3c9 ./system/src/stm32f0-stdperiph/stm32f0xx_adc.o
 .debug_macro   0x0000000000006e85      0x191 ./system/src/stm32f0-stdperiph/stm32f0xx_adc.o
 .debug_macro   0x0000000000007016       0x46 ./system/src/stm32f0-stdperiph/stm32f0xx_adc.o
 .debug_macro   0x000000000000705c       0xd9 ./system/src/stm32f0-stdperiph/stm32f0xx_adc.o
 .debug_macro   0x0000000000007135       0xef ./system/src/stm32f0-stdperiph/stm32f0xx_adc.o
 .debug_macro   0x0000000000007224      0x184 ./system/src/stm32f0-stdperiph/stm32f0xx_adc.o
 .debug_macro   0x00000000000073a8       0x7c ./system/src/stm32f0-stdperiph/stm32f0xx_adc.o
 .debug_macro   0x0000000000007424      0x295 ./system/src/stm32f0-stdperiph/stm32f0xx_adc.o
 .debug_macro   0x00000000000076b9       0xd7 ./system/src/stm32f0-stdperiph/stm32f0xx_adc.o
 .debug_macro   0x0000000000007790      0x23d ./system/src/stm32f0-stdperiph/stm32f0xx_adc.o
 .debug_macro   0x00000000000079cd      0x185 ./system/src/stm32f0-stdperiph/stm32f0xx_adc.o
 .debug_macro   0x0000000000007b52      0x184 ./system/src/stm32f0-stdperiph/stm32f0xx_adc.o
 .debug_macro   0x0000000000007cd6      0x2a0 ./system/src/stm32f0-stdperiph/stm32f0xx_adc.o
 .debug_macro   0x0000000000007f76       0x70 ./system/src/stm32f0-stdperiph/stm32f0xx_adc.o
 .debug_macro   0x0000000000007fe6       0xdf ./system/src/stm32f0-stdperiph/stm32f0xx_adc.o
 .debug_macro   0x00000000000080c5      0x4e3 ./system/src/stm32f0-stdperiph/stm32f0xx_adc.o
 .debug_macro   0x00000000000085a8      0x4c5 ./system/src/stm32f0-stdperiph/stm32f0xx_adc.o
 .debug_macro   0x0000000000008a6d      0x397 ./system/src/stm32f0-stdperiph/stm32f0xx_adc.o
 .debug_macro   0x0000000000008e04      0x750 ./system/src/stm32f0-stdperiph/stm32f0xx_adc.o
 .debug_macro   0x0000000000009554      0x353 ./system/src/stm32f0-stdperiph/stm32f0xx_adc.o
 .debug_macro   0x00000000000098a7       0x34 ./system/src/stm32f0-stdperiph/stm32f0xx_adc.o
 .debug_macro   0x00000000000098db       0x3a ./system/src/stm32f0-stdperiph/stm32f0xx_adc.o
 .debug_macro   0x0000000000009915      0x2ec ./system/src/stm32f0-stdperiph/stm32f0xx_adc.o
 .debug_macro   0x0000000000009c01      0x1a4 ./system/src/stm32f0-stdperiph/stm32f0xx_dma.o
 .debug_macro   0x0000000000009da5      0x3cf ./system/src/stm32f0-stdperiph/stm32f0xx_dma.o
 .debug_macro   0x000000000000a174      0x28f ./system/src/stm32f0-stdperiph/stm32f0xx_dma.o
 .debug_macro   0x000000000000a403      0x174 ./system/src/stm32f0-stdperiph/stm32f0xx_gpio.o
 .debug_macro   0x000000000000a577      0x17f ./system/src/stm32f0-stdperiph/stm32f0xx_gpio.o
 .debug_macro   0x000000000000a6f6      0x174 ./system/src/stm32f0-stdperiph/stm32f0xx_misc.o
 .debug_macro   0x000000000000a86a       0x34 ./system/src/stm32f0-stdperiph/stm32f0xx_misc.o
 .debug_macro   0x000000000000a89e      0x192 ./system/src/stm32f0-stdperiph/stm32f0xx_rcc.o
 .debug_macro   0x000000000000aa30      0x4dd ./system/src/stm32f0-stdperiph/stm32f0xx_rcc.o
 .debug_macro   0x000000000000af0d      0x18c ./system/src/stm32f0-stdperiph/stm32f0xx_spi.o
 .debug_macro   0x000000000000b099      0x391 ./system/src/stm32f0-stdperiph/stm32f0xx_spi.o
 .debug_macro   0x000000000000b42a      0x18c ./system/src/stm32f0-stdperiph/stm32f0xx_usart.o
 .debug_macro   0x000000000000b5b6      0x34d ./system/src/stm32f0-stdperiph/stm32f0xx_usart.o
 .debug_macro   0x000000000000b903      0x11b ./system/src/newlib/_exit.o
 .debug_macro   0x000000000000ba1e       0xa3 ./system/src/newlib/_exit.o
 .debug_macro   0x000000000000bac1      0x10e ./system/src/newlib/_exit.o
 .debug_macro   0x000000000000bbcf       0x86 ./system/src/newlib/_exit.o
 .debug_macro   0x000000000000bc55       0x43 ./system/src/newlib/_exit.o
 .debug_macro   0x000000000000bc98       0x10 ./system/src/newlib/_exit.o
 .debug_macro   0x000000000000bca8       0x35 ./system/src/newlib/_exit.o
 .debug_macro   0x000000000000bcdd       0xd1 ./system/src/newlib/_sbrk.o
 .debug_macro   0x000000000000bdae       0x19 ./system/src/newlib/_sbrk.o
 .debug_macro   0x000000000000bdc7      0x16d ./system/src/newlib/_sbrk.o
 .debug_macro   0x000000000000bf34       0x10 ./system/src/newlib/_sbrk.o
 .debug_macro   0x000000000000bf44      0x23b ./system/src/newlib/_sbrk.o
 .debug_macro   0x000000000000c17f       0xe7 ./system/src/newlib/_startup.o
 .debug_macro   0x000000000000c266      0x169 ./system/src/newlib/_syscalls.o
 .debug_macro   0x000000000000c3cf       0x1c ./system/src/newlib/_syscalls.o
 .debug_macro   0x000000000000c3eb       0x10 ./system/src/newlib/_syscalls.o
 .debug_macro   0x000000000000c3fb       0x10 ./system/src/newlib/_syscalls.o
 .debug_macro   0x000000000000c40b       0x10 ./system/src/newlib/_syscalls.o
 .debug_macro   0x000000000000c41b       0x35 ./system/src/newlib/_syscalls.o
 .debug_macro   0x000000000000c450      0x120 ./system/src/newlib/_syscalls.o
 .debug_macro   0x000000000000c570       0x22 ./system/src/newlib/_syscalls.o
 .debug_macro   0x000000000000c592       0x2b ./system/src/newlib/_syscalls.o
 .debug_macro   0x000000000000c5bd      0x118 ./system/src/newlib/_syscalls.o
 .debug_macro   0x000000000000c6d5      0x13a ./system/src/newlib/_syscalls.o
 .debug_macro   0x000000000000c80f       0x16 ./system/src/newlib/_syscalls.o
 .debug_macro   0x000000000000c825      0x137 ./system/src/newlib/assert.o
 .debug_macro   0x000000000000c95c       0x1c ./system/src/newlib/assert.o
 .debug_macro   0x000000000000c978      0x20f ./system/src/newlib/assert.o
 .debug_macro   0x000000000000cb87      0x174 ./system/src/cortexm/_initialize_hardware.o
 .debug_macro   0x000000000000ccfb       0x1b ./system/src/cortexm/exception_handlers.o
 .debug_macro   0x000000000000cd16      0x16a ./system/src/cmsis/system_stm32f0xx.o
 .debug_macro   0x000000000000ce80       0x1b ./system/src/cmsis/vectors_stm32f0xx.o
 .debug_macro   0x000000000000ce9b      0x147 ./src/OSC/OSCData.o
 .debug_macro   0x000000000000cfe2       0x1c ./src/OSC/OSCData.o
 .debug_macro   0x000000000000cffe       0x10 ./src/OSC/OSCData.o
 .debug_macro   0x000000000000d00e      0x452 ./src/OSC/OSCData.o
 .debug_macro   0x000000000000d460      0x2ad ./src/OSC/OSCData.o
 .debug_macro   0x000000000000d70d       0x10 ./src/OSC/OSCData.o
 .debug_macro   0x000000000000d71d       0x1f ./src/OSC/OSCData.o
 .debug_macro   0x000000000000d73c       0xe5 ./src/OSC/OSCMatch.o
 .debug_macro   0x000000000000d821      0x283 ./src/OSC/OSCMatch.o
 .debug_macro   0x000000000000daa4       0x16 ./src/OSC/OSCMatch.o
 .debug_macro   0x000000000000daba      0x1bb ./src/OSC/OSCMessage.o
 .debug_macro   0x000000000000dc75       0x16 ./src/OSC/OSCMessage.o
 .debug_macro   0x000000000000dc8b       0x97 ./src/OSC/OSCMessage.o
 .debug_macro   0x000000000000dd22       0x10 ./src/OSC/OSCMessage.o
 .debug_macro   0x000000000000dd32       0xfd ./src/OSC/OSCMessage.o
 .debug_macro   0x000000000000de2f       0x16 ./src/OSC/OSCMessage.o
 .debug_macro   0x000000000000de45      0x16c ./src/OSC/OSCMessage.o
 .debug_macro   0x000000000000dfb1      0x119 ./src/OSC/SimpleWriter.o
 .debug_macro   0x000000000000e0ca      0x179 ./src/BlinkLed.o
 .debug_macro   0x000000000000e243       0x4c ./src/BlinkLed.o
 .debug_macro   0x000000000000e28f      0x18f ./src/SLIPEncodedSerial.o
 .debug_macro   0x000000000000e41e       0x16 ./src/SLIPEncodedSerial.o
 .debug_macro   0x000000000000e434       0x10 ./src/SLIPEncodedSerial.o
 .debug_macro   0x000000000000e444      0x242 ./src/SLIPEncodedSerial.o
 .debug_macro   0x000000000000e686       0x52 ./src/SLIPEncodedSerial.o
 .debug_macro   0x000000000000e6d8      0x18e ./src/Timer.o
 .debug_macro   0x000000000000e866      0x3ac ./src/main.o
 .debug_macro   0x000000000000ec12       0xa6 ./src/main.o
 .debug_macro   0x000000000000ecb8       0x1c ./src/main.o
 .debug_macro   0x000000000000ecd4      0x179 ./src/spi.o
 .debug_macro   0x000000000000ee4d       0x5e ./src/spi.o
 .debug_macro   0x000000000000eeab      0x1a0 ./src/ssd1306.o
 .debug_macro   0x000000000000f04b       0xa0 ./src/ssd1306.o
 .debug_macro   0x000000000000f0eb       0x64 ./src/ssd1306.o
 .debug_macro   0x000000000000f14f      0x17c ./src/uart.o