Archive member included because of file (symbol)

/Users/owen/gcc-arm-none-eabi-4_8-2014q1/bin/../lib/gcc/arm-none-eabi/4.8.3/../../../../arm-none-eabi/lib/armv6-m/libstdc++_s.a(del_op.o)
                              ./src/OSC/OSCMessage.o (operator delete(void*))
/Users/owen/gcc-arm-none-eabi-4_8-2014q1/bin/../lib/gcc/arm-none-eabi/4.8.3/../../../../arm-none-eabi/lib/armv6-m/libstdc++_s.a(new_op.o)
                              ./src/OSC/OSCMessage.o (operator new(unsigned int))
/Users/owen/gcc-arm-none-eabi-4_8-2014q1/bin/../lib/gcc/arm-none-eabi/4.8.3/../../../../arm-none-eabi/lib/armv6-m/libstdc++_s.a(new_handler.o)
                              /Users/owen/gcc-arm-none-eabi-4_8-2014q1/bin/../lib/gcc/arm-none-eabi/4.8.3/../../../../arm-none-eabi/lib/armv6-m/libstdc++_s.a(new_op.o) (__new_handler)
/Users/owen/gcc-arm-none-eabi-4_8-2014q1/bin/../lib/gcc/arm-none-eabi/4.8.3/armv6-m/libgcc.a(_udivsi3.o)
                              ./system/src/stm32f0-stdperiph/stm32f0xx_rcc.o (__aeabi_uidiv)
/Users/owen/gcc-arm-none-eabi-4_8-2014q1/bin/../lib/gcc/arm-none-eabi/4.8.3/armv6-m/libgcc.a(_dvmd_tls.o)
                              /Users/owen/gcc-arm-none-eabi-4_8-2014q1/bin/../lib/gcc/arm-none-eabi/4.8.3/armv6-m/libgcc.a(_udivsi3.o) (__aeabi_idiv0)
/Users/owen/gcc-arm-none-eabi-4_8-2014q1/bin/../lib/gcc/arm-none-eabi/4.8.3/../../../../arm-none-eabi/lib/armv6-m/libg_s.a(lib_a-errno.o)
                              ./system/src/newlib/_sbrk.o (__errno)
/Users/owen/gcc-arm-none-eabi-4_8-2014q1/bin/../lib/gcc/arm-none-eabi/4.8.3/../../../../arm-none-eabi/lib/armv6-m/libg_s.a(lib_a-impure.o)
                              /Users/owen/gcc-arm-none-eabi-4_8-2014q1/bin/../lib/gcc/arm-none-eabi/4.8.3/../../../../arm-none-eabi/lib/armv6-m/libg_s.a(lib_a-errno.o) (_impure_ptr)
/Users/owen/gcc-arm-none-eabi-4_8-2014q1/bin/../lib/gcc/arm-none-eabi/4.8.3/../../../../arm-none-eabi/lib/armv6-m/libg_s.a(lib_a-malloc.o)
                              ./src/OSC/OSCData.o (malloc)
/Users/owen/gcc-arm-none-eabi-4_8-2014q1/bin/../lib/gcc/arm-none-eabi/4.8.3/../../../../arm-none-eabi/lib/armv6-m/libg_s.a(lib_a-memcpy-stub.o)
                              ./src/OSC/OSCData.o (memcpy)
/Users/owen/gcc-arm-none-eabi-4_8-2014q1/bin/../lib/gcc/arm-none-eabi/4.8.3/../../../../arm-none-eabi/lib/armv6-m/libg_s.a(lib_a-nano-freer.o)
                              /Users/owen/gcc-arm-none-eabi-4_8-2014q1/bin/../lib/gcc/arm-none-eabi/4.8.3/../../../../arm-none-eabi/lib/armv6-m/libg_s.a(lib_a-malloc.o) (_free_r)
/Users/owen/gcc-arm-none-eabi-4_8-2014q1/bin/../lib/gcc/arm-none-eabi/4.8.3/../../../../arm-none-eabi/lib/armv6-m/libg_s.a(lib_a-nano-mallocr.o)
                              /Users/owen/gcc-arm-none-eabi-4_8-2014q1/bin/../lib/gcc/arm-none-eabi/4.8.3/../../../../arm-none-eabi/lib/armv6-m/libg_s.a(lib_a-malloc.o) (_malloc_r)
/Users/owen/gcc-arm-none-eabi-4_8-2014q1/bin/../lib/gcc/arm-none-eabi/4.8.3/../../../../arm-none-eabi/lib/armv6-m/libg_s.a(lib_a-realloc.o)
                              ./src/OSC/OSCMessage.o (realloc)
/Users/owen/gcc-arm-none-eabi-4_8-2014q1/bin/../lib/gcc/arm-none-eabi/4.8.3/../../../../arm-none-eabi/lib/armv6-m/libg_s.a(lib_a-sbrkr.o)
                              /Users/owen/gcc-arm-none-eabi-4_8-2014q1/bin/../lib/gcc/arm-none-eabi/4.8.3/../../../../arm-none-eabi/lib/armv6-m/libg_s.a(lib_a-nano-mallocr.o) (_sbrk_r)
/Users/owen/gcc-arm-none-eabi-4_8-2014q1/bin/../lib/gcc/arm-none-eabi/4.8.3/../../../../arm-none-eabi/lib/armv6-m/libg_s.a(lib_a-strcmp.o)
                              ./src/OSC/OSCMatch.o (strcmp)
/Users/owen/gcc-arm-none-eabi-4_8-2014q1/bin/../lib/gcc/arm-none-eabi/4.8.3/../../../../arm-none-eabi/lib/armv6-m/libg_s.a(lib_a-strcpy.o)
                              ./src/OSC/OSCData.o (strcpy)
/Users/owen/gcc-arm-none-eabi-4_8-2014q1/bin/../lib/gcc/arm-none-eabi/4.8.3/../../../../arm-none-eabi/lib/armv6-m/libg_s.a(lib_a-strlen.o)
                              ./system/src/diag/Trace.o (strlen)
/Users/owen/gcc-arm-none-eabi-4_8-2014q1/bin/../lib/gcc/arm-none-eabi/4.8.3/../../../../arm-none-eabi/lib/armv6-m/libg_s.a(lib_a-strncmp.o)
                              ./src/OSC/OSCMatch.o (strncmp)
/Users/owen/gcc-arm-none-eabi-4_8-2014q1/bin/../lib/gcc/arm-none-eabi/4.8.3/../../../../arm-none-eabi/lib/armv6-m/libg_s.a(lib_a-strncpy.o)
                              ./src/OSC/OSCData.o (strncpy)
/Users/owen/gcc-arm-none-eabi-4_8-2014q1/bin/../lib/gcc/arm-none-eabi/4.8.3/../../../../arm-none-eabi/lib/armv6-m/libg_s.a(lib_a-vsnprintf.o)
                              ./system/src/diag/Trace.o (vsnprintf)
/Users/owen/gcc-arm-none-eabi-4_8-2014q1/bin/../lib/gcc/arm-none-eabi/4.8.3/../../../../arm-none-eabi/lib/armv6-m/libg_s.a(lib_a-nano-reallocr.o)
                              /Users/owen/gcc-arm-none-eabi-4_8-2014q1/bin/../lib/gcc/arm-none-eabi/4.8.3/../../../../arm-none-eabi/lib/armv6-m/libg_s.a(lib_a-realloc.o) (_realloc_r)
[...]
Memory Configuration

Name             Origin             Length             Attributes
RAM              0x0000000020000000 0x0000000000002000 xrw
CCMRAM           0x0000000000000000 0x0000000000000000 xrw
FLASH            0x0000000008000000 0x0000000000010000 xr
FLASHB1          0x0000000000000000 0x0000000000000000 xr
EXTMEMB0         0x0000000000000000 0x0000000000000000 xr
EXTMEMB1         0x0000000000000000 0x0000000000000000 xr
EXTMEMB2         0x0000000000000000 0x0000000000000000 xr
EXTMEMB3         0x0000000000000000 0x0000000000000000 xr
MEMORY_ARRAY     0x0000000000000000 0x0000000000000000 xrw
*default*        0x0000000000000000 0xffffffffffffffff

Linker script and memory map

LOAD ./system/src/stm32f0-stdperiph/stm32f0xx_adc.o
LOAD ./system/src/stm32f0-stdperiph/stm32f0xx_gpio.o
LOAD ./system/src/stm32f0-stdperiph/stm32f0xx_misc.o
LOAD ./system/src/stm32f0-stdperiph/stm32f0xx_rcc.o
LOAD ./system/src/stm32f0-stdperiph/stm32f0xx_spi.o
LOAD ./system/src/stm32f0-stdperiph/stm32f0xx_usart.o
LOAD ./system/src/newlib/_cxx.o
LOAD ./system/src/newlib/_exit.o
LOAD ./system/src/newlib/_sbrk.o
LOAD ./system/src/newlib/_startup.o
LOAD ./system/src/newlib/_syscalls.o
LOAD ./system/src/newlib/_write.o
LOAD ./system/src/newlib/assert.o
LOAD ./system/src/diag/Trace.o
LOAD ./system/src/diag/trace_impl.o
LOAD ./system/src/cortexm/_initialize_hardware.o
LOAD ./system/src/cortexm/_reset_hardware.o
LOAD ./system/src/cortexm/exception_handlers.o
LOAD ./system/src/cmsis/system_stm32f0xx.o
LOAD ./system/src/cmsis/vectors_stm32f0xx.o
LOAD ./src/OSC/OSCData.o
LOAD ./src/OSC/OSCMatch.o
LOAD ./src/OSC/OSCMessage.o
LOAD ./src/OSC/OSCTiming.o
LOAD ./src/OSC/SLIPEncodedSerial.o
LOAD ./src/BlinkLed.o
LOAD ./src/Timer.o
LOAD ./src/main.o
LOAD ./src/spi.o
LOAD ./src/ssd1306.o
LOAD ./src/uart.o
LOAD /Users/owen/gcc-arm-none-eabi-4_8-2014q1/bin/../lib/gcc/arm-none-eabi/4.8.3/../../../../arm-none-eabi/lib/armv6-m/libstdc++_s.a
LOAD /Users/owen/gcc-arm-none-eabi-4_8-2014q1/bin/../lib/gcc/arm-none-eabi/4.8.3/../../../../arm-none-eabi/lib/armv6-m/libm.a
START GROUP
LOAD /Users/owen/gcc-arm-none-eabi-4_8-2014q1/bin/../lib/gcc/arm-none-eabi/4.8.3/armv6-m/libgcc.a
LOAD /Users/owen/gcc-arm-none-eabi-4_8-2014q1/bin/../lib/gcc/arm-none-eabi/4.8.3/../../../../arm-none-eabi/lib/armv6-m/libg_s.a
LOAD /Users/owen/gcc-arm-none-eabi-4_8-2014q1/bin/../lib/gcc/arm-none-eabi/4.8.3/../../../../arm-none-eabi/lib/armv6-m/libc_s.a
END GROUP
START GROUP
LOAD /Users/owen/gcc-arm-none-eabi-4_8-2014q1/bin/../lib/gcc/arm-none-eabi/4.8.3/armv6-m/libgcc.a
LOAD /Users/owen/gcc-arm-none-eabi-4_8-2014q1/bin/../lib/gcc/arm-none-eabi/4.8.3/../../../../arm-none-eabi/lib/armv6-m/libc_s.a
END GROUP
                0x0000000020002000                __stack = (ORIGIN (RAM) + 0x2000)
                0x0000000020002000                _estack = __stack
                0x0000000000000400                __Main_Stack_Size = 0x400
                0x0000000000000400                PROVIDE (_Main_Stack_Size, __Main_Stack_Size)
                0x0000000020001c00                __Main_Stack_Limit = (__stack - __Main_Stack_Size)
                0x0000000020001c00                PROVIDE (_Main_Stack_Limit, __Main_Stack_Limit)
                0x0000000000000100                _Minimum_Stack_Size = 0x100
                0x0000000020000574                PROVIDE (_Heap_Begin, _end_noinit)
                0x0000000020001c00                PROVIDE (_Heap_Limit, (__stack - __Main_Stack_Size))

.isr_vector     0x0000000008000000      0x1f4
                0x0000000008000000                . = ALIGN (0x4)
 *(.isr_vector)
 .isr_vector    0x0000000008000000       0xc4 ./system/src/cmsis/vectors_stm32f0xx.o
                0x0000000008000000                g_pfnVectors
 *(.cfmconfig)
 *(.after_vectors .after_vectors.*)
 .after_vectors
                0x00000000080000c4      0x110 ./system/src/newlib/_startup.o
                0x00000000080000c4                _start
 .after_vectors
                0x00000000080001d4       0x1c ./system/src/cortexm/exception_handlers.o
                0x00000000080001d4                Reset_Handler
                0x00000000080001dc                NMI_Handler
                0x00000000080001e0                HardFault_Handler
                0x00000000080001e4                SVC_Handler
                0x00000000080001e8                PendSV_Handler
 .after_vectors
                0x00000000080001f0        0x4 ./system/src/cmsis/vectors_stm32f0xx.o
                0x00000000080001f0                TIM1_BRK_UP_TRG_COM_IRQHandler
                0x00000000080001f0                TSC_IRQHandler
                0x00000000080001f0                ADC1_COMP_IRQHandler
                0x00000000080001f0                PVD_IRQHandler
                0x00000000080001f0                I2C1_IRQHandler
                0x00000000080001f0                RCC_CRS_IRQHandler
                0x00000000080001f0                SPI1_IRQHandler
                0x00000000080001f0                TIM6_DAC_IRQHandler
                0x00000000080001f0                USART3_4_IRQHandler
                0x00000000080001f0                EXTI2_3_IRQHandler
                0x00000000080001f0                ADC1_IRQHandler
                0x00000000080001f0                I2C2_IRQHandler
                0x00000000080001f0                TIM17_IRQHandler
                0x00000000080001f0                CEC_CAN_IRQHandler
                0x00000000080001f0                RTC_IRQHandler
                0x00000000080001f0                PVD_VDDIO2_IRQHandler
                0x00000000080001f0                DMA1_Channel4_5_6_7_IRQHandler
                0x00000000080001f0                TIM16_IRQHandler
                0x00000000080001f0                TIM3_IRQHandler
                0x00000000080001f0                EXTI4_15_IRQHandler
                0x00000000080001f0                RCC_IRQHandler
                0x00000000080001f0                DMA1_Channel1_IRQHandler
                0x00000000080001f0                Default_Handler
                0x00000000080001f0                CEC_IRQHandler
                0x00000000080001f0                TIM14_IRQHandler
                0x00000000080001f0                DMA1_Channel4_5_IRQHandler
                0x00000000080001f0                TIM7_IRQHandler
                0x00000000080001f0                TIM15_IRQHandler
                0x00000000080001f0                EXTI0_1_IRQHandler
                0x00000000080001f0                USB_IRQHandler
                0x00000000080001f0                TS_IRQHandler
                0x00000000080001f0                WWDG_IRQHandler
                0x00000000080001f0                TIM2_IRQHandler
                0x00000000080001f0                DMA1_Channel2_3_IRQHandler
                0x00000000080001f0                FLASH_IRQHandler
                0x00000000080001f0                USART1_IRQHandler
                0x00000000080001f0                TIM1_CC_IRQHandler
                0x00000000080001f4                . = ALIGN (0x4)

.inits          0x00000000080001f4        0x4
                0x00000000080001f4                . = ALIGN (0x4)
 *(.init)
 *(.fini)
                0x00000000080001f4                . = ALIGN (0x4)
                0x00000000080001f4                PROVIDE (__preinit_array_start, .)
 *(.preinit_array_sysinit .preinit_array_sysinit.*)
 *(.preinit_array_platform .preinit_array_platform.*)
 *(.preinit_array .preinit_array.*)
                0x00000000080001f4                PROVIDE (__preinit_array_end, .)
                0x00000000080001f4                . = ALIGN (0x4)
                0x00000000080001f4                PROVIDE (__init_array_start, .)
 *(SORT(.init_array.*))
 *(.init_array)
 .init_array    0x00000000080001f4        0x4 ./src/main.o
                0x00000000080001f8                PROVIDE (__init_array_end, .)
                0x00000000080001f8                . = ALIGN (0x4)
                0x00000000080001f8                PROVIDE (__fini_array_start, .)
 *(SORT(.fini_array.*))
 *(.fini_array)
                0x00000000080001f8                PROVIDE (__fini_array_end, .)
                0x00000000080001f8                . = ALIGN (0x4)

.flashtext      0x00000000080001f8        0x0
                0x00000000080001f8                . = ALIGN (0x4)
 *(.flashtext .flashtext.*)
                0x00000000080001f8                . = ALIGN (0x4)

.text           0x00000000080001f8     0x422d
                0x00000000080001f8                . = ALIGN (0x4)
 *(.text .text.*)
 .text.ADC_DeInit
                0x00000000080001f8       0x38 ./system/src/stm32f0-stdperiph/stm32f0xx_adc.o
                0x00000000080001f8                ADC_DeInit
 .text.ADC_Init
                0x0000000008000230       0xd8 ./system/src/stm32f0-stdperiph/stm32f0xx_adc.o
                0x0000000008000230                ADC_Init
 .text.ADC_Cmd  0x0000000008000308       0x40 ./system/src/stm32f0-stdperiph/stm32f0xx_adc.o
                0x0000000008000308                ADC_Cmd
 .text.ADC_ChannelConfig
                0x0000000008000348       0x50 ./system/src/stm32f0-stdperiph/stm32f0xx_adc.o
                0x0000000008000348                ADC_ChannelConfig
 .text.ADC_GetCalibrationFactor
                0x0000000008000398       0x4c ./system/src/stm32f0-stdperiph/stm32f0xx_adc.o
                0x0000000008000398                ADC_GetCalibrationFactor
 .text.ADC_StartOfConversion
                0x00000000080003e4       0x28 ./system/src/stm32f0-stdperiph/stm32f0xx_adc.o
                0x00000000080003e4                ADC_StartOfConversion
 .text.ADC_GetConversionValue
                0x000000000800040c       0x24 ./system/src/stm32f0-stdperiph/stm32f0xx_adc.o
                0x000000000800040c                ADC_GetConversionValue
 .text.ADC_GetFlagStatus
                0x0000000008000430       0x8c ./system/src/stm32f0-stdperiph/stm32f0xx_adc.o
                0x0000000008000430                ADC_GetFlagStatus
 .text.GPIO_Init
                0x00000000080004bc      0x11c ./system/src/stm32f0-stdperiph/stm32f0xx_gpio.o
                0x00000000080004bc                GPIO_Init
 .text.GPIO_ReadInputDataBit
                0x00000000080005d8       0xc4 ./system/src/stm32f0-stdperiph/stm32f0xx_gpio.o
                0x00000000080005d8                GPIO_ReadInputDataBit
 .text.GPIO_SetBits
                0x000000000800069c       0x60 ./system/src/stm32f0-stdperiph/stm32f0xx_gpio.o
                0x000000000800069c                GPIO_SetBits
 .text.GPIO_ResetBits
                0x00000000080006fc       0x60 ./system/src/stm32f0-stdperiph/stm32f0xx_gpio.o
                0x00000000080006fc                GPIO_ResetBits
 .text.GPIO_PinAFConfig
                0x000000000800075c       0x94 ./system/src/stm32f0-stdperiph/stm32f0xx_gpio.o
                0x000000000800075c                GPIO_PinAFConfig
 .text.NVIC_Init
                0x00000000080007f0       0x7c ./system/src/stm32f0-stdperiph/stm32f0xx_misc.o
                0x00000000080007f0                NVIC_Init
 .text.RCC_GetClocksFreq
                0x000000000800086c      0x19c ./system/src/stm32f0-stdperiph/stm32f0xx_rcc.o
                0x000000000800086c                RCC_GetClocksFreq
 .text.RCC_AHBPeriphClockCmd
                0x0000000008000a08       0x50 ./system/src/stm32f0-stdperiph/stm32f0xx_rcc.o
                0x0000000008000a08                RCC_AHBPeriphClockCmd
 .text.RCC_APB2PeriphClockCmd
                0x0000000008000a58       0x50 ./system/src/stm32f0-stdperiph/stm32f0xx_rcc.o
                0x0000000008000a58                RCC_APB2PeriphClockCmd
 .text.RCC_APB1PeriphClockCmd
                0x0000000008000aa8       0x50 ./system/src/stm32f0-stdperiph/stm32f0xx_rcc.o
                0x0000000008000aa8                RCC_APB1PeriphClockCmd
 .text.RCC_APB2PeriphResetCmd
                0x0000000008000af8       0x50 ./system/src/stm32f0-stdperiph/stm32f0xx_rcc.o
                0x0000000008000af8                RCC_APB2PeriphResetCmd
 .text.SPI_Init
                0x0000000008000b48      0x1b4 ./system/src/stm32f0-stdperiph/stm32f0xx_spi.o
                0x0000000008000b48                SPI_Init
 .text.SPI_Cmd  0x0000000008000cfc       0x50 ./system/src/stm32f0-stdperiph/stm32f0xx_spi.o
                0x0000000008000cfc                SPI_Cmd
 .text.SPI_SendData8
                0x0000000008000d4c       0x30 ./system/src/stm32f0-stdperiph/stm32f0xx_spi.o
                0x0000000008000d4c                SPI_SendData8
 .text.SPI_I2S_GetFlagStatus
                0x0000000008000d7c       0x6c ./system/src/stm32f0-stdperiph/stm32f0xx_spi.o
                0x0000000008000d7c                SPI_I2S_GetFlagStatus
 .text.USART_Init
                0x0000000008000de8      0x1ac ./system/src/stm32f0-stdperiph/stm32f0xx_usart.o
                0x0000000008000de8                USART_Init
 .text.USART_Cmd
                0x0000000008000f94       0x64 ./system/src/stm32f0-stdperiph/stm32f0xx_usart.o
                0x0000000008000f94                USART_Cmd
 .text.USART_SendData
                0x0000000008000ff8       0x5c ./system/src/stm32f0-stdperiph/stm32f0xx_usart.o
                0x0000000008000ff8                USART_SendData
 .text.USART_ReceiveData
                0x0000000008001054       0x44 ./system/src/stm32f0-stdperiph/stm32f0xx_usart.o
                0x0000000008001054                USART_ReceiveData
 .text.USART_ITConfig
                0x0000000008001098      0x104 ./system/src/stm32f0-stdperiph/stm32f0xx_usart.o
                0x0000000008001098                USART_ITConfig
 .text.USART_GetFlagStatus
                0x000000000800119c       0xe8 ./system/src/stm32f0-stdperiph/stm32f0xx_usart.o
                0x000000000800119c                USART_GetFlagStatus
 .text.USART_GetITStatus
                0x0000000008001284      0x114 ./system/src/stm32f0-stdperiph/stm32f0xx_usart.o
                0x0000000008001284                USART_GetITStatus
 .text._exit    0x0000000008001398        0x4 ./system/src/newlib/_exit.o
                0x0000000008001398                _exit
 .text.abort    0x000000000800139c       0x14 ./system/src/newlib/_exit.o
                0x000000000800139c                abort
 .text._sbrk    0x00000000080013b0       0x44 ./system/src/newlib/_sbrk.o
                0x00000000080013b0                _sbrk
 .text.__initialize_args
                0x00000000080013f4       0x10 ./system/src/newlib/_syscalls.o
                0x00000000080013f4                __initialize_args
 .text.assert_failed
                0x0000000008001404       0x18 ./system/src/newlib/assert.o
                0x0000000008001404                assert_failed
 .text.trace_printf
                0x000000000800141c       0x30 ./system/src/diag/Trace.o
                0x000000000800141c                trace_printf
 .text.trace_puts
                0x000000000800144c       0x20 ./system/src/diag/Trace.o
                0x000000000800144c                trace_puts
 .text._trace_write_semihosting_debug
                0x000000000800146c       0x74 ./system/src/diag/trace_impl.o
 .text.trace_write
                0x00000000080014e0        0x8 ./system/src/diag/trace_impl.o
                0x00000000080014e0                trace_write
 .text.__initialize_hardware
                0x00000000080014e8        0x8 ./system/src/cortexm/_initialize_hardware.o
                0x00000000080014e8                __initialize_hardware
 .text.SetSysClock
                0x00000000080014f0       0xb4 ./system/src/cmsis/system_stm32f0xx.o
 .text.SystemInit
                0x00000000080015a4       0x64 ./system/src/cmsis/system_stm32f0xx.o
                0x00000000080015a4                SystemInit
 .text._ZN7OSCDataC2EPKc
                0x0000000008001608       0x34 ./src/OSC/OSCData.o
                0x0000000008001608                OSCData::OSCData(char const*)
                0x0000000008001608                OSCData::OSCData(char const*)
 .text._ZN7OSCDataC2El
                0x000000000800163c       0x10 ./src/OSC/OSCData.o
                0x000000000800163c                OSCData::OSCData(long)
                0x000000000800163c                OSCData::OSCData(long)
 .text._ZN7OSCDataC2Ei
                0x000000000800164c       0x10 ./src/OSC/OSCData.o
                0x000000000800164c                OSCData::OSCData(int)
                0x000000000800164c                OSCData::OSCData(int)
 .text._ZN7OSCDataC2Ef
                0x000000000800165c       0x10 ./src/OSC/OSCData.o
                0x000000000800165c                OSCData::OSCData(float)
                0x000000000800165c                OSCData::OSCData(float)
 .text._ZN7OSCDataC2E9osctime_t
                0x000000000800166c       0x24 ./src/OSC/OSCData.o
                0x000000000800166c                OSCData::OSCData(osctime_t)
                0x000000000800166c                OSCData::OSCData(osctime_t)
 .text._ZN7OSCDataC2Ed
                0x0000000008001690       0x14 ./src/OSC/OSCData.o
                0x0000000008001690                OSCData::OSCData(double)
                0x0000000008001690                OSCData::OSCData(double)
 .text._ZN7OSCDataC2EPhi
                0x00000000080016a4       0x70 ./src/OSC/OSCData.o
                0x00000000080016a4                OSCData::OSCData(unsigned char*, int)
                0x00000000080016a4                OSCData::OSCData(unsigned char*, int)
 .text._ZN7OSCDataD2Ev
                0x0000000008001714       0x28 ./src/OSC/OSCData.o
                0x0000000008001714                OSCData::~OSCData()
                0x0000000008001714                OSCData::~OSCData()
 .text._ZN7OSCDataC2Ec
                0x000000000800173c        0xc ./src/OSC/OSCData.o
                0x000000000800173c                OSCData::OSCData(char)
                0x000000000800173c                OSCData::OSCData(char)
 .text._ZN7OSCData6getIntEv
                0x0000000008001748       0x10 ./src/OSC/OSCData.o
                0x0000000008001748                OSCData::getInt()
 .text.osc_match_bracket
                0x0000000008001758       0x58 ./src/OSC/OSCMatch.o
 .text.osc_match_curly_brace
                0x00000000080017b0       0x50 ./src/OSC/OSCMatch.o
 .text.osc_match_single_char
                0x0000000008001800       0x68 ./src/OSC/OSCMatch.o
 .text.osc_match_star_r
                0x0000000008001868       0x7c ./src/OSC/OSCMatch.o
 .text.osc_match_star
                0x00000000080018e4      0x118 ./src/OSC/OSCMatch.o
 .text.osc_match
                0x00000000080019fc      0x108 ./src/OSC/OSCMatch.o
                0x00000000080019fc                osc_match
 .text._ZN10OSCMessage10getOSCDataEi
                0x0000000008001b04       0x18 ./src/OSC/OSCMessage.o
                0x0000000008001b04                OSCMessage::getOSCData(int)
 .text._ZN10OSCMessage9fullMatchEPKci
                0x0000000008001b1c       0x1c ./src/OSC/OSCMessage.o
                0x0000000008001b1c                OSCMessage::fullMatch(char const*, int)
 .text._ZN10OSCMessage8dispatchEPKcPFvRS_Ei
                0x0000000008001b38       0x1c ./src/OSC/OSCMessage.o
                0x0000000008001b38                OSCMessage::dispatch(char const*, void (*)(OSCMessage&), int)
 .text._ZN10OSCMessage10setAddressEPKc
                0x0000000008001b54       0x30 ./src/OSC/OSCMessage.o
                0x0000000008001b54                OSCMessage::setAddress(char const*)
 .text._ZN10OSCMessage8hasErrorEv
                0x0000000008001b84       0x2c ./src/OSC/OSCMessage.o
                0x0000000008001b84                OSCMessage::hasError()
 .text._ZN10OSCMessage6getIntEi
                0x0000000008001bb0       0x20 ./src/OSC/OSCMessage.o
                0x0000000008001bb0                OSCMessage::getInt(int)
 .text._ZN10OSCMessage7getTypeEi
                0x0000000008001bd0       0x1c ./src/OSC/OSCMessage.o
                0x0000000008001bd0                OSCMessage::getType(int)
 .text._ZN10OSCMessage8testTypeEic
                0x0000000008001bec       0x28 ./src/OSC/OSCMessage.o
                0x0000000008001bec                OSCMessage::testType(int, char)
 .text._ZN10OSCMessage5isIntEi
                0x0000000008001c14        0xc ./src/OSC/OSCMessage.o
                0x0000000008001c14                OSCMessage::isInt(int)
 .text._ZN10OSCMessage4sendER17SLIPEncodedSerial
                0x0000000008001c20      0x18c ./src/OSC/OSCMessage.o
                0x0000000008001c20                OSCMessage::send(SLIPEncodedSerial&)
 .text._ZN10OSCMessage10decodeTypeEh
                0x0000000008001dac       0x44 ./src/OSC/OSCMessage.o
                0x0000000008001dac                OSCMessage::decodeType(unsigned char)
 .text._ZN10OSCMessage19addToIncomingBufferEh
                0x0000000008001df0       0x44 ./src/OSC/OSCMessage.o
                0x0000000008001df0                OSCMessage::addToIncomingBuffer(unsigned char)
 .text._ZN10OSCMessage19clearIncomingBufferEv
                0x0000000008001e34       0x28 ./src/OSC/OSCMessage.o
                0x0000000008001e34                OSCMessage::clearIncomingBuffer()
 .text._ZN10OSCMessage12setupMessageEv
                0x0000000008001e5c       0x1c ./src/OSC/OSCMessage.o
                0x0000000008001e5c                OSCMessage::setupMessage()
 .text._ZN10OSCMessageC2EPKc
                0x0000000008001e78       0x18 ./src/OSC/OSCMessage.o
                0x0000000008001e78                OSCMessage::OSCMessage(char const*)
                0x0000000008001e78                OSCMessage::OSCMessage(char const*)
 .text._ZN10OSCMessageC2Ev
                0x0000000008001e90       0x10 ./src/OSC/OSCMessage.o
                0x0000000008001e90                OSCMessage::OSCMessage()
                0x0000000008001e90                OSCMessage::OSCMessage()
 .text._ZN10OSCMessage5emptyEv
                0x0000000008001ea0       0x40 ./src/OSC/OSCMessage.o
                0x0000000008001ea0                OSCMessage::empty()
 .text._ZN10OSCMessageD2Ev
                0x0000000008001ee0       0x1c ./src/OSC/OSCMessage.o
                0x0000000008001ee0                OSCMessage::~OSCMessage()
                0x0000000008001ee0                OSCMessage::~OSCMessage()
 .text._ZN10OSCMessage13decodeAddressEv
                0x0000000008001efc       0x18 ./src/OSC/OSCMessage.o
                0x0000000008001efc                OSCMessage::decodeAddress()
 .text._ZN10OSCMessage10decodeDataEh
                0x0000000008001f14      0x4e0 ./src/OSC/OSCMessage.o
                0x0000000008001f14                OSCMessage::decodeData(unsigned char)
 .text._ZN10OSCMessage6decodeEh
                0x00000000080023f4       0xb8 ./src/OSC/OSCMessage.o
                0x00000000080023f4                OSCMessage::decode(unsigned char)
 .text._ZN10OSCMessage4fillEh
                0x00000000080024ac        0x8 ./src/OSC/OSCMessage.o
                0x00000000080024ac                OSCMessage::fill(unsigned char)
 .text._ZN17SLIPEncodedSerialC2Ev
                0x00000000080024b4        0x8 ./src/OSC/SLIPEncodedSerial.o
                0x00000000080024b4                SLIPEncodedSerial::SLIPEncodedSerial()
                0x00000000080024b4                SLIPEncodedSerial::SLIPEncodedSerial()
 .text._ZN17SLIPEncodedSerial11endofPacketEv
                0x00000000080024bc       0x38 ./src/OSC/SLIPEncodedSerial.o
                0x00000000080024bc                SLIPEncodedSerial::endofPacket()
 .text._ZN17SLIPEncodedSerial9availableEv
                0x00000000080024f4       0x70 ./src/OSC/SLIPEncodedSerial.o
                0x00000000080024f4                SLIPEncodedSerial::available()
 .text._ZN17SLIPEncodedSerial4readEv
                0x0000000008002564       0x4c ./src/OSC/SLIPEncodedSerial.o
                0x0000000008002564                SLIPEncodedSerial::read()
 .text._ZN17SLIPEncodedSerial5writeEh
                0x00000000080025b0       0x30 ./src/OSC/SLIPEncodedSerial.o
                0x00000000080025b0                SLIPEncodedSerial::write(unsigned char)
 .text._ZN17SLIPEncodedSerial5writeEPKhi
                0x00000000080025e0       0x1c ./src/OSC/SLIPEncodedSerial.o
                0x00000000080025e0                SLIPEncodedSerial::write(unsigned char const*, int)
 .text._ZN17SLIPEncodedSerial11beginPacketEv
                0x00000000080025fc        0xc ./src/OSC/SLIPEncodedSerial.o
                0x00000000080025fc                SLIPEncodedSerial::beginPacket()
 .text._ZN17SLIPEncodedSerial9endPacketEv
                0x0000000008002608        0xc ./src/OSC/SLIPEncodedSerial.o
                0x0000000008002608                SLIPEncodedSerial::endPacket()
 .text.blink_led_init
                0x0000000008002614       0x80 ./src/BlinkLed.o
                0x0000000008002614                blink_led_init
 .text.timer_start
                0x0000000008002694       0x44 ./src/Timer.o
                0x0000000008002694                timer_start
 .text.timer_sleep
                0x00000000080026d8       0x14 ./src/Timer.o
                0x00000000080026d8                timer_sleep
 .text.timer_tick
                0x00000000080026ec       0x18 ./src/Timer.o
                0x00000000080026ec                timer_tick
 .text.SysTick_Handler
                0x0000000008002704        0x8 ./src/Timer.o
                0x0000000008002704                SysTick_Handler
 .text._Z5resetR10OSCMessage
                0x000000000800270c       0x14 ./src/main.o
                0x000000000800270c                reset(OSCMessage&)
 .text._Z8renumberR10OSCMessage
                0x0000000008002720       0x14 ./src/main.o
                0x0000000008002720                renumber(OSCMessage&)
 .text._Z10ledControlR10OSCMessage
                0x0000000008002734      0x14c ./src/main.o
                0x0000000008002734                ledControl(OSCMessage&)
 .text._Z41__static_initialization_and_destruction_0ii
                0x0000000008002880       0x1c ./src/main.o
 .text.main     0x000000000800289c      0x4bc ./src/main.o
                0x000000000800289c                main
 .text._GLOBAL__sub_I_SLIPSerial
                0x0000000008002d58       0x10 ./src/main.o
 .text.spi_init
                0x0000000008002d68      0x100 ./src/spi.o
                0x0000000008002d68                spi_init
 .text.SPI2_IRQHandler
                0x0000000008002e68        0x4 ./src/spi.o
                0x0000000008002e68                SPI2_IRQHandler
 .text.put_pixel
                0x0000000008002e6c       0x4c ./src/ssd1306.o
                0x0000000008002e6c                put_pixel
 .text.put_char_small
                0x0000000008002eb8       0x68 ./src/ssd1306.o
                0x0000000008002eb8                put_char_small
 .text.ssd1306_cs
                0x0000000008002f20       0x24 ./src/ssd1306.o
                0x0000000008002f20                ssd1306_cs
 .text.ssd1306_dc
                0x0000000008002f44       0x24 ./src/ssd1306.o
                0x0000000008002f44                ssd1306_dc
 .text.ssd1306_rst
                0x0000000008002f68       0x24 ./src/ssd1306.o
                0x0000000008002f68                ssd1306_rst
 .text.ssd1306_send_byte
                0x0000000008002f8c       0x20 ./src/ssd1306.o
                0x0000000008002f8c                ssd1306_send_byte
 .text.CMD      0x0000000008002fac       0x24 ./src/ssd1306.o
                0x0000000008002fac                CMD
 .text.ssd1306_init
                0x0000000008002fd0      0x110 ./src/ssd1306.o
                0x0000000008002fd0                ssd1306_init
 .text.ssd1306_refresh_line
                0x00000000080030e0       0x74 ./src/ssd1306.o
                0x00000000080030e0                ssd1306_refresh_line
 .text.uart2_init
                0x0000000008003154       0x94 ./src/uart.o
                0x0000000008003154                uart2_init
 .text.uart2_send
                0x00000000080031e8       0x20 ./src/uart.o
                0x00000000080031e8                uart2_send
 .text.uart2_available
                0x0000000008003208       0x24 ./src/uart.o
                0x0000000008003208                uart2_available
 .text.uart2_peek
                0x000000000800322c       0x24 ./src/uart.o
                0x000000000800322c                uart2_peek
 .text.uart2_read
                0x0000000008003250       0x30 ./src/uart.o
                0x0000000008003250                uart2_read
 .text.USART2_IRQHandler
                0x0000000008003280       0x38 ./src/uart.o
                0x0000000008003280                USART2_IRQHandler
 .text._ZdlPv   0x00000000080032b8        0xc /Users/owen/gcc-arm-none-eabi-4_8-2014q1/bin/../lib/gcc/arm-none-eabi/4.8.3/../../../../arm-none-eabi/lib/armv6-m/libstdc++_s.a(del_op.o)
                0x00000000080032b8                operator delete(void*)
 .text._Znwj    0x00000000080032c4       0x28 /Users/owen/gcc-arm-none-eabi-4_8-2014q1/bin/../lib/gcc/arm-none-eabi/4.8.3/../../../../arm-none-eabi/lib/armv6-m/libstdc++_s.a(new_op.o)
                0x00000000080032c4                operator new(unsigned int)
 .text          0x00000000080032ec       0x9c /Users/owen/gcc-arm-none-eabi-4_8-2014q1/bin/../lib/gcc/arm-none-eabi/4.8.3/armv6-m/libgcc.a(_udivsi3.o)
                0x00000000080032ec                __udivsi3
                0x00000000080032ec                __aeabi_uidiv
                0x0000000008003374                __aeabi_uidivmod
 .text          0x0000000008003388        0x4 /Users/owen/gcc-arm-none-eabi-4_8-2014q1/bin/../lib/gcc/arm-none-eabi/4.8.3/armv6-m/libgcc.a(_dvmd_tls.o)
                0x0000000008003388                __aeabi_ldiv0
                0x0000000008003388                __aeabi_idiv0
 .text.__errno  0x000000000800338c        0xc /Users/owen/gcc-arm-none-eabi-4_8-2014q1/bin/../lib/gcc/arm-none-eabi/4.8.3/../../../../arm-none-eabi/lib/armv6-m/libg_s.a(lib_a-errno.o)
                0x000000000800338c                __errno
 .text.malloc   0x0000000008003398       0x14 /Users/owen/gcc-arm-none-eabi-4_8-2014q1/bin/../lib/gcc/arm-none-eabi/4.8.3/../../../../arm-none-eabi/lib/armv6-m/libg_s.a(lib_a-malloc.o)
                0x0000000008003398                malloc
 .text.free     0x00000000080033ac       0x14 /Users/owen/gcc-arm-none-eabi-4_8-2014q1/bin/../lib/gcc/arm-none-eabi/4.8.3/../../../../arm-none-eabi/lib/armv6-m/libg_s.a(lib_a-malloc.o)
                0x00000000080033ac                free
 .text.memcpy   0x00000000080033c0       0x12 /Users/owen/gcc-arm-none-eabi-4_8-2014q1/bin/../lib/gcc/arm-none-eabi/4.8.3/../../../../arm-none-eabi/lib/armv6-m/libg_s.a(lib_a-memcpy-stub.o)
                0x00000000080033c0                memcpy
 *fill*         0x00000000080033d2        0x2 
 .text._free_r  0x00000000080033d4       0x90 /Users/owen/gcc-arm-none-eabi-4_8-2014q1/bin/../lib/gcc/arm-none-eabi/4.8.3/../../../../arm-none-eabi/lib/armv6-m/libg_s.a(lib_a-nano-freer.o)
                0x00000000080033d4                _free_r
 .text._malloc_r
                0x0000000008003464       0xa8 /Users/owen/gcc-arm-none-eabi-4_8-2014q1/bin/../lib/gcc/arm-none-eabi/4.8.3/../../../../arm-none-eabi/lib/armv6-m/libg_s.a(lib_a-nano-mallocr.o)
                0x0000000008003464                _malloc_r
 .text.realloc  0x000000000800350c       0x18 /Users/owen/gcc-arm-none-eabi-4_8-2014q1/bin/../lib/gcc/arm-none-eabi/4.8.3/../../../../arm-none-eabi/lib/armv6-m/libg_s.a(lib_a-realloc.o)
                0x000000000800350c                realloc
 .text._sbrk_r  0x0000000008003524       0x24 /Users/owen/gcc-arm-none-eabi-4_8-2014q1/bin/../lib/gcc/arm-none-eabi/4.8.3/../../../../arm-none-eabi/lib/armv6-m/libg_s.a(lib_a-sbrkr.o)
                0x0000000008003524                _sbrk_r
 .text          0x0000000008003548       0x14 /Users/owen/gcc-arm-none-eabi-4_8-2014q1/bin/../lib/gcc/arm-none-eabi/4.8.3/../../../../arm-none-eabi/lib/armv6-m/libg_s.a(lib_a-strcmp.o)
                0x0000000008003548                strcmp
 .text.strcpy   0x000000000800355c       0x10 /Users/owen/gcc-arm-none-eabi-4_8-2014q1/bin/../lib/gcc/arm-none-eabi/4.8.3/../../../../arm-none-eabi/lib/armv6-m/libg_s.a(lib_a-strcpy.o)
                0x000000000800355c                strcpy
 .text.strlen   0x000000000800356c        0xe /Users/owen/gcc-arm-none-eabi-4_8-2014q1/bin/../lib/gcc/arm-none-eabi/4.8.3/../../../../arm-none-eabi/lib/armv6-m/libg_s.a(lib_a-strlen.o)
                0x000000000800356c                strlen
 .text.strncmp  0x000000000800357a       0x2c /Users/owen/gcc-arm-none-eabi-4_8-2014q1/bin/../lib/gcc/arm-none-eabi/4.8.3/../../../../arm-none-eabi/lib/armv6-m/libg_s.a(lib_a-strncmp.o)
                0x000000000800357a                strncmp
 .text._vsnprintf_r
                0x00000000080035a6       0x54 /Users/owen/gcc-arm-none-eabi-4_8-2014q1/bin/../lib/gcc/arm-none-eabi/4.8.3/../../../../arm-none-eabi/lib/armv6-m/libg_s.a(lib_a-vsnprintf.o)
                0x00000000080035a6                _vsnprintf_r
                0x00000000080035a6                _vsniprintf_r
 *fill*         0x00000000080035fa        0x2 
 .text.vsnprintf
                0x00000000080035fc       0x20 /Users/owen/gcc-arm-none-eabi-4_8-2014q1/bin/../lib/gcc/arm-none-eabi/4.8.3/../../../../arm-none-eabi/lib/armv6-m/libg_s.a(lib_a-vsnprintf.o)
                0x00000000080035fc                vsnprintf
                0x00000000080035fc                vsniprintf
 .text._realloc_r
                0x000000000800361c       0x4c /Users/owen/gcc-arm-none-eabi-4_8-2014q1/bin/../lib/gcc/arm-none-eabi/4.8.3/../../../../arm-none-eabi/lib/armv6-m/libg_s.a(lib_a-nano-reallocr.o)
                0x000000000800361c                _realloc_r
 .text.__ssputs_r
                0x0000000008003668       0xc0 /Users/owen/gcc-arm-none-eabi-4_8-2014q1/bin/../lib/gcc/arm-none-eabi/4.8.3/../../../../arm-none-eabi/lib/armv6-m/libg_s.a(lib_a-svfprintf.o)
                0x0000000008003668                __ssputs_r
 .text._svfprintf_r
                0x0000000008003728      0x1e0 /Users/owen/gcc-arm-none-eabi-4_8-2014q1/bin/../lib/gcc/arm-none-eabi/4.8.3/../../../../arm-none-eabi/lib/armv6-m/libg_s.a(lib_a-svfprintf.o)
                0x0000000008003728                _svfprintf_r
                0x0000000008003728                _svfiprintf_r
 .text._printf_common
                0x0000000008003908       0xe8 /Users/owen/gcc-arm-none-eabi-4_8-2014q1/bin/../lib/gcc/arm-none-eabi/4.8.3/../../../../arm-none-eabi/lib/armv6-m/libg_s.a(lib_a-vfprintf_i.o)
                0x0000000008003908                _printf_common
 .text._printf_i
                0x00000000080039f0      0x22c /Users/owen/gcc-arm-none-eabi-4_8-2014q1/bin/../lib/gcc/arm-none-eabi/4.8.3/../../../../arm-none-eabi/lib/armv6-m/libg_s.a(lib_a-vfprintf_i.o)
                0x00000000080039f0                _printf_i
 .text.memchr   0x0000000008003c1c       0x16 /Users/owen/gcc-arm-none-eabi-4_8-2014q1/bin/../lib/gcc/arm-none-eabi/4.8.3/../../../../arm-none-eabi/lib/armv6-m/libg_s.a(lib_a-memchr-stub.o)
                0x0000000008003c1c                memchr
 .text.memmove  0x0000000008003c32       0x32 /Users/owen/gcc-arm-none-eabi-4_8-2014q1/bin/../lib/gcc/arm-none-eabi/4.8.3/../../../../arm-none-eabi/lib/armv6-m/libg_s.a(lib_a-memmove.o)
                0x0000000008003c32                memmove
 .text._malloc_usable_size_r
                0x0000000008003c64       0x12 /Users/owen/gcc-arm-none-eabi-4_8-2014q1/bin/../lib/gcc/arm-none-eabi/4.8.3/../../../../arm-none-eabi/lib/armv6-m/libg_s.a(lib_a-nano-msizer.o)
                0x0000000008003c64                _malloc_usable_size_r
 *(.rodata .rodata.*)
 *fill*         0x0000000008003c76        0x2 
 .rodata.str1.4
                0x0000000008003c78       0x30 ./system/src/stm32f0-stdperiph/stm32f0xx_adc.o
 .rodata.str1.4
                0x0000000008003ca8       0x31 ./system/src/stm32f0-stdperiph/stm32f0xx_gpio.o
                                         0x34 (size before relaxing)
 *fill*         0x0000000008003cd9        0x3 
 .rodata.str1.4
                0x0000000008003cdc       0x31 ./system/src/stm32f0-stdperiph/stm32f0xx_misc.o
                                         0x34 (size before relaxing)
 *fill*         0x0000000008003d0d        0x3 
 .rodata.str1.4
                0x0000000008003d10       0x30 ./system/src/stm32f0-stdperiph/stm32f0xx_rcc.o
 .rodata.str1.4
                0x0000000008003d40       0x30 ./system/src/stm32f0-stdperiph/stm32f0xx_spi.o
 .rodata.str1.4
                0x0000000008003d70       0x32 ./system/src/stm32f0-stdperiph/stm32f0xx_usart.o
                                         0x34 (size before relaxing)
 *fill*         0x0000000008003da2        0x2 
 .rodata.str1.4
                0x0000000008003da4       0x14 ./system/src/newlib/_exit.o
 .rodata.str1.4
                0x0000000008003db8       0x6b ./system/src/newlib/assert.o
                                         0x70 (size before relaxing)
 *fill*         0x0000000008003e23        0x1 
 .rodata.str1.4
                0x0000000008003e24       0x2d ./system/src/diag/Trace.o
                                         0x30 (size before relaxing)
 *fill*         0x0000000008003e51        0x3 
 .rodata._ZN10OSCMessage10decodeDataEh
                0x0000000008003e54       0x4c ./src/OSC/OSCMessage.o
 .rodata._ZN10OSCMessage6decodeEh
                0x0000000008003ea0       0x1c ./src/OSC/OSCMessage.o
 .rodata.str1.4
                0x0000000008003ebc       0x38 ./src/main.o
 .rodata.font   0x0000000008003ef4      0x4fc ./src/ssd1306.o
 .rodata.str1.1
                0x00000000080043f0        0x2 /Users/owen/gcc-arm-none-eabi-4_8-2014q1/bin/../lib/gcc/arm-none-eabi/4.8.3/../../../../arm-none-eabi/lib/armv6-m/libg_s.a(lib_a-impure.o)
 .rodata.str1.1
                0x00000000080043f2       0x11 /Users/owen/gcc-arm-none-eabi-4_8-2014q1/bin/../lib/gcc/arm-none-eabi/4.8.3/../../../../arm-none-eabi/lib/armv6-m/libg_s.a(lib_a-svfprintf.o)
 .rodata.str1.1
                0x0000000008004403       0x22 /Users/owen/gcc-arm-none-eabi-4_8-2014q1/bin/../lib/gcc/arm-none-eabi/4.8.3/../../../../arm-none-eabi/lib/armv6-m/libg_s.a(lib_a-vfprintf_i.o)
 *(vtable)
 *(.eh_frame*)
 *(.glue_7)
 .glue_7        0x0000000000000000        0x0 linker stubs
 *(.glue_7t)
 .glue_7t       0x0000000000000000        0x0 linker stubs

.vfp11_veneer   0x0000000008004428        0x0
 .vfp11_veneer  0x0000000000000000        0x0 linker stubs

.v4_bx          0x0000000008004428        0x0
 .v4_bx         0x0000000000000000        0x0 linker stubs

.iplt           0x0000000008004428        0x0
 .iplt          0x0000000000000000        0x0 ./system/src/stm32f0-stdperiph/stm32f0xx_adc.o

.rel.dyn        0x0000000008004428        0x0
 .rel.iplt      0x0000000000000000        0x0 ./system/src/stm32f0-stdperiph/stm32f0xx_adc.o

.ARM.extab
 *(.ARM.extab* .gnu.linkonce.armextab.*)
                0x0000000008004428                __exidx_start = .

.ARM.exidx
 *(.ARM.exidx* .gnu.linkonce.armexidx.*)
                0x0000000008004428                __exidx_end = .
                0x0000000008004428                . = ALIGN (0x4)
                0x0000000008004428                _etext = .
                0x0000000008004428                __etext = .
                0x0000000008004428                _sidata = _etext

.data           0x0000000020000000       0x88 load address 0x0000000008004428
                0x0000000020000000                . = ALIGN (0x4)
                0x0000000020000000                _sdata = .
                0x0000000020000000                __data_start__ = .
 *(.data_begin .data_begin.*)
 .data_begin    0x0000000020000000        0x4 ./system/src/newlib/_startup.o
 *(.data .data.*)
 .data.APBAHBPrescTable
                0x0000000020000004       0x10 ./system/src/stm32f0-stdperiph/stm32f0xx_rcc.o
 .data.argv.4458
                0x0000000020000014        0x8 ./system/src/newlib/_syscalls.o
 .data.SystemCoreClock
                0x000000002000001c        0x4 ./system/src/cmsis/system_stm32f0xx.o
                0x000000002000001c                SystemCoreClock
 .data.impure_data
                0x0000000020000020       0x60 /Users/owen/gcc-arm-none-eabi-4_8-2014q1/bin/../lib/gcc/arm-none-eabi/4.8.3/../../../../arm-none-eabi/lib/armv6-m/libg_s.a(lib_a-impure.o)
 .data._impure_ptr
                0x0000000020000080        0x4 /Users/owen/gcc-arm-none-eabi-4_8-2014q1/bin/../lib/gcc/arm-none-eabi/4.8.3/../../../../arm-none-eabi/lib/armv6-m/libg_s.a(lib_a-impure.o)
                0x0000000020000080                _impure_ptr
 *(.data_end .data_end.*)
 .data_end      0x0000000020000084        0x4 ./system/src/newlib/_startup.o
                0x0000000020000088                . = ALIGN (0x4)
                0x0000000020000088                _edata = .
                0x0000000020000088                __data_end__ = .

.igot.plt       0x0000000020000088        0x0 load address 0x00000000080044b0
 .igot.plt      0x0000000000000000        0x0 ./system/src/stm32f0-stdperiph/stm32f0xx_adc.o

.bss            0x0000000020000088      0x4ec load address 0x00000000080044b0
                0x0000000020000088                . = ALIGN (0x4)
                0x0000000020000088                __bss_start__ = .
                0x0000000020000088                _sbss = .
 *(.bss_begin .bss_begin.*)
 .bss_begin     0x0000000020000088        0x4 ./system/src/newlib/_startup.o
 *(.bss .bss.*)
 .bss.current_heap_end.4286
                0x000000002000008c        0x4 ./system/src/newlib/_sbrk.o
 .bss.name.4457
                0x0000000020000090        0x4 ./system/src/newlib/_syscalls.o
 .bss.buf.5349  0x0000000020000094       0x80 ./system/src/diag/Trace.o
 .bss.SLIPSerial
                0x0000000020000114        0x4 ./src/main.o
                0x0000000020000114                SLIPSerial
 .bss.c.6441    0x0000000020000118        0x1 ./src/ssd1306.o
 .bss.uart2_recv_buf_tail
                0x0000000020000119        0x1 ./src/uart.o
                0x0000000020000119                uart2_recv_buf_tail
 .bss.uart2_recv_buf_head
                0x000000002000011a        0x1 ./src/uart.o
                0x000000002000011a                uart2_recv_buf_head
 *fill*         0x000000002000011b        0x1 
 .bss.__new_handler
                0x000000002000011c        0x4 /Users/owen/gcc-arm-none-eabi-4_8-2014q1/bin/../lib/gcc/arm-none-eabi/4.8.3/../../../../arm-none-eabi/lib/armv6-m/libstdc++_s.a(new_handler.o)
                0x000000002000011c                __new_handler
 .bss.__malloc_sbrk_start
                0x0000000020000120        0x4 /Users/owen/gcc-arm-none-eabi-4_8-2014q1/bin/../lib/gcc/arm-none-eabi/4.8.3/../../../../arm-none-eabi/lib/armv6-m/libg_s.a(lib_a-nano-mallocr.o)
                0x0000000020000120                __malloc_sbrk_start
 .bss.__malloc_free_list
                0x0000000020000124        0x4 /Users/owen/gcc-arm-none-eabi-4_8-2014q1/bin/../lib/gcc/arm-none-eabi/4.8.3/../../../../arm-none-eabi/lib/armv6-m/libg_s.a(lib_a-nano-mallocr.o)
                0x0000000020000124                __malloc_free_list
 *(COMMON)
 COMMON         0x0000000020000128        0x4 ./system/src/newlib/_syscalls.o
                0x0000000020000128                errno
 COMMON         0x000000002000012c        0x4 ./src/Timer.o
                0x000000002000012c                timer_delayCount
 COMMON         0x0000000020000130      0x400 ./src/ssd1306.o
                0x0000000020000130                pix_buf
 COMMON         0x0000000020000530       0x40 ./src/uart.o
                0x0000000020000530                uart2_recv_buf
 *(.bss_end .bss_end.*)
 .bss_end       0x0000000020000570        0x4 ./system/src/newlib/_startup.o
                0x0000000020000574                . = ALIGN (0x4)
                0x0000000020000574                __bss_end__ = .
                0x0000000020000574                _ebss = .

.noinit         0x0000000020000574        0x0
                0x0000000020000574                . = ALIGN (0x4)
                0x0000000020000574                _noinit = .
 *(.noinit .noinit.*)
                0x0000000020000574                . = ALIGN (0x4)
                0x0000000020000574                _end_noinit = .
                0x0000000020000574                PROVIDE (end, _end_noinit)
                0x0000000020000574                PROVIDE (_end, _end_noinit)
                0x0000000020000574                PROVIDE (__end, _end_noinit)
                0x0000000020000574                PROVIDE (__end__, _end_noinit)

._check_stack   0x0000000020000574      0x100 load address 0x000000000800499c
                0x0000000020000574                . = ALIGN (0x4)
                0x0000000020000674                . = (. + _Minimum_Stack_Size)
 *fill*         0x0000000020000574      0x100 
                0x0000000020000674                . = ALIGN (0x4)

.bss_CCMRAM
 *(.bss.CCMRAM .bss.CCMRAM.*)

.b1text
 *(.b1text)
 *(.b1rodata)
 *(.b1rodata.*)

.eb0text
 *(.eb0text)
 *(.eb0rodata)
 *(.eb0rodata.*)

.eb1text
 *(.eb1text)
 *(.eb1rodata)
 *(.eb1rodata.*)

.eb2text
 *(.eb2text)
 *(.eb2rodata)
 *(.eb2rodata.*)

.eb3text
 *(.eb3text)
 *(.eb3rodata)
 *(.eb3rodata.*)

.stab
 *(.stab)

.stabstr
 *(.stabstr)

.stab.excl
 *(.stab.excl)

.stab.exclstr
 *(.stab.exclstr)

.stab.index
 *(.stab.index)

.stab.indexstr
 *(.stab.indexstr)

.comment        0x0000000000000000       0x70
 *(.comment)
 .comment       0x0000000000000000       0x70 ./system/src/stm32f0-stdperiph/stm32f0xx_adc.o
                                         0x71 (size before relaxing)
 .comment       0x0000000000000000       0x71 ./system/src/stm32f0-stdperiph/stm32f0xx_gpio.o
 .comment       0x0000000000000000       0x71 ./system/src/stm32f0-stdperiph/stm32f0xx_misc.o
 .comment       0x0000000000000000       0x71 ./system/src/stm32f0-stdperiph/stm32f0xx_rcc.o
 .comment       0x0000000000000000       0x71 ./system/src/stm32f0-stdperiph/stm32f0xx_spi.o
 .comment       0x0000000000000000       0x71 ./system/src/stm32f0-stdperiph/stm32f0xx_usart.o
 .comment       0x0000000000000000       0x71 ./system/src/newlib/_exit.o
 .comment       0x0000000000000000       0x71 ./system/src/newlib/_sbrk.o
 .comment       0x0000000000000000       0x71 ./system/src/newlib/_startup.o
 .comment       0x0000000000000000       0x71 ./system/src/newlib/_syscalls.o
 .comment       0x0000000000000000       0x71 ./system/src/newlib/assert.o
 .comment       0x0000000000000000       0x71 ./system/src/diag/Trace.o
 .comment       0x0000000000000000       0x71 ./system/src/diag/trace_impl.o
 .comment       0x0000000000000000       0x71 ./system/src/cortexm/_initialize_hardware.o
 .comment       0x0000000000000000       0x71 ./system/src/cortexm/exception_handlers.o
 .comment       0x0000000000000000       0x71 ./system/src/cmsis/system_stm32f0xx.o
 .comment       0x0000000000000000       0x71 ./system/src/cmsis/vectors_stm32f0xx.o
 .comment       0x0000000000000000       0x71 ./src/OSC/OSCData.o
 .comment       0x0000000000000000       0x71 ./src/OSC/OSCMatch.o
 .comment       0x0000000000000000       0x71 ./src/OSC/OSCMessage.o
 .comment       0x0000000000000000       0x71 ./src/OSC/SLIPEncodedSerial.o
 .comment       0x0000000000000000       0x71 ./src/BlinkLed.o
 .comment       0x0000000000000000       0x71 ./src/Timer.o
 .comment       0x0000000000000000       0x71 ./src/main.o
 .comment       0x0000000000000000       0x71 ./src/spi.o
 .comment       0x0000000000000000       0x71 ./src/ssd1306.o
 .comment       0x0000000000000000       0x71 ./src/uart.o

.ARM.attributes
                0x0000000000000000       0x2f
 .ARM.attributes
                0x0000000000000000       0x31 ./system/src/stm32f0-stdperiph/stm32f0xx_adc.o
 .ARM.attributes
                0x0000000000000031       0x31 ./system/src/stm32f0-stdperiph/stm32f0xx_gpio.o
 .ARM.attributes
                0x0000000000000062       0x31 ./system/src/stm32f0-stdperiph/stm32f0xx_misc.o
 .ARM.attributes
                0x0000000000000093       0x31 ./system/src/stm32f0-stdperiph/stm32f0xx_rcc.o
 .ARM.attributes
                0x00000000000000c4       0x31 ./system/src/stm32f0-stdperiph/stm32f0xx_spi.o
 .ARM.attributes
                0x00000000000000f5       0x31 ./system/src/stm32f0-stdperiph/stm32f0xx_usart.o
 .ARM.attributes
                0x0000000000000126       0x31 ./system/src/newlib/_exit.o
 .ARM.attributes
                0x0000000000000157       0x31 ./system/src/newlib/_sbrk.o
 .ARM.attributes
                0x0000000000000188       0x31 ./system/src/newlib/_startup.o
 .ARM.attributes
                0x00000000000001b9       0x31 ./system/src/newlib/_syscalls.o
 .ARM.attributes
                0x00000000000001ea       0x31 ./system/src/newlib/assert.o
 .ARM.attributes
                0x000000000000021b       0x31 ./system/src/diag/Trace.o
 .ARM.attributes
                0x000000000000024c       0x31 ./system/src/diag/trace_impl.o
 .ARM.attributes
                0x000000000000027d       0x31 ./system/src/cortexm/_initialize_hardware.o
 .ARM.attributes
                0x00000000000002ae       0x31 ./system/src/cortexm/exception_handlers.o
 .ARM.attributes
                0x00000000000002df       0x31 ./system/src/cmsis/system_stm32f0xx.o
 .ARM.attributes
                0x0000000000000310       0x31 ./system/src/cmsis/vectors_stm32f0xx.o
 .ARM.attributes
                0x0000000000000341       0x31 ./src/OSC/OSCData.o
 .ARM.attributes
                0x0000000000000372       0x31 ./src/OSC/OSCMatch.o
 .ARM.attributes
                0x00000000000003a3       0x31 ./src/OSC/OSCMessage.o
 .ARM.attributes
                0x00000000000003d4       0x31 ./src/OSC/SLIPEncodedSerial.o
 .ARM.attributes
                0x0000000000000405       0x31 ./src/BlinkLed.o
 .ARM.attributes
                0x0000000000000436       0x31 ./src/Timer.o
 .ARM.attributes
                0x0000000000000467       0x31 ./src/main.o
 .ARM.attributes
                0x0000000000000498       0x31 ./src/spi.o
 .ARM.attributes
                0x00000000000004c9       0x31 ./src/ssd1306.o
 .ARM.attributes
                0x00000000000004fa       0x31 ./src/uart.o
 .ARM.attributes
                0x000000000000052b       0x2c /Users/owen/gcc-arm-none-eabi-4_8-2014q1/bin/../lib/gcc/arm-none-eabi/4.8.3/../../../../arm-none-eabi/lib/armv6-m/libstdc++_s.a(del_op.o)
 .ARM.attributes
                0x0000000000000557       0x2c /Users/owen/gcc-arm-none-eabi-4_8-2014q1/bin/../lib/gcc/arm-none-eabi/4.8.3/../../../../arm-none-eabi/lib/armv6-m/libstdc++_s.a(new_op.o)
 .ARM.attributes
                0x0000000000000583       0x2c /Users/owen/gcc-arm-none-eabi-4_8-2014q1/bin/../lib/gcc/arm-none-eabi/4.8.3/../../../../arm-none-eabi/lib/armv6-m/libstdc++_s.a(new_handler.o)
 .ARM.attributes
                0x00000000000005af       0x1e /Users/owen/gcc-arm-none-eabi-4_8-2014q1/bin/../lib/gcc/arm-none-eabi/4.8.3/armv6-m/libgcc.a(_udivsi3.o)
 .ARM.attributes
                0x00000000000005cd       0x1e /Users/owen/gcc-arm-none-eabi-4_8-2014q1/bin/../lib/gcc/arm-none-eabi/4.8.3/armv6-m/libgcc.a(_dvmd_tls.o)
 .ARM.attributes
                0x00000000000005eb       0x2c /Users/owen/gcc-arm-none-eabi-4_8-2014q1/bin/../lib/gcc/arm-none-eabi/4.8.3/../../../../arm-none-eabi/lib/armv6-m/libg_s.a(lib_a-errno.o)
 .ARM.attributes
                0x0000000000000617       0x2c /Users/owen/gcc-arm-none-eabi-4_8-2014q1/bin/../lib/gcc/arm-none-eabi/4.8.3/../../../../arm-none-eabi/lib/armv6-m/libg_s.a(lib_a-impure.o)
 .ARM.attributes
                0x0000000000000643       0x2c /Users/owen/gcc-arm-none-eabi-4_8-2014q1/bin/../lib/gcc/arm-none-eabi/4.8.3/../../../../arm-none-eabi/lib/armv6-m/libg_s.a(lib_a-malloc.o)
 .ARM.attributes
                0x000000000000066f       0x2c /Users/owen/gcc-arm-none-eabi-4_8-2014q1/bin/../lib/gcc/arm-none-eabi/4.8.3/../../../../arm-none-eabi/lib/armv6-m/libg_s.a(lib_a-memcpy-stub.o)
 .ARM.attributes
                0x000000000000069b       0x2c /Users/owen/gcc-arm-none-eabi-4_8-2014q1/bin/../lib/gcc/arm-none-eabi/4.8.3/../../../../arm-none-eabi/lib/armv6-m/libg_s.a(lib_a-nano-freer.o)
 .ARM.attributes
                0x00000000000006c7       0x2c /Users/owen/gcc-arm-none-eabi-4_8-2014q1/bin/../lib/gcc/arm-none-eabi/4.8.3/../../../../arm-none-eabi/lib/armv6-m/libg_s.a(lib_a-nano-mallocr.o)
 .ARM.attributes
                0x00000000000006f3       0x2c /Users/owen/gcc-arm-none-eabi-4_8-2014q1/bin/../lib/gcc/arm-none-eabi/4.8.3/../../../../arm-none-eabi/lib/armv6-m/libg_s.a(lib_a-realloc.o)
 .ARM.attributes
                0x000000000000071f       0x2c /Users/owen/gcc-arm-none-eabi-4_8-2014q1/bin/../lib/gcc/arm-none-eabi/4.8.3/../../../../arm-none-eabi/lib/armv6-m/libg_s.a(lib_a-sbrkr.o)
 .ARM.attributes
                0x000000000000074b       0x1c /Users/owen/gcc-arm-none-eabi-4_8-2014q1/bin/../lib/gcc/arm-none-eabi/4.8.3/../../../../arm-none-eabi/lib/armv6-m/libg_s.a(lib_a-strcmp.o)
 .ARM.attributes
                0x0000000000000767       0x2c /Users/owen/gcc-arm-none-eabi-4_8-2014q1/bin/../lib/gcc/arm-none-eabi/4.8.3/../../../../arm-none-eabi/lib/armv6-m/libg_s.a(lib_a-strcpy.o)
 .ARM.attributes
                0x0000000000000793       0x2c /Users/owen/gcc-arm-none-eabi-4_8-2014q1/bin/../lib/gcc/arm-none-eabi/4.8.3/../../../../arm-none-eabi/lib/armv6-m/libg_s.a(lib_a-strlen.o)
 .ARM.attributes
                0x00000000000007bf       0x2c /Users/owen/gcc-arm-none-eabi-4_8-2014q1/bin/../lib/gcc/arm-none-eabi/4.8.3/../../../../arm-none-eabi/lib/armv6-m/libg_s.a(lib_a-strncmp.o)
 .ARM.attributes
                0x00000000000007eb       0x2c /Users/owen/gcc-arm-none-eabi-4_8-2014q1/bin/../lib/gcc/arm-none-eabi/4.8.3/../../../../arm-none-eabi/lib/armv6-m/libg_s.a(lib_a-vsnprintf.o)
 .ARM.attributes
                0x0000000000000817       0x2c /Users/owen/gcc-arm-none-eabi-4_8-2014q1/bin/../lib/gcc/arm-none-eabi/4.8.3/../../../../arm-none-eabi/lib/armv6-m/libg_s.a(lib_a-nano-reallocr.o)
 .ARM.attributes
                0x0000000000000843       0x2c /Users/owen/gcc-arm-none-eabi-4_8-2014q1/bin/../lib/gcc/arm-none-eabi/4.8.3/../../../../arm-none-eabi/lib/armv6-m/libg_s.a(lib_a-svfprintf.o)
 .ARM.attributes
                0x000000000000086f       0x2c /Users/owen/gcc-arm-none-eabi-4_8-2014q1/bin/../lib/gcc/arm-none-eabi/4.8.3/../../../../arm-none-eabi/lib/armv6-m/libg_s.a(lib_a-vfprintf_i.o)
 .ARM.attributes
                0x000000000000089b       0x2c /Users/owen/gcc-arm-none-eabi-4_8-2014q1/bin/../lib/gcc/arm-none-eabi/4.8.3/../../../../arm-none-eabi/lib/armv6-m/libg_s.a(lib_a-memchr-stub.o)
 .ARM.attributes
                0x00000000000008c7       0x2c /Users/owen/gcc-arm-none-eabi-4_8-2014q1/bin/../lib/gcc/arm-none-eabi/4.8.3/../../../../arm-none-eabi/lib/armv6-m/libg_s.a(lib_a-memmove.o)
 .ARM.attributes
                0x00000000000008f3       0x2c /Users/owen/gcc-arm-none-eabi-4_8-2014q1/bin/../lib/gcc/arm-none-eabi/4.8.3/../../../../arm-none-eabi/lib/armv6-m/libg_s.a(lib_a-nano-msizer.o)

.debug
 *(.debug)

.line
 *(.line)

.debug_srcinfo
 *(.debug_srcinfo)

.debug_sfnames
 *(.debug_sfnames)

.debug_aranges  0x0000000000000000      0xcd8
 *(.debug_aranges)
 .debug_aranges
                0x0000000000000000      0x108 ./system/src/stm32f0-stdperiph/stm32f0xx_adc.o
 .debug_aranges
                0x0000000000000108       0x80 ./system/src/stm32f0-stdperiph/stm32f0xx_gpio.o
 .debug_aranges
                0x0000000000000188       0x30 ./system/src/stm32f0-stdperiph/stm32f0xx_misc.o
 .debug_aranges
                0x00000000000001b8      0x160 ./system/src/stm32f0-stdperiph/stm32f0xx_rcc.o
 .debug_aranges
                0x0000000000000318      0x110 ./system/src/stm32f0-stdperiph/stm32f0xx_spi.o
 .debug_aranges
                0x0000000000000428      0x1a0 ./system/src/stm32f0-stdperiph/stm32f0xx_usart.o
 .debug_aranges
                0x00000000000005c8       0x28 ./system/src/newlib/_exit.o
 .debug_aranges
                0x00000000000005f0       0x20 ./system/src/newlib/_sbrk.o
 .debug_aranges
                0x0000000000000610       0x40 ./system/src/newlib/_startup.o
 .debug_aranges
                0x0000000000000650       0xd0 ./system/src/newlib/_syscalls.o
 .debug_aranges
                0x0000000000000720       0x28 ./system/src/newlib/assert.o
 .debug_aranges
                0x0000000000000748       0x38 ./system/src/diag/Trace.o
 .debug_aranges
                0x0000000000000780       0x30 ./system/src/diag/trace_impl.o
 .debug_aranges
                0x00000000000007b0       0x20 ./system/src/cortexm/_initialize_hardware.o
 .debug_aranges
                0x00000000000007d0       0x48 ./system/src/cortexm/exception_handlers.o
 .debug_aranges
                0x0000000000000818       0x30 ./system/src/cmsis/system_stm32f0xx.o
 .debug_aranges
                0x0000000000000848       0x20 ./system/src/cmsis/vectors_stm32f0xx.o
 .debug_aranges
                0x0000000000000868       0xa8 ./src/OSC/OSCData.o
 .debug_aranges
                0x0000000000000910       0x48 ./src/OSC/OSCMatch.o
 .debug_aranges
                0x0000000000000958      0x180 ./src/OSC/OSCMessage.o
 .debug_aranges
                0x0000000000000ad8       0x70 ./src/OSC/SLIPEncodedSerial.o
 .debug_aranges
                0x0000000000000b48       0x20 ./src/BlinkLed.o
 .debug_aranges
                0x0000000000000b68       0x38 ./src/Timer.o
 .debug_aranges
                0x0000000000000ba0       0x48 ./src/main.o
 .debug_aranges
                0x0000000000000be8       0x28 ./src/spi.o
 .debug_aranges
                0x0000000000000c10       0x80 ./src/ssd1306.o
 .debug_aranges
                0x0000000000000c90       0x48 ./src/uart.o

.debug_pubnames
 *(.debug_pubnames)

.debug_info     0x0000000000000000    0x1134f
 *(.debug_info .gnu.linkonce.wi.*)
 .debug_info    0x0000000000000000      0xfd9 ./system/src/stm32f0-stdperiph/stm32f0xx_adc.o
 .debug_info    0x0000000000000fd9      0xa38 ./system/src/stm32f0-stdperiph/stm32f0xx_gpio.o
 .debug_info    0x0000000000001a11      0x41c ./system/src/stm32f0-stdperiph/stm32f0xx_misc.o
 .debug_info    0x0000000000001e2d      0xf39 ./system/src/stm32f0-stdperiph/stm32f0xx_rcc.o
 .debug_info    0x0000000000002d66     0x1269 ./system/src/stm32f0-stdperiph/stm32f0xx_spi.o
 .debug_info    0x0000000000003fcf     0x1b10 ./system/src/stm32f0-stdperiph/stm32f0xx_usart.o
 .debug_info    0x0000000000005adf      0x100 ./system/src/newlib/_exit.o
 .debug_info    0x0000000000005bdf      0x125 ./system/src/newlib/_sbrk.o
 .debug_info    0x0000000000005d04      0x469 ./system/src/newlib/_startup.o
 .debug_info    0x000000000000616d      0x8f3 ./system/src/newlib/_syscalls.o
 .debug_info    0x0000000000006a60      0x1cd ./system/src/newlib/assert.o
 .debug_info    0x0000000000006c2d      0x325 ./system/src/diag/Trace.o
 .debug_info    0x0000000000006f52      0x2e4 ./system/src/diag/trace_impl.o
 .debug_info    0x0000000000007236       0x9d ./system/src/cortexm/_initialize_hardware.o
 .debug_info    0x00000000000072d3       0xa5 ./system/src/cortexm/exception_handlers.o
 .debug_info    0x0000000000007378      0x309 ./system/src/cmsis/system_stm32f0xx.o
 .debug_info    0x0000000000007681       0x92 ./system/src/cmsis/vectors_stm32f0xx.o
 .debug_info    0x0000000000007713      0xbed ./src/OSC/OSCData.o
 .debug_info    0x0000000000008300      0x4f4 ./src/OSC/OSCMatch.o
 .debug_info    0x00000000000087f4     0x3d2e ./src/OSC/OSCMessage.o
 .debug_info    0x000000000000c522      0x5f6 ./src/OSC/SLIPEncodedSerial.o
 .debug_info    0x000000000000cb18      0x3ec ./src/BlinkLed.o
 .debug_info    0x000000000000cf04      0x462 ./src/Timer.o
 .debug_info    0x000000000000d366     0x2375 ./src/main.o
 .debug_info    0x000000000000f6db      0x721 ./src/spi.o
 .debug_info    0x000000000000fdfc      0xc82 ./src/ssd1306.o
 .debug_info    0x0000000000010a7e      0x8d1 ./src/uart.o

.debug_abbrev   0x0000000000000000     0x2f6a
 *(.debug_abbrev)
 .debug_abbrev  0x0000000000000000      0x1b9 ./system/src/stm32f0-stdperiph/stm32f0xx_adc.o
 .debug_abbrev  0x00000000000001b9      0x1db ./system/src/stm32f0-stdperiph/stm32f0xx_gpio.o
 .debug_abbrev  0x0000000000000394      0x16e ./system/src/stm32f0-stdperiph/stm32f0xx_misc.o
 .debug_abbrev  0x0000000000000502      0x23e ./system/src/stm32f0-stdperiph/stm32f0xx_rcc.o
 .debug_abbrev  0x0000000000000740      0x1f0 ./system/src/stm32f0-stdperiph/stm32f0xx_spi.o
 .debug_abbrev  0x0000000000000930      0x1d2 ./system/src/stm32f0-stdperiph/stm32f0xx_usart.o
 .debug_abbrev  0x0000000000000b02       0xa4 ./system/src/newlib/_exit.o
 .debug_abbrev  0x0000000000000ba6       0xbb ./system/src/newlib/_sbrk.o
 .debug_abbrev  0x0000000000000c61      0x1da ./system/src/newlib/_startup.o
 .debug_abbrev  0x0000000000000e3b      0x178 ./system/src/newlib/_syscalls.o
 .debug_abbrev  0x0000000000000fb3       0xc9 ./system/src/newlib/assert.o
 .debug_abbrev  0x000000000000107c      0x178 ./system/src/diag/Trace.o
 .debug_abbrev  0x00000000000011f4      0x1a3 ./system/src/diag/trace_impl.o
 .debug_abbrev  0x0000000000001397       0x63 ./system/src/cortexm/_initialize_hardware.o
 .debug_abbrev  0x00000000000013fa       0x65 ./system/src/cortexm/exception_handlers.o
 .debug_abbrev  0x000000000000145f      0x146 ./system/src/cmsis/system_stm32f0xx.o
 .debug_abbrev  0x00000000000015a5       0x92 ./system/src/cmsis/vectors_stm32f0xx.o
 .debug_abbrev  0x0000000000001637      0x2d5 ./src/OSC/OSCData.o
 .debug_abbrev  0x000000000000190c      0x17c ./src/OSC/OSCMatch.o
 .debug_abbrev  0x0000000000001a88      0x52d ./src/OSC/OSCMessage.o
 .debug_abbrev  0x0000000000001fb5      0x22c ./src/OSC/SLIPEncodedSerial.o
 .debug_abbrev  0x00000000000021e1      0x16d ./src/BlinkLed.o
 .debug_abbrev  0x000000000000234e      0x1b5 ./src/Timer.o
 .debug_abbrev  0x0000000000002503      0x4ed ./src/main.o
 .debug_abbrev  0x00000000000029f0      0x181 ./src/spi.o
 .debug_abbrev  0x0000000000002b71      0x1fe ./src/ssd1306.o
 .debug_abbrev  0x0000000000002d6f      0x1fb ./src/uart.o

.debug_line     0x0000000000000000     0x88aa
 *(.debug_line)
 .debug_line    0x0000000000000000      0x872 ./system/src/stm32f0-stdperiph/stm32f0xx_adc.o
 .debug_line    0x0000000000000872      0x628 ./system/src/stm32f0-stdperiph/stm32f0xx_gpio.o
 .debug_line    0x0000000000000e9a      0x47f ./system/src/stm32f0-stdperiph/stm32f0xx_misc.o
 .debug_line    0x0000000000001319      0x931 ./system/src/stm32f0-stdperiph/stm32f0xx_rcc.o
 .debug_line    0x0000000000001c4a      0x8a4 ./system/src/stm32f0-stdperiph/stm32f0xx_spi.o
 .debug_line    0x00000000000024ee      0xb57 ./system/src/stm32f0-stdperiph/stm32f0xx_usart.o
 .debug_line    0x0000000000003045      0x272 ./system/src/newlib/_exit.o
 .debug_line    0x00000000000032b7      0x224 ./system/src/newlib/_sbrk.o
 .debug_line    0x00000000000034db      0x2e7 ./system/src/newlib/_startup.o
 .debug_line    0x00000000000037c2      0x495 ./system/src/newlib/_syscalls.o
 .debug_line    0x0000000000003c57      0x2a9 ./system/src/newlib/assert.o
 .debug_line    0x0000000000003f00      0x331 ./system/src/diag/Trace.o
 .debug_line    0x0000000000004231      0x56f ./system/src/diag/trace_impl.o
 .debug_line    0x00000000000047a0      0x438 ./system/src/cortexm/_initialize_hardware.o
 .debug_line    0x0000000000004bd8       0x97 ./system/src/cortexm/exception_handlers.o
 .debug_line    0x0000000000004c6f      0x489 ./system/src/cmsis/system_stm32f0xx.o
 .debug_line    0x00000000000050f8       0x89 ./system/src/cmsis/vectors_stm32f0xx.o
 .debug_line    0x0000000000005181      0x472 ./src/OSC/OSCData.o
 .debug_line    0x00000000000055f3      0x483 ./src/OSC/OSCMatch.o
 .debug_line    0x0000000000005a76      0x981 ./src/OSC/OSCMessage.o
 .debug_line    0x00000000000063f7      0x558 ./src/OSC/SLIPEncodedSerial.o
 .debug_line    0x000000000000694f      0x42d ./src/BlinkLed.o
 .debug_line    0x0000000000006d7c      0x4a5 ./src/Timer.o
 .debug_line    0x0000000000007221      0x7cb ./src/main.o
 .debug_line    0x00000000000079ec      0x442 ./src/spi.o
 .debug_line    0x0000000000007e2e      0x5dc ./src/ssd1306.o
 .debug_line    0x000000000000840a      0x4a0 ./src/uart.o

.debug_frame    0x0000000000000000     0x2678
 *(.debug_frame)
 .debug_frame   0x0000000000000000      0x32c ./system/src/stm32f0-stdperiph/stm32f0xx_adc.o
 .debug_frame   0x000000000000032c      0x168 ./system/src/stm32f0-stdperiph/stm32f0xx_gpio.o
 .debug_frame   0x0000000000000494       0x60 ./system/src/stm32f0-stdperiph/stm32f0xx_misc.o
 .debug_frame   0x00000000000004f4      0x3f8 ./system/src/stm32f0-stdperiph/stm32f0xx_rcc.o
 .debug_frame   0x00000000000008ec      0x330 ./system/src/stm32f0-stdperiph/stm32f0xx_spi.o
 .debug_frame   0x0000000000000c1c      0x558 ./system/src/stm32f0-stdperiph/stm32f0xx_usart.o
 .debug_frame   0x0000000000001174       0x38 ./system/src/newlib/_exit.o
 .debug_frame   0x00000000000011ac       0x28 ./system/src/newlib/_sbrk.o
 .debug_frame   0x00000000000011d4       0x84 ./system/src/newlib/_startup.o
 .debug_frame   0x0000000000001258      0x230 ./system/src/newlib/_syscalls.o
 .debug_frame   0x0000000000001488       0x48 ./system/src/newlib/assert.o
 .debug_frame   0x00000000000014d0       0x80 ./system/src/diag/Trace.o
 .debug_frame   0x0000000000001550       0x64 ./system/src/diag/trace_impl.o
 .debug_frame   0x00000000000015b4       0x28 ./system/src/cortexm/_initialize_hardware.o
 .debug_frame   0x00000000000015dc       0x78 ./system/src/cortexm/exception_handlers.o
 .debug_frame   0x0000000000001654       0x54 ./system/src/cmsis/system_stm32f0xx.o
 .debug_frame   0x00000000000016a8       0x20 ./system/src/cmsis/vectors_stm32f0xx.o
 .debug_frame   0x00000000000016c8      0x190 ./src/OSC/OSCData.o
 .debug_frame   0x0000000000001858       0xcc ./src/OSC/OSCMatch.o
 .debug_frame   0x0000000000001924      0x4cc ./src/OSC/OSCMessage.o
 .debug_frame   0x0000000000001df0      0x10c ./src/OSC/SLIPEncodedSerial.o
 .debug_frame   0x0000000000001efc       0x38 ./src/BlinkLed.o
 .debug_frame   0x0000000000001f34       0x60 ./src/Timer.o
 .debug_frame   0x0000000000001f94       0xb8 ./src/main.o
 .debug_frame   0x000000000000204c       0x4c ./src/spi.o
 .debug_frame   0x0000000000002098      0x16c ./src/ssd1306.o
 .debug_frame   0x0000000000002204       0x98 ./src/uart.o
 .debug_frame   0x000000000000229c       0x28 /Users/owen/gcc-arm-none-eabi-4_8-2014q1/bin/../lib/gcc/arm-none-eabi/4.8.3/../../../../arm-none-eabi/lib/armv6-m/libstdc++_s.a(del_op.o)
 .debug_frame   0x00000000000022c4       0x28 /Users/owen/gcc-arm-none-eabi-4_8-2014q1/bin/../lib/gcc/arm-none-eabi/4.8.3/../../../../arm-none-eabi/lib/armv6-m/libstdc++_s.a(new_op.o)
 .debug_frame   0x00000000000022ec       0x20 /Users/owen/gcc-arm-none-eabi-4_8-2014q1/bin/../lib/gcc/arm-none-eabi/4.8.3/../../../../arm-none-eabi/lib/armv6-m/libstdc++_s.a(new_handler.o)
 .debug_frame   0x000000000000230c       0x20 /Users/owen/gcc-arm-none-eabi-4_8-2014q1/bin/../lib/gcc/arm-none-eabi/4.8.3/armv6-m/libgcc.a(_udivsi3.o)
 .debug_frame   0x000000000000232c       0x20 /Users/owen/gcc-arm-none-eabi-4_8-2014q1/bin/../lib/gcc/arm-none-eabi/4.8.3/../../../../arm-none-eabi/lib/armv6-m/libg_s.a(lib_a-errno.o)
 .debug_frame   0x000000000000234c       0x40 /Users/owen/gcc-arm-none-eabi-4_8-2014q1/bin/../lib/gcc/arm-none-eabi/4.8.3/../../../../arm-none-eabi/lib/armv6-m/libg_s.a(lib_a-malloc.o)
 .debug_frame   0x000000000000238c       0x28 /Users/owen/gcc-arm-none-eabi-4_8-2014q1/bin/../lib/gcc/arm-none-eabi/4.8.3/../../../../arm-none-eabi/lib/armv6-m/libg_s.a(lib_a-memcpy-stub.o)
 .debug_frame   0x00000000000023b4       0x2c /Users/owen/gcc-arm-none-eabi-4_8-2014q1/bin/../lib/gcc/arm-none-eabi/4.8.3/../../../../arm-none-eabi/lib/armv6-m/libg_s.a(lib_a-nano-freer.o)
 .debug_frame   0x00000000000023e0       0x2c /Users/owen/gcc-arm-none-eabi-4_8-2014q1/bin/../lib/gcc/arm-none-eabi/4.8.3/../../../../arm-none-eabi/lib/armv6-m/libg_s.a(lib_a-nano-mallocr.o)
 .debug_frame   0x000000000000240c       0x28 /Users/owen/gcc-arm-none-eabi-4_8-2014q1/bin/../lib/gcc/arm-none-eabi/4.8.3/../../../../arm-none-eabi/lib/armv6-m/libg_s.a(lib_a-realloc.o)
 .debug_frame   0x0000000000002434       0x2c /Users/owen/gcc-arm-none-eabi-4_8-2014q1/bin/../lib/gcc/arm-none-eabi/4.8.3/../../../../arm-none-eabi/lib/armv6-m/libg_s.a(lib_a-sbrkr.o)
 .debug_frame   0x0000000000002460       0x20 /Users/owen/gcc-arm-none-eabi-4_8-2014q1/bin/../lib/gcc/arm-none-eabi/4.8.3/../../../../arm-none-eabi/lib/armv6-m/libg_s.a(lib_a-strcpy.o)
 .debug_frame   0x0000000000002480       0x20 /Users/owen/gcc-arm-none-eabi-4_8-2014q1/bin/../lib/gcc/arm-none-eabi/4.8.3/../../../../arm-none-eabi/lib/armv6-m/libg_s.a(lib_a-strlen.o)
 .debug_frame   0x00000000000024a0       0x28 /Users/owen/gcc-arm-none-eabi-4_8-2014q1/bin/../lib/gcc/arm-none-eabi/4.8.3/../../../../arm-none-eabi/lib/armv6-m/libg_s.a(lib_a-strncmp.o)
 .debug_frame   0x00000000000024c8       0x4c /Users/owen/gcc-arm-none-eabi-4_8-2014q1/bin/../lib/gcc/arm-none-eabi/4.8.3/../../../../arm-none-eabi/lib/armv6-m/libg_s.a(lib_a-vsnprintf.o)
 .debug_frame   0x0000000000002514       0x30 /Users/owen/gcc-arm-none-eabi-4_8-2014q1/bin/../lib/gcc/arm-none-eabi/4.8.3/../../../../arm-none-eabi/lib/armv6-m/libg_s.a(lib_a-nano-reallocr.o)
 .debug_frame   0x0000000000002544       0x74 /Users/owen/gcc-arm-none-eabi-4_8-2014q1/bin/../lib/gcc/arm-none-eabi/4.8.3/../../../../arm-none-eabi/lib/armv6-m/libg_s.a(lib_a-svfprintf.o)
 .debug_frame   0x00000000000025b8       0x54 /Users/owen/gcc-arm-none-eabi-4_8-2014q1/bin/../lib/gcc/arm-none-eabi/4.8.3/../../../../arm-none-eabi/lib/armv6-m/libg_s.a(lib_a-vfprintf_i.o)
 .debug_frame   0x000000000000260c       0x20 /Users/owen/gcc-arm-none-eabi-4_8-2014q1/bin/../lib/gcc/arm-none-eabi/4.8.3/../../../../arm-none-eabi/lib/armv6-m/libg_s.a(lib_a-memchr-stub.o)
 .debug_frame   0x000000000000262c       0x2c /Users/owen/gcc-arm-none-eabi-4_8-2014q1/bin/../lib/gcc/arm-none-eabi/4.8.3/../../../../arm-none-eabi/lib/armv6-m/libg_s.a(lib_a-memmove.o)
 .debug_frame   0x0000000000002658       0x20 /Users/owen/gcc-arm-none-eabi-4_8-2014q1/bin/../lib/gcc/arm-none-eabi/4.8.3/../../../../arm-none-eabi/lib/armv6-m/libg_s.a(lib_a-nano-msizer.o)

.debug_str      0x0000000000000000    0x490cd
 *(.debug_str)
 .debug_str     0x0000000000000000    0x3f06b ./system/src/stm32f0-stdperiph/stm32f0xx_adc.o
                                      0x3f218 (size before relaxing)
 .debug_str     0x000000000003f06b      0x270 ./system/src/stm32f0-stdperiph/stm32f0xx_gpio.o
                                      0x3f089 (size before relaxing)
 .debug_str     0x000000000003f2db      0x14d ./system/src/stm32f0-stdperiph/stm32f0xx_misc.o
                                      0x3eecd (size before relaxing)
 .debug_str     0x000000000003f428      0x618 ./system/src/stm32f0-stdperiph/stm32f0xx_rcc.o
                                      0x3f40f (size before relaxing)
 .debug_str     0x000000000003fa40      0x4fb ./system/src/stm32f0-stdperiph/stm32f0xx_spi.o
                                      0x3f3c6 (size before relaxing)
 .debug_str     0x000000000003ff3b      0x7fd ./system/src/stm32f0-stdperiph/stm32f0xx_usart.o
                                      0x3f6b7 (size before relaxing)
 .debug_str     0x0000000000040738     0x27fe ./system/src/newlib/_exit.o
                                       0x4ddc (size before relaxing)
 .debug_str     0x0000000000042f36      0x4de ./system/src/newlib/_sbrk.o
                                       0x4392 (size before relaxing)
 .debug_str     0x0000000000043414      0x24c ./system/src/newlib/_startup.o
                                       0x3e02 (size before relaxing)
 .debug_str     0x0000000000043660      0xe34 ./system/src/newlib/_syscalls.o
                                       0x5251 (size before relaxing)
 .debug_str     0x0000000000044494       0xd0 ./system/src/newlib/assert.o
                                       0x579f (size before relaxing)
 .debug_str     0x0000000000044564     0x1782 ./system/src/diag/Trace.o
                                       0x64c3 (size before relaxing)
 .debug_str     0x0000000000045ce6      0x378 ./system/src/diag/trace_impl.o
                                      0x40bf1 (size before relaxing)
 .debug_str     0x000000000004605e       0x38 ./system/src/cortexm/_initialize_hardware.o
                                      0x3ed54 (size before relaxing)
 .debug_str     0x0000000000046096       0xa1 ./system/src/cortexm/exception_handlers.o
                                       0x23d7 (size before relaxing)
 .debug_str     0x0000000000046137       0x7d ./system/src/cmsis/system_stm32f0xx.o
                                      0x3ee54 (size before relaxing)
 .debug_str     0x00000000000461b4       0x56 ./system/src/cmsis/vectors_stm32f0xx.o
                                       0x23ba (size before relaxing)
 .debug_str     0x000000000004620a     0x14fc ./src/OSC/OSCData.o
                                       0x66af (size before relaxing)
 .debug_str     0x0000000000047706      0x16b ./src/OSC/OSCMatch.o
                                       0x4b52 (size before relaxing)
 .debug_str     0x0000000000047871      0xad0 ./src/OSC/OSCMessage.o
                                       0x7171 (size before relaxing)
 .debug_str     0x0000000000048341       0xaa ./src/OSC/SLIPEncodedSerial.o
                                      0x3f07a (size before relaxing)
 .debug_str     0x00000000000483eb      0x25a ./src/BlinkLed.o
                                      0x3f165 (size before relaxing)
 .debug_str     0x0000000000048645      0x23c ./src/Timer.o
                                      0x3f043 (size before relaxing)
 .debug_str     0x0000000000048881      0x51c ./src/main.o
                                      0x4515e (size before relaxing)
 .debug_str     0x0000000000048d9d      0x216 ./src/spi.o
                                      0x3f2ae (size before relaxing)
 .debug_str     0x0000000000048fb3       0x9a ./src/ssd1306.o
                                      0x3f3a5 (size before relaxing)
 .debug_str     0x000000000004904d       0x80 ./src/uart.o
                                      0x3f559 (size before relaxing)

.debug_loc      0x0000000000000000     0x864e
 *(.debug_loc)
 .debug_loc     0x0000000000000000      0xa9c ./system/src/stm32f0-stdperiph/stm32f0xx_adc.o
 .debug_loc     0x0000000000000a9c      0x4e1 ./system/src/stm32f0-stdperiph/stm32f0xx_gpio.o
 .debug_loc     0x0000000000000f7d       0xeb ./system/src/stm32f0-stdperiph/stm32f0xx_misc.o
 .debug_loc     0x0000000000001068      0xc3f ./system/src/stm32f0-stdperiph/stm32f0xx_rcc.o
 .debug_loc     0x0000000000001ca7      0xbb9 ./system/src/stm32f0-stdperiph/stm32f0xx_spi.o
 .debug_loc     0x0000000000002860     0x13bf ./system/src/stm32f0-stdperiph/stm32f0xx_usart.o
 .debug_loc     0x0000000000003c1f       0x70 ./system/src/newlib/_sbrk.o
 .debug_loc     0x0000000000003c8f      0x265 ./system/src/newlib/_startup.o
 .debug_loc     0x0000000000003ef4      0x549 ./system/src/newlib/_syscalls.o
 .debug_loc     0x000000000000443d       0xf7 ./system/src/newlib/assert.o
 .debug_loc     0x0000000000004534       0xf7 ./system/src/diag/Trace.o
 .debug_loc     0x000000000000462b      0x1a6 ./system/src/diag/trace_impl.o
 .debug_loc     0x00000000000047d1       0xe2 ./system/src/cmsis/system_stm32f0xx.o
 .debug_loc     0x00000000000048b3      0x4c3 ./src/OSC/OSCData.o
 .debug_loc     0x0000000000004d76      0x67e ./src/OSC/OSCMatch.o
 .debug_loc     0x00000000000053f4     0x23e9 ./src/OSC/OSCMessage.o
 .debug_loc     0x00000000000077dd      0x34b ./src/OSC/SLIPEncodedSerial.o
 .debug_loc     0x0000000000007b28       0x59 ./src/Timer.o
 .debug_loc     0x0000000000007b81      0x5e4 ./src/main.o
 .debug_loc     0x0000000000008165      0x474 ./src/ssd1306.o
 .debug_loc     0x00000000000085d9       0x75 ./src/uart.o

.debug_macinfo
 *(.debug_macinfo)

.debug_weaknames
 *(.debug_weaknames)

.debug_funcnames
 *(.debug_funcnames)

.debug_typenames
 *(.debug_typenames)

.debug_varnames
 *(.debug_varnames)
OUTPUT(Mother_STM32F0.elf elf32-littlearm)

.debug_ranges   0x0000000000000000      0xc88
 .debug_ranges  0x0000000000000000       0xf8 ./system/src/stm32f0-stdperiph/stm32f0xx_adc.o
 .debug_ranges  0x00000000000000f8       0x70 ./system/src/stm32f0-stdperiph/stm32f0xx_gpio.o
 .debug_ranges  0x0000000000000168       0x20 ./system/src/stm32f0-stdperiph/stm32f0xx_misc.o
 .debug_ranges  0x0000000000000188      0x150 ./system/src/stm32f0-stdperiph/stm32f0xx_rcc.o
 .debug_ranges  0x00000000000002d8      0x100 ./system/src/stm32f0-stdperiph/stm32f0xx_spi.o
 .debug_ranges  0x00000000000003d8      0x190 ./system/src/stm32f0-stdperiph/stm32f0xx_usart.o
 .debug_ranges  0x0000000000000568       0x18 ./system/src/newlib/_exit.o
 .debug_ranges  0x0000000000000580       0x10 ./system/src/newlib/_sbrk.o
 .debug_ranges  0x0000000000000590       0x48 ./system/src/newlib/_startup.o
 .debug_ranges  0x00000000000005d8       0xc0 ./system/src/newlib/_syscalls.o
 .debug_ranges  0x0000000000000698       0x18 ./system/src/newlib/assert.o
 .debug_ranges  0x00000000000006b0       0x28 ./system/src/diag/Trace.o
 .debug_ranges  0x00000000000006d8       0x38 ./system/src/diag/trace_impl.o
 .debug_ranges  0x0000000000000710       0x10 ./system/src/cortexm/_initialize_hardware.o
 .debug_ranges  0x0000000000000720       0x38 ./system/src/cortexm/exception_handlers.o
 .debug_ranges  0x0000000000000758       0x20 ./system/src/cmsis/system_stm32f0xx.o
 .debug_ranges  0x0000000000000778       0x10 ./system/src/cmsis/vectors_stm32f0xx.o
 .debug_ranges  0x0000000000000788       0x98 ./src/OSC/OSCData.o
 .debug_ranges  0x0000000000000820       0x88 ./src/OSC/OSCMatch.o
 .debug_ranges  0x00000000000008a8      0x230 ./src/OSC/OSCMessage.o
 .debug_ranges  0x0000000000000ad8       0x80 ./src/OSC/SLIPEncodedSerial.o
 .debug_ranges  0x0000000000000b58       0x10 ./src/BlinkLed.o
 .debug_ranges  0x0000000000000b68       0x28 ./src/Timer.o
 .debug_ranges  0x0000000000000b90       0x38 ./src/main.o
 .debug_ranges  0x0000000000000bc8       0x18 ./src/spi.o
 .debug_ranges  0x0000000000000be0       0x70 ./src/ssd1306.o
 .debug_ranges  0x0000000000000c50       0x38 ./src/uart.o

.debug_macro    0x0000000000000000     0xf222
 .debug_macro   0x0000000000000000      0x180 ./system/src/stm32f0-stdperiph/stm32f0xx_adc.o
 .debug_macro   0x0000000000000180      0x832 ./system/src/stm32f0-stdperiph/stm32f0xx_adc.o
 .debug_macro   0x00000000000009b2       0x7a ./system/src/stm32f0-stdperiph/stm32f0xx_adc.o
 .debug_macro   0x0000000000000a2c       0x3a ./system/src/stm32f0-stdperiph/stm32f0xx_adc.o
 .debug_macro   0x0000000000000a66       0x16 ./system/src/stm32f0-stdperiph/stm32f0xx_adc.o
 .debug_macro   0x0000000000000a7c       0x44 ./system/src/stm32f0-stdperiph/stm32f0xx_adc.o
 .debug_macro   0x0000000000000ac0      0x209 ./system/src/stm32f0-stdperiph/stm32f0xx_adc.o
 .debug_macro   0x0000000000000cc9       0x1f ./system/src/stm32f0-stdperiph/stm32f0xx_adc.o
 .debug_macro   0x0000000000000ce8      0x242 ./system/src/stm32f0-stdperiph/stm32f0xx_adc.o
 .debug_macro   0x0000000000000f2a     0x5b9e ./system/src/stm32f0-stdperiph/stm32f0xx_adc.o
 .debug_macro   0x0000000000006ac8      0x3c9 ./system/src/stm32f0-stdperiph/stm32f0xx_adc.o
 .debug_macro   0x0000000000006e91      0x191 ./system/src/stm32f0-stdperiph/stm32f0xx_adc.o
 .debug_macro   0x0000000000007022       0x46 ./system/src/stm32f0-stdperiph/stm32f0xx_adc.o
 .debug_macro   0x0000000000007068       0xd9 ./system/src/stm32f0-stdperiph/stm32f0xx_adc.o
 .debug_macro   0x0000000000007141       0xef ./system/src/stm32f0-stdperiph/stm32f0xx_adc.o
 .debug_macro   0x0000000000007230      0x184 ./system/src/stm32f0-stdperiph/stm32f0xx_adc.o
 .debug_macro   0x00000000000073b4       0x7c ./system/src/stm32f0-stdperiph/stm32f0xx_adc.o
 .debug_macro   0x0000000000007430      0x295 ./system/src/stm32f0-stdperiph/stm32f0xx_adc.o
 .debug_macro   0x00000000000076c5       0xd7 ./system/src/stm32f0-stdperiph/stm32f0xx_adc.o
 .debug_macro   0x000000000000779c      0x23d ./system/src/stm32f0-stdperiph/stm32f0xx_adc.o
 .debug_macro   0x00000000000079d9      0x185 ./system/src/stm32f0-stdperiph/stm32f0xx_adc.o
 .debug_macro   0x0000000000007b5e      0x184 ./system/src/stm32f0-stdperiph/stm32f0xx_adc.o
 .debug_macro   0x0000000000007ce2      0x2a0 ./system/src/stm32f0-stdperiph/stm32f0xx_adc.o
 .debug_macro   0x0000000000007f82       0x70 ./system/src/stm32f0-stdperiph/stm32f0xx_adc.o
 .debug_macro   0x0000000000007ff2       0xdf ./system/src/stm32f0-stdperiph/stm32f0xx_adc.o
 .debug_macro   0x00000000000080d1      0x4e3 ./system/src/stm32f0-stdperiph/stm32f0xx_adc.o
 .debug_macro   0x00000000000085b4      0x4c5 ./system/src/stm32f0-stdperiph/stm32f0xx_adc.o
 .debug_macro   0x0000000000008a79      0x397 ./system/src/stm32f0-stdperiph/stm32f0xx_adc.o
 .debug_macro   0x0000000000008e10      0x750 ./system/src/stm32f0-stdperiph/stm32f0xx_adc.o
 .debug_macro   0x0000000000009560      0x353 ./system/src/stm32f0-stdperiph/stm32f0xx_adc.o
 .debug_macro   0x00000000000098b3       0x34 ./system/src/stm32f0-stdperiph/stm32f0xx_adc.o
 .debug_macro   0x00000000000098e7       0x3a ./system/src/stm32f0-stdperiph/stm32f0xx_adc.o
 .debug_macro   0x0000000000009921      0x2ec ./system/src/stm32f0-stdperiph/stm32f0xx_adc.o
 .debug_macro   0x0000000000009c0d      0x174 ./system/src/stm32f0-stdperiph/stm32f0xx_gpio.o
 .debug_macro   0x0000000000009d81      0x3cf ./system/src/stm32f0-stdperiph/stm32f0xx_gpio.o
 .debug_macro   0x000000000000a150      0x17f ./system/src/stm32f0-stdperiph/stm32f0xx_gpio.o
 .debug_macro   0x000000000000a2cf      0x174 ./system/src/stm32f0-stdperiph/stm32f0xx_misc.o
 .debug_macro   0x000000000000a443       0x34 ./system/src/stm32f0-stdperiph/stm32f0xx_misc.o
 .debug_macro   0x000000000000a477      0x192 ./system/src/stm32f0-stdperiph/stm32f0xx_rcc.o
 .debug_macro   0x000000000000a609      0x4dd ./system/src/stm32f0-stdperiph/stm32f0xx_rcc.o
 .debug_macro   0x000000000000aae6      0x18c ./system/src/stm32f0-stdperiph/stm32f0xx_spi.o
 .debug_macro   0x000000000000ac72      0x391 ./system/src/stm32f0-stdperiph/stm32f0xx_spi.o
 .debug_macro   0x000000000000b003      0x18c ./system/src/stm32f0-stdperiph/stm32f0xx_usart.o
 .debug_macro   0x000000000000b18f      0x34d ./system/src/stm32f0-stdperiph/stm32f0xx_usart.o
 .debug_macro   0x000000000000b4dc      0x11b ./system/src/newlib/_exit.o
 .debug_macro   0x000000000000b5f7       0xa3 ./system/src/newlib/_exit.o
 .debug_macro   0x000000000000b69a      0x10e ./system/src/newlib/_exit.o
 .debug_macro   0x000000000000b7a8       0x86 ./system/src/newlib/_exit.o
 .debug_macro   0x000000000000b82e       0x43 ./system/src/newlib/_exit.o
 .debug_macro   0x000000000000b871       0x10 ./system/src/newlib/_exit.o
 .debug_macro   0x000000000000b881       0x35 ./system/src/newlib/_exit.o
 .debug_macro   0x000000000000b8b6       0xd1 ./system/src/newlib/_sbrk.o
 .debug_macro   0x000000000000b987       0x19 ./system/src/newlib/_sbrk.o
 .debug_macro   0x000000000000b9a0      0x16d ./system/src/newlib/_sbrk.o
 .debug_macro   0x000000000000bb0d       0x10 ./system/src/newlib/_sbrk.o
 .debug_macro   0x000000000000bb1d      0x23b ./system/src/newlib/_sbrk.o
 .debug_macro   0x000000000000bd58       0xe7 ./system/src/newlib/_startup.o
 .debug_macro   0x000000000000be3f      0x169 ./system/src/newlib/_syscalls.o
 .debug_macro   0x000000000000bfa8       0x1c ./system/src/newlib/_syscalls.o
 .debug_macro   0x000000000000bfc4       0x10 ./system/src/newlib/_syscalls.o
 .debug_macro   0x000000000000bfd4       0x10 ./system/src/newlib/_syscalls.o
 .debug_macro   0x000000000000bfe4       0x10 ./system/src/newlib/_syscalls.o
 .debug_macro   0x000000000000bff4       0x35 ./system/src/newlib/_syscalls.o
 .debug_macro   0x000000000000c029      0x120 ./system/src/newlib/_syscalls.o
 .debug_macro   0x000000000000c149       0x22 ./system/src/newlib/_syscalls.o
 .debug_macro   0x000000000000c16b       0x2b ./system/src/newlib/_syscalls.o
 .debug_macro   0x000000000000c196      0x118 ./system/src/newlib/_syscalls.o
 .debug_macro   0x000000000000c2ae      0x13a ./system/src/newlib/_syscalls.o
 .debug_macro   0x000000000000c3e8       0x16 ./system/src/newlib/_syscalls.o
 .debug_macro   0x000000000000c3fe      0x137 ./system/src/newlib/assert.o
 .debug_macro   0x000000000000c535       0x1c ./system/src/newlib/assert.o
 .debug_macro   0x000000000000c551      0x20f ./system/src/newlib/assert.o
 .debug_macro   0x000000000000c760      0x15a ./system/src/diag/Trace.o
 .debug_macro   0x000000000000c8ba       0x16 ./system/src/diag/Trace.o
 .debug_macro   0x000000000000c8d0       0x97 ./system/src/diag/Trace.o
 .debug_macro   0x000000000000c967       0x10 ./system/src/diag/Trace.o
 .debug_macro   0x000000000000c977       0xf6 ./system/src/diag/Trace.o
 .debug_macro   0x000000000000ca6d       0x16 ./system/src/diag/Trace.o
 .debug_macro   0x000000000000ca83      0x16c ./system/src/diag/Trace.o
 .debug_macro   0x000000000000cbef       0x52 ./system/src/diag/Trace.o
 .debug_macro   0x000000000000cc41      0x283 ./system/src/diag/Trace.o
 .debug_macro   0x000000000000cec4       0x10 ./system/src/diag/Trace.o
 .debug_macro   0x000000000000ced4       0x1f ./system/src/diag/Trace.o
 .debug_macro   0x000000000000cef3      0x238 ./system/src/diag/trace_impl.o
 .debug_macro   0x000000000000d12b       0x22 ./system/src/diag/trace_impl.o
 .debug_macro   0x000000000000d14d      0x174 ./system/src/cortexm/_initialize_hardware.o
 .debug_macro   0x000000000000d2c1       0x1b ./system/src/cortexm/exception_handlers.o
 .debug_macro   0x000000000000d2dc      0x16a ./system/src/cmsis/system_stm32f0xx.o
 .debug_macro   0x000000000000d446       0x1b ./system/src/cmsis/vectors_stm32f0xx.o
 .debug_macro   0x000000000000d461      0x147 ./src/OSC/OSCData.o
 .debug_macro   0x000000000000d5a8       0x1c ./src/OSC/OSCData.o
 .debug_macro   0x000000000000d5c4       0x10 ./src/OSC/OSCData.o
 .debug_macro   0x000000000000d5d4      0x452 ./src/OSC/OSCData.o
 .debug_macro   0x000000000000da26      0x2ad ./src/OSC/OSCData.o
 .debug_macro   0x000000000000dcd3       0xe5 ./src/OSC/OSCMatch.o
 .debug_macro   0x000000000000ddb8       0x16 ./src/OSC/OSCMatch.o
 .debug_macro   0x000000000000ddce      0x16b ./src/OSC/OSCMessage.o
 .debug_macro   0x000000000000df39      0x182 ./src/OSC/SLIPEncodedSerial.o
 .debug_macro   0x000000000000e0bb      0x242 ./src/OSC/SLIPEncodedSerial.o
 .debug_macro   0x000000000000e2fd      0x179 ./src/BlinkLed.o
 .debug_macro   0x000000000000e476       0x4c ./src/BlinkLed.o
 .debug_macro   0x000000000000e4c2      0x18e ./src/Timer.o
 .debug_macro   0x000000000000e650      0x348 ./src/main.o
 .debug_macro   0x000000000000e998       0x97 ./src/main.o
 .debug_macro   0x000000000000ea2f       0xfd ./src/main.o
 .debug_macro   0x000000000000eb2c       0x52 ./src/main.o
 .debug_macro   0x000000000000eb7e       0xa6 ./src/main.o
 .debug_macro   0x000000000000ec24      0x179 ./src/spi.o
 .debug_macro   0x000000000000ed9d       0x5e ./src/spi.o
 .debug_macro   0x000000000000edfb      0x1a0 ./src/ssd1306.o
 .debug_macro   0x000000000000ef9b       0xa0 ./src/ssd1306.o
 .debug_macro   0x000000000000f03b       0x64 ./src/ssd1306.o
 .debug_macro   0x000000000000f09f      0x183 ./src/uart.o
